 GigeCameraDemo

 Timestamp is 5bc34995 (Sun Oct 14 21:50:13 2018)

 Preferred load address is 0000000140000000

 Start         Length     Name                   Class
 0001:00000000 00022296H .text                   CODE
 0001:000222a0 00002d27H .text$x                 CODE
 0001:00024fd0 000018bcH .text$yc                CODE
 0001:00026890 000010d5H .text$yd                CODE
 0002:00000000 00000109H .CRT$XCA                DATA
 0002:00000110 00000109H .CRT$XCAA               DATA
 0002:00000220 0000011cH .CRT$XCC                DATA
 0002:00000340 00000220H .CRT$XCL                DATA
 0002:00000560 0000013fH .CRT$XCU                DATA
 0002:000006a0 00000109H .CRT$XCZ                DATA
 0002:000007b0 00000109H .CRT$XIA                DATA
 0002:000008c0 00000109H .CRT$XIAA               DATA
 0002:000009d0 00000109H .CRT$XIY                DATA
 0002:00000ae0 00000109H .CRT$XIZ                DATA
 0002:00000bf0 00009122H .rdata                  DATA
 0002:00009d14 00000190H .rdata$debug            DATA
 0002:00009ea8 00001128H .rdata$r                DATA
 0002:0000afd0 00000109H .rtc$IAA                DATA
 0002:0000b0e0 00000109H .rtc$IZZ                DATA
 0002:0000b1f0 00000109H .rtc$TAA                DATA
 0002:0000b300 00000109H .rtc$TZZ                DATA
 0002:0000b410 00002bdaH .xdata                  DATA
 0002:0000dff0 00000164H .xdata$x                DATA
 0002:0000e158 00000109H ATL$__a                 DATA
 0002:0000e268 00000109H ATL$__z                 DATA
 0002:0000e371 00000000H .edata                  DATA
 0003:00000000 00000744H .data                   DATA
 0003:00000750 345272b0H .bss                    DATA
 0004:00000000 00001e78H .pdata                  DATA
 0005:00000000 0000012cH .idata$2                DATA
 0005:0000012c 00000014H .idata$3                DATA
 0005:00000140 000024b8H .idata$4                DATA
 0005:000025f8 000024b8H .idata$5                DATA
 0005:00004ab0 00004a1fH .idata$6                DATA
 0006:00000000 00001253H .rsrc$01                DATA
 0006:00001260 000ca613H .rsrc$02                DATA

  Address         Publics by Value              Rva+Base               Lib:Object

 0000:00000000       ___safe_se_handler_count   0000000000000000     <absolute>
 0000:00000000       ___safe_se_handler_table   0000000000000000     <absolute>
 0000:00000000       __ImageBase                0000000140000000     <linker-defined>
 0001:00000a10       ?_AfxInitManaged@@YAHXZ    0000000140001a10 f i GigeCameraDemo.obj
 0001:00000a20       ??_H@YAXPEAX_KHP6APEAX0@Z@Z 0000000140001a20 f i GigeCameraDemo.obj
 0001:00000a90       ?GetMessageMap@CGigeCameraDemoApp@@MEBAPEBUAFX_MSGMAP@@XZ 0000000140001a90 f   GigeCameraDemo.obj
 0001:00000ab0       ?GetThisMessageMap@CGigeCameraDemoApp@@KAPEBUAFX_MSGMAP@@XZ 0000000140001ab0 f   GigeCameraDemo.obj
 0001:00000ac0       ??0CGigeCameraDemoApp@@QEAA@XZ 0000000140001ac0 f   GigeCameraDemo.obj
 0001:00000b00       ?InitInstance@CGigeCameraDemoApp@@UEAAHXZ 0000000140001b00 f   GigeCameraDemo.obj
 0001:00000d50       ?SupportsRestartManager@CWinApp@@UEBAHXZ 0000000140001d50 f i GigeCameraDemo.obj
 0001:00000d70       ?SupportsApplicationRecovery@CWinApp@@UEBAHXZ 0000000140001d70 f i GigeCameraDemo.obj
 0001:00000d90       ?SupportsAutosaveAtRestart@CWinApp@@UEBAHXZ 0000000140001d90 f i GigeCameraDemo.obj
 0001:00000db0       ?SupportsAutosaveAtInterval@CWinApp@@UEBAHXZ 0000000140001db0 f i GigeCameraDemo.obj
 0001:00000dd0       ?ReopenPreviousFilesAtRestart@CWinApp@@UEBAHXZ 0000000140001dd0 f i GigeCameraDemo.obj
 0001:00000df0       ?RestoreAutosavedFilesAtRestart@CWinApp@@UEBAHXZ 0000000140001df0 f i GigeCameraDemo.obj
 0001:00000e10       ?GetApplicationRestartFlags@CWinApp@@UEAAKXZ 0000000140001e10 f i GigeCameraDemo.obj
 0001:00000e20       ?GetApplicationRecoveryParameter@CWinApp@@UEAAPEAXXZ 0000000140001e20 f i GigeCameraDemo.obj
 0001:00000e30       ?GetApplicationRecoveryPingInterval@CWinApp@@UEAAKXZ 0000000140001e30 f i GigeCameraDemo.obj
 0001:00000e40       ??_GCGigeCameraDemoApp@@UEAAPEAXI@Z 0000000140001e40 f i GigeCameraDemo.obj
 0001:00000e40       ??_ECGigeCameraDemoApp@@UEAAPEAXI@Z 0000000140001e40 f i GigeCameraDemo.obj
 0001:00000e90       ??1CGigeCameraDemoApp@@UEAA@XZ 0000000140001e90 f i GigeCameraDemo.obj
 0001:00000eb0       ??1CGigeCameraDemoDlg@@UEAA@XZ 0000000140001eb0 f i GigeCameraDemo.obj
 0001:000011c0       ??0Thank_you@Define_the_symbol__ATL_MIXED@@QEAA@XZ 00000001400021c0 f i GigeCameraDemo.obj
 0001:000011e0       ?one@Thank_you@Define_the_symbol__ATL_MIXED@@UEAAXXZ 00000001400021e0 f i GigeCameraDemo.obj
 0001:000011f0       ??0CAboutDlg@@QEAA@XZ      00000001400021f0 f   GigeCameraDemoDlg.obj
 0001:00001230       ?DoDataExchange@CAboutDlg@@MEAAXPEAVCDataExchange@@@Z 0000000140002230 f   GigeCameraDemoDlg.obj
 0001:00001260       ?GetMessageMap@CAboutDlg@@MEBAPEBUAFX_MSGMAP@@XZ 0000000140002260 f   GigeCameraDemoDlg.obj
 0001:00001280       ?GetThisMessageMap@CAboutDlg@@KAPEBUAFX_MSGMAP@@XZ 0000000140002280 f   GigeCameraDemoDlg.obj
 0001:00001290       ??0CGigeCameraDemoDlg@@QEAA@PEAVCWnd@@@Z 0000000140002290 f   GigeCameraDemoDlg.obj
 0001:00001c80       ?DoDataExchange@CGigeCameraDemoDlg@@MEAAXPEAVCDataExchange@@@Z 0000000140002c80 f   GigeCameraDemoDlg.obj
 0001:00001d00       ?GetMessageMap@CGigeCameraDemoDlg@@MEBAPEBUAFX_MSGMAP@@XZ 0000000140002d00 f   GigeCameraDemoDlg.obj
 0001:00001d20       ?GetThisMessageMap@CGigeCameraDemoDlg@@KAPEBUAFX_MSGMAP@@XZ 0000000140002d20 f   GigeCameraDemoDlg.obj
 0001:00001d30       ?onShowTask@CGigeCameraDemoDlg@@IEAA_J_K_J@Z 0000000140002d30 f   GigeCameraDemoDlg.obj
 0001:00001e80       ?PushImageToMyBuffer@@YA_NQEAUtag_BuffNode@@PEADHHHHH@Z 0000000140002e80 f   GigeCameraDemoDlg.obj
 0001:00001ea0       ?PushImageToMyBuffer_1@@YA_NQEAUtag_BuffNode@@PEADHHHHH@Z 0000000140002ea0 f   GigeCameraDemoDlg.obj
 0001:00002080       ?PushImageToMyBuffer_2@@YA_NQEAUtag_BuffNode@@PEADHHHHH@Z 0000000140003080 f   GigeCameraDemoDlg.obj
 0001:00002260       ?CreateFile2@@YAHV?$CStringT@DV?$StrTraitMFC_DLL@DV?$ChTraitsCRT@D@ATL@@@@@ATL@@0H@Z 0000000140003260 f   GigeCameraDemoDlg.obj
 0001:00002360       ?SaveImageData@@YAKPEAX@Z  0000000140003360 f   GigeCameraDemoDlg.obj
 0001:00002390       ?SaveImageData_1@@YAKPEAX@Z 0000000140003390 f   GigeCameraDemoDlg.obj
 0001:000026a0       ?SaveImageData_2@@YAKPEAX@Z 00000001400036a0 f   GigeCameraDemoDlg.obj
 0001:000029b0       ?XferCallback_1@CGigeCameraDemoDlg@@SAXPEAVSapXferCallbackInfo@@@Z 00000001400039b0 f   GigeCameraDemoDlg.obj
 0001:00002e70       ?XferCallback_2@CGigeCameraDemoDlg@@SAXPEAVSapXferCallbackInfo@@@Z 0000000140003e70 f   GigeCameraDemoDlg.obj
 0001:000032f0       ?PixelChanged@CGigeCameraDemoDlg@@UEAAXHH@Z 00000001400042f0 f   GigeCameraDemoDlg.obj
 0001:000034b0       ?GetPathUseSpace@@YA_KPEBD@Z 00000001400044b0 f   GigeCameraDemoDlg.obj
 0001:00003550       ?GetDirFileCount@@YA_KV?$CStringT@DV?$StrTraitMFC_DLL@DV?$ChTraitsCRT@D@ATL@@@@@ATL@@@Z 0000000140004550 f   GigeCameraDemoDlg.obj
 0001:00003650       ?ReadFreeSpace@@YANV?$CStringT@DV?$StrTraitMFC_DLL@DV?$ChTraitsCRT@D@ATL@@@@@ATL@@@Z 0000000140004650 f   GigeCameraDemoDlg.obj
 0001:000037a0       ?OnReceiveData@CGigeCameraDemoDlg@@IEAA_J_K_J@Z 00000001400047a0 f   GigeCameraDemoDlg.obj
 0001:00003b70       ?us_Delay@@YAXK@Z          0000000140004b70 f   GigeCameraDemoDlg.obj
 0001:00003c00       ?CheckMessageQueue@@YAHXZ  0000000140004c00 f   GigeCameraDemoDlg.obj
 0001:00003c60       ?delay_time@@YAXK@Z        0000000140004c60 f   GigeCameraDemoDlg.obj
 0001:00003d00       ?OnInitDialog@CGigeCameraDemoDlg@@MEAAHXZ 0000000140004d00 f   GigeCameraDemoDlg.obj
 0001:000053a0       ?IsUserAdmin@CGigeCameraDemoDlg@@QEAAHXZ 00000001400063a0 f   GigeCameraDemoDlg.obj
 0001:000053f0       ?CreateObjects_1@CGigeCameraDemoDlg@@QEAAHXZ 00000001400063f0 f   GigeCameraDemoDlg.obj
 0001:00005670       ?CreateObjects_2@CGigeCameraDemoDlg@@QEAAHXZ 0000000140006670 f   GigeCameraDemoDlg.obj
 0001:000058f0       ?DestroyObjects_1@CGigeCameraDemoDlg@@QEAAHXZ 00000001400068f0 f   GigeCameraDemoDlg.obj
 0001:00005a20       ?DestroyObjects_2@CGigeCameraDemoDlg@@QEAAHXZ 0000000140006a20 f   GigeCameraDemoDlg.obj
 0001:00005b50       ?OnSysCommand@CGigeCameraDemoDlg@@IEAAXI_J@Z 0000000140006b50 f   GigeCameraDemoDlg.obj
 0001:00005bd0       ?OnPaint@CGigeCameraDemoDlg@@IEAAXXZ 0000000140006bd0 f   GigeCameraDemoDlg.obj
 0001:00005d50       ?OnDestroy@CGigeCameraDemoDlg@@IEAAXXZ 0000000140006d50 f   GigeCameraDemoDlg.obj
 0001:00006220       ?OnSize@CGigeCameraDemoDlg@@IEAAXIHH@Z 0000000140007220 f   GigeCameraDemoDlg.obj
 0001:00006260       ?OnQueryDragIcon@CGigeCameraDemoDlg@@IEAAPEAUHICON__@@XZ 0000000140007260 f   GigeCameraDemoDlg.obj
 0001:00006280       ?OnEndSession@CGigeCameraDemoDlg@@IEAAXH@Z 0000000140007280 f   GigeCameraDemoDlg.obj
 0001:000062c0       ?OnQueryEndSession@CGigeCameraDemoDlg@@IEAAHXZ 00000001400072c0 f   GigeCameraDemoDlg.obj
 0001:000062f0       ?UpdateMenu@CGigeCameraDemoDlg@@QEAAXXZ 00000001400072f0 f   GigeCameraDemoDlg.obj
 0001:00006450       ?DoEvents@@YA_NXZ          0000000140007450 f   GigeCameraDemoDlg.obj
 0001:000064e0       ?OnTest@CGigeCameraDemoDlg@@IEAAXXZ 00000001400074e0 f   GigeCameraDemoDlg.obj
 0001:000065c0       ?ReadParamFromIniFile@CGigeCameraDemoDlg@@QEAA_NXZ 00000001400075c0 f   GigeCameraDemoDlg.obj
 0001:00006b90       ?WriteParamFileIniFile@CGigeCameraDemoDlg@@QEAA_NXZ 0000000140007b90 f   GigeCameraDemoDlg.obj
 0001:00006c20       ?OnMainitemShow@CGigeCameraDemoDlg@@QEAAXXZ 0000000140007c20 f   GigeCameraDemoDlg.obj
 0001:00006c50       ?OnMainitemHide@CGigeCameraDemoDlg@@QEAAXXZ 0000000140007c50 f   GigeCameraDemoDlg.obj
 0001:00006c70       ?OnMainitemExit@CGigeCameraDemoDlg@@QEAAXXZ 0000000140007c70 f   GigeCameraDemoDlg.obj
 0001:00006ca0       ?FitToWindow@CGigeCameraDemoDlg@@QEAAXPEAVSapView@@@Z 0000000140007ca0 f   GigeCameraDemoDlg.obj
 0001:00006f20       ?OnGrab@CGigeCameraDemoDlg@@IEAAXXZ 0000000140007f20 f   GigeCameraDemoDlg.obj
 0001:000072e0       ?OnFreeze@CGigeCameraDemoDlg@@IEAAXXZ 00000001400082e0 f   GigeCameraDemoDlg.obj
 0001:00007570       ?OnNcPaint@CGigeCameraDemoDlg@@QEAAXXZ 0000000140008570 f   GigeCameraDemoDlg.obj
 0001:00007590       ?OnTimer@CGigeCameraDemoDlg@@QEAAX_K@Z 0000000140008590 f   GigeCameraDemoDlg.obj
 0001:00007c80       ?OnMainitemTest@CGigeCameraDemoDlg@@QEAAXXZ 0000000140008c80 f   GigeCameraDemoDlg.obj
 0001:00007ca0       ?OnBnClickedReturn@CGigeCameraDemoDlg@@QEAAXXZ 0000000140008ca0 f   GigeCameraDemoDlg.obj
 0001:00007de0       ?ImageFrom_IDResource@CGigeCameraDemoDlg@@QEAAXIPEBDPEAVCImage@ATL@@@Z 0000000140008de0 f   GigeCameraDemoDlg.obj
 0001:00007f00       ?RefreshUI@CGigeCameraDemoDlg@@QEAAXXZ 0000000140008f00 f   GigeCameraDemoDlg.obj
 0001:00008d30       ?OnLButtonDown@CGigeCameraDemoDlg@@QEAAXIVCPoint@@@Z 0000000140009d30 f   GigeCameraDemoDlg.obj
 0001:00009be0       ?OnEraseBkgnd@CGigeCameraDemoDlg@@QEAAHPEAVCDC@@@Z 000000014000abe0 f   GigeCameraDemoDlg.obj
 0001:00009c30       ?WritePosInfo@CGigeCameraDemoDlg@@QEAAXV?$CStringT@DV?$StrTraitMFC_DLL@DV?$ChTraitsCRT@D@ATL@@@@@ATL@@@Z 000000014000ac30 f   GigeCameraDemoDlg.obj
 0001:00009ee0       ?SetUI@CGigeCameraDemoDlg@@QEAAXXZ 000000014000aee0 f   GigeCameraDemoDlg.obj
 0001:0000a500       ?OnCreate@CGigeCameraDemoDlg@@QEAAHPEAUtagCREATESTRUCTA@@@Z 000000014000b500 f   GigeCameraDemoDlg.obj
 0001:0000a540       ?HideCursor@CGigeCameraDemoDlg@@QEAAXXZ 000000014000b540 f   GigeCameraDemoDlg.obj
 0001:0000ca60       ??_GCAboutDlg@@UEAAPEAXI@Z 000000014000da60 f i GigeCameraDemoDlg.obj
 0001:0000ca60       ??_ECAboutDlg@@UEAAPEAXI@Z 000000014000da60 f i GigeCameraDemoDlg.obj
 0001:0000cab0       ??1CAboutDlg@@UEAA@XZ      000000014000dab0 f i GigeCameraDemoDlg.obj
 0001:0000cad0       ??_GCGigeCameraDemoDlg@@UEAAPEAXI@Z 000000014000dad0 f i GigeCameraDemoDlg.obj
 0001:0000cad0       ??_ECGigeCameraDemoDlg@@UEAAPEAXI@Z 000000014000dad0 f i GigeCameraDemoDlg.obj
 0001:0000cb20       ??_GSapAcqDeviceToBuf@@UEAAPEAXI@Z 000000014000db20 f i GigeCameraDemoDlg.obj
 0001:0000cb20       ??_ESapAcqDeviceToBuf@@UEAAPEAXI@Z 000000014000db20 f i GigeCameraDemoDlg.obj
 0001:0000cb70       ??_GSapAcqDevice@@UEAAPEAXI@Z 000000014000db70 f i GigeCameraDemoDlg.obj
 0001:0000cb70       ??_ESapAcqDevice@@UEAAPEAXI@Z 000000014000db70 f i GigeCameraDemoDlg.obj
 0001:0000cbc0       ??_ESapBufferWithTrash@@UEAAPEAXI@Z 000000014000dbc0 f i GigeCameraDemoDlg.obj
 0001:0000cbc0       ??_GSapBufferWithTrash@@UEAAPEAXI@Z 000000014000dbc0 f i GigeCameraDemoDlg.obj
 0001:0000cc10       ??_ESapView@@UEAAPEAXI@Z   000000014000dc10 f i GigeCameraDemoDlg.obj
 0001:0000cc10       ??_GSapView@@UEAAPEAXI@Z   000000014000dc10 f i GigeCameraDemoDlg.obj
 0001:0000cc60       ?floor@@YAMM@Z             000000014000dc60 f i GigeCameraDemoDlg.obj
 0001:0000cc90       ?UnlockResource@@YAHPEAX@Z 000000014000dc90 f i GigeCameraDemoDlg.obj
 0001:0000cca0       ?Load@CImage@ATL@@QEAAJPEAUIStream@@@Z 000000014000dca0 f i GigeCameraDemoDlg.obj
 0001:0000cd40       ?GetLastStatus@Image@Gdiplus@@QEBA?AW4Status@2@XZ 000000014000dd40 f i GigeCameraDemoDlg.obj
 0001:0000cd80       ??1Bitmap@Gdiplus@@UEAA@XZ 000000014000dd80 f i GigeCameraDemoDlg.obj
 0001:0000cda0       ??1Image@Gdiplus@@UEAA@XZ  000000014000dda0 f i GigeCameraDemoDlg.obj
 0001:0000cde0       ??_GImage@Gdiplus@@UEAAPEAXI@Z 000000014000dde0 f i GigeCameraDemoDlg.obj
 0001:0000cde0       ??_EImage@Gdiplus@@UEAAPEAXI@Z 000000014000dde0 f i GigeCameraDemoDlg.obj
 0001:0000ce30       ??3GdiplusBase@Gdiplus@@SAXPEAX@Z 000000014000de30 f i GigeCameraDemoDlg.obj
 0001:0000ce50       ?Clone@Image@Gdiplus@@UEAAPEAV12@XZ 000000014000de50 f i GigeCameraDemoDlg.obj
 0001:0000cf00       ??2GdiplusBase@Gdiplus@@SAPEAX_K@Z 000000014000df00 f i GigeCameraDemoDlg.obj
 0001:0000cf20       ?SetStatus@Image@Gdiplus@@IEBA?AW4Status@2@W432@@Z 000000014000df20 f i GigeCameraDemoDlg.obj
 0001:0000cf60       ??0Image@Gdiplus@@IEAA@PEAVGpImage@1@W4Status@1@@Z 000000014000df60 f i GigeCameraDemoDlg.obj
 0001:0000cfc0       ?SetNativeImage@Image@Gdiplus@@IEAAXPEAVGpImage@2@@Z 000000014000dfc0 f i GigeCameraDemoDlg.obj
 0001:0000cfe0       ??0Bitmap@Gdiplus@@QEAA@PEAUIStream@@H@Z 000000014000dfe0 f i GigeCameraDemoDlg.obj
 0001:0000d0a0       ??0Image@Gdiplus@@IEAA@XZ  000000014000e0a0 f i GigeCameraDemoDlg.obj
 0001:0000d0c0       ??_EBitmap@Gdiplus@@UEAAPEAXI@Z 000000014000e0c0 f i GigeCameraDemoDlg.obj
 0001:0000d0c0       ??_GBitmap@Gdiplus@@UEAAPEAXI@Z 000000014000e0c0 f i GigeCameraDemoDlg.obj
 0001:0000d110       ?CreateFromGdiplusBitmap@CImage@ATL@@AEAAJAEAVBitmap@Gdiplus@@@Z 000000014000e110 f i GigeCameraDemoDlg.obj
 0001:0000d810       ?_AtlVerifyStackAvailable@_ATL_SAFE_ALLOCA_IMPL@ATL@@YA_N_K@Z 000000014000e810 f i GigeCameraDemoDlg.obj
 0001:0000d920       ?memcpy_s@Checked@ATL@@YAXPEAX_KPEBX1@Z 000000014000e920 f i GigeCameraDemoDlg.obj
 0001:0000d970       ?AfxCrtErrorCheck@@YAHH@Z  000000014000e970 f i GigeCameraDemoDlg.obj
 0001:0000d9e0       ??0Rect@Gdiplus@@QEAA@HHHH@Z 000000014000e9e0 f i GigeCameraDemoDlg.obj
 0001:0000da40       ?GetPixelFormatSize@Gdiplus@@YAIH@Z 000000014000ea40 f i GigeCameraDemoDlg.obj
 0001:0000da60       ?IsIndexedPixelFormat@Gdiplus@@YAHH@Z 000000014000ea60 f i GigeCameraDemoDlg.obj
 0001:0000daa0       ?IsAlphaPixelFormat@Gdiplus@@YAHH@Z 000000014000eaa0 f i GigeCameraDemoDlg.obj
 0001:0000dae0       ??0Graphics@Gdiplus@@QEAA@PEAVImage@1@@Z 000000014000eae0 f i GigeCameraDemoDlg.obj
 0001:0000db50       ??1Graphics@Gdiplus@@QEAA@XZ 000000014000eb50 f i GigeCameraDemoDlg.obj
 0001:0000db80       ?DrawImage@Graphics@Gdiplus@@QEAA?AW4Status@2@PEAVImage@2@HH@Z 000000014000eb80 f i GigeCameraDemoDlg.obj
 0001:0000dc00       ?SetNativeGraphics@Graphics@Gdiplus@@IEAAXPEAVGpGraphics@2@@Z 000000014000ec00 f i GigeCameraDemoDlg.obj
 0001:0000dc20       ?SetStatus@Graphics@Gdiplus@@IEBA?AW4Status@2@W432@@Z 000000014000ec20 f i GigeCameraDemoDlg.obj
 0001:0000dc60       ?GetWidth@Image@Gdiplus@@QEAAIXZ 000000014000ec60 f i GigeCameraDemoDlg.obj
 0001:0000dcb0       ?GetHeight@Image@Gdiplus@@QEAAIXZ 000000014000ecb0 f i GigeCameraDemoDlg.obj
 0001:0000dd00       ?GetPixelFormat@Image@Gdiplus@@QEAAHXZ 000000014000ed00 f i GigeCameraDemoDlg.obj
 0001:0000dd40       ?GetPaletteSize@Image@Gdiplus@@QEAAHXZ 000000014000ed40 f i GigeCameraDemoDlg.obj
 0001:0000dd90       ?GetPalette@Image@Gdiplus@@QEAA?AW4Status@2@PEAUColorPalette@2@H@Z 000000014000ed90 f i GigeCameraDemoDlg.obj
 0001:0000dde0       ??0Bitmap@Gdiplus@@QEAA@HHHHPEAE@Z 000000014000ede0 f i GigeCameraDemoDlg.obj
 0001:0000dea0       ?LockBits@Bitmap@Gdiplus@@QEAA?AW4Status@2@PEBVRect@2@IHPEAVBitmapData@2@@Z 000000014000eea0 f i GigeCameraDemoDlg.obj
 0001:0000df10       ?UnlockBits@Bitmap@Gdiplus@@QEAA?AW4Status@2@PEAVBitmapData@2@@Z 000000014000ef10 f i GigeCameraDemoDlg.obj
 0001:0000df50       ?Create@CImage@ATL@@QEAAHHHHK@Z 000000014000ef50 f i GigeCameraDemoDlg.obj
 0001:0000dfb0       ?CreateEx@CImage@ATL@@QEAAHHHHKPEBKK@Z 000000014000efb0 f i GigeCameraDemoDlg.obj
 0001:0000e350       ?Attach@CImage@ATL@@QEAAXPEAUHBITMAP__@@W4DIBOrientation@12@@Z 000000014000f350 f i GigeCameraDemoDlg.obj
 0001:0000e430       ?GetBits@CImage@ATL@@QEAAPEAXXZ 000000014000f430 f i GigeCameraDemoDlg.obj
 0001:0000e500       ?GetHeight@CImage@ATL@@QEBAHXZ 000000014000f500 f i GigeCameraDemoDlg.obj
 0001:0000e580       ?GetPitch@CImage@ATL@@QEBAHXZ 000000014000f580 f i GigeCameraDemoDlg.obj
 0001:0000e650       ?GetWidth@CImage@ATL@@QEBAHXZ 000000014000f650 f i GigeCameraDemoDlg.obj
 0001:0000e6d0       ?IsDIBSection@CImage@ATL@@QEBA_NXZ 000000014000f6d0 f i GigeCameraDemoDlg.obj
 0001:0000e6f0       ?SetColorTable@CImage@ATL@@QEAAXIIPEBUtagRGBQUAD@@@Z 000000014000f6f0 f i GigeCameraDemoDlg.obj
 0001:0000e850       ?GetDC@CImage@ATL@@QEBAPEAUHDC__@@XZ 000000014000f850 f i GigeCameraDemoDlg.obj
 0001:0000e930       ?GetDC@CDCCache@CImage@ATL@@QEAAPEAUHDC__@@XZ 000000014000f930 f i GigeCameraDemoDlg.obj
 0001:0000e9b0       ?IsIndexed@CImage@ATL@@QEBA_NXZ 000000014000f9b0 f i GigeCameraDemoDlg.obj
 0001:0000eaa0       ?ReleaseDC@CImage@ATL@@QEBAXXZ 000000014000faa0 f i GigeCameraDemoDlg.obj
 0001:0000ebd0       ?ReleaseDC@CDCCache@CImage@ATL@@QEAAXPEAUHDC__@@@Z 000000014000fbd0 f i GigeCameraDemoDlg.obj
 0001:0000ec70       ?UpdateBitmapInfo@CImage@ATL@@AEAAXW4DIBOrientation@12@@Z 000000014000fc70 f i GigeCameraDemoDlg.obj
 0001:0000ef20       ?abs@@YAJJ@Z               000000014000ff20 f i GigeCameraDemoDlg.obj
 0001:0000ef40       ?ComputePitch@CImage@ATL@@CAHHH@Z 000000014000ff40 f i GigeCameraDemoDlg.obj
 0001:0000ef70       ?InitGDIPlus@CImage@ATL@@CA_NXZ 000000014000ff70 f i GigeCameraDemoDlg.obj
 0001:0000efa0       ?Init@CInitGDIPlus@CImage@ATL@@QEAA_NXZ 000000014000ffa0 f i GigeCameraDemoDlg.obj
 0001:0000f050       ??0GdiplusStartupInput@Gdiplus@@QEAA@P6AXW4DebugEventLevel@1@PEAD@ZHH@Z 0000000140010050 f i GigeCameraDemoDlg.obj
 0001:0000f0b0       ??0CImage@ATL@@QEAA@XZ     00000001400100b0 f i GigeCameraDemoDlg.obj
 0001:0000f1b0       ?IncreaseCImageCount@CInitGDIPlus@CImage@ATL@@QEAAXXZ 00000001400101b0 f i GigeCameraDemoDlg.obj
 0001:0000f210       ??_ECImage@ATL@@UEAAPEAXI@Z 0000000140010210 f i GigeCameraDemoDlg.obj
 0001:0000f210       ??_GCImage@ATL@@UEAAPEAXI@Z 0000000140010210 f i GigeCameraDemoDlg.obj
 0001:0000f260       ??1CImage@ATL@@UEAA@XZ     0000000140010260 f i GigeCameraDemoDlg.obj
 0001:0000f2a0       ?DecreaseCImageCount@CInitGDIPlus@CImage@ATL@@QEAAXXZ 00000001400102a0 f i GigeCameraDemoDlg.obj
 0001:0000f320       ?ReleaseGDIPlus@CInitGDIPlus@CImage@ATL@@QEAAXXZ 0000000140010320 f i GigeCameraDemoDlg.obj
 0001:0000f390       ?Destroy@CImage@ATL@@QEAAXXZ 0000000140010390 f i GigeCameraDemoDlg.obj
 0001:0000f3e0       ?Detach@CImage@ATL@@QEAAPEAUHBITMAP__@@XZ 00000001400103e0 f i GigeCameraDemoDlg.obj
 0001:0000f550       ?Draw@CImage@ATL@@QEBAHPEAUHDC__@@AEBUtagRECT@@@Z 0000000140010550 f i GigeCameraDemoDlg.obj
 0001:0000f600       ?Draw@CImage@ATL@@QEBAHPEAUHDC__@@HHHHHHHH@Z 0000000140010600 f i GigeCameraDemoDlg.obj
 0001:0000fab0       ?IsTransparencySupported@CImage@ATL@@SAHXZ 0000000140010ab0 f i GigeCameraDemoDlg.obj
 0001:0000fac0       ?GetTransparentRGB@CImage@ATL@@AEBAKXZ 0000000140010ac0 f i GigeCameraDemoDlg.obj
 0001:0000fc00       ??0?$CAtlSafeAllocBufferManager@VCCRTAllocator@ATL@@@_ATL_SAFE_ALLOCA_IMPL@ATL@@QEAA@XZ 0000000140010c00 f i GigeCameraDemoDlg.obj
 0001:0000fc20       ?Allocate@?$CAtlSafeAllocBufferManager@VCCRTAllocator@ATL@@@_ATL_SAFE_ALLOCA_IMPL@ATL@@QEAAPEAX_K@Z 0000000140010c20 f i GigeCameraDemoDlg.obj
 0001:0000fca0       ?Allocate@CCRTAllocator@ATL@@SAPEAX_K@Z 0000000140010ca0 f i GigeCameraDemoDlg.obj
 0001:0000fcc0       ??1?$CAtlSafeAllocBufferManager@VCCRTAllocator@ATL@@@_ATL_SAFE_ALLOCA_IMPL@ATL@@QEAA@XZ 0000000140010cc0 f i GigeCameraDemoDlg.obj
 0001:0000fd20       ?Free@CCRTAllocator@ATL@@SAXPEAX@Z 0000000140010d20 f i GigeCameraDemoDlg.obj
 0001:0000fd40       ??HATL@@YA?AV?$CStringT@DV?$StrTraitMFC_DLL@DV?$ChTraitsCRT@D@ATL@@@@@0@AEBV10@PEBD@Z 0000000140010d40 f i GigeCameraDemoDlg.obj
 0001:0000fe30       ??HATL@@YA?AV?$CStringT@DV?$StrTraitMFC_DLL@DV?$ChTraitsCRT@D@ATL@@@@@0@PEBDAEBV10@@Z 0000000140010e30 f i GigeCameraDemoDlg.obj
 0001:0000ff30       ?GetData@CAtlSafeAllocBufferNode@?$CAtlSafeAllocBufferManager@VCCRTAllocator@ATL@@@_ATL_SAFE_ALLOCA_IMPL@ATL@@QEAAPEAXXZ 0000000140010f30 f i GigeCameraDemoDlg.obj
 0001:0000ff50       ??$AtlAdd@_K@ATL@@YAJPEA_K_K1@Z 0000000140010f50 f i GigeCameraDemoDlg.obj
 0001:0000ffc0       HRESULT_FROM_WIN32         0000000140010fc0 f i GigeCameraDemoDlg.obj
 0001:00010010       ??$AtlAlignUp@I@ATL@@YAIIK@Z 0000000140011010 f i GigeCameraDemoDlg.obj
 0001:00010040       ??$sprintf_s@$0EAA@@@YAHAEAY0EAA@DPEBDZZ 0000000140011040 f i GigeCameraDemoDlg.obj
 0001:000100a0       ??$sprintf_s@$09@@YAHAEAY09DPEBDZZ 00000001400110a0 f i GigeCameraDemoDlg.obj
 0001:00010100       ??$strcpy_s@$0IA@@@YAHAEAY0IA@DPEBD@Z 0000000140011100 f i GigeCameraDemoDlg.obj
 0001:00010140       ??$sprintf_s@$0CAA@@@YAHAEAY0CAA@DPEBDZZ 0000000140011140 f i GigeCameraDemoDlg.obj
 0001:000101a0       ??$AtlAddThrow@_K@ATL@@YA_K_K0@Z 00000001400111a0 f i GigeCameraDemoDlg.obj
 0001:000101f0       ?AtlThrowImpl@ATL@@YAXJ@Z  00000001400111f0 f i GigeCameraDemoDlg.obj
 0001:00010280       ??0CTraceFileAndLineInfo@ATL@@QEAA@PEBDH@Z 0000000140011280 f i GigeCameraDemoDlg.obj
 0001:000102c0       ??RCTraceFileAndLineInfo@ATL@@QEBAX_KIPEBDZZ 00000001400112c0 f i GigeCameraDemoDlg.obj
 0001:00010350       ?TraceV@CTrace@ATL@@QEBAXPEBDH_KI0PEAD@Z 0000000140011350 f i GigeCameraDemoDlg.obj
 0001:000103c0       ??BCTraceCategory@ATL@@QEBA_KXZ 00000001400113c0 f i GigeCameraDemoDlg.obj
 0001:000103e0       ?_GetBaseClass@CInputDialog@@KAPEAUCRuntimeClass@@XZ 00000001400113e0 f   InputDialog.obj
 0001:00010400       ?GetThisClass@CInputDialog@@SAPEAUCRuntimeClass@@XZ 0000000140011400 f   InputDialog.obj
 0001:00010410       ?GetRuntimeClass@CInputDialog@@UEBAPEAUCRuntimeClass@@XZ 0000000140011410 f   InputDialog.obj
 0001:00010430       ??0CInputDialog@@QEAA@PEAVCWnd@@@Z 0000000140011430 f   InputDialog.obj
 0001:00010480       ??1CInputDialog@@UEAA@XZ   0000000140011480 f   InputDialog.obj
 0001:000104b0       ?DoDataExchange@CInputDialog@@MEAAXPEAVCDataExchange@@@Z 00000001400114b0 f   InputDialog.obj
 0001:00010500       ?GetMessageMap@CInputDialog@@MEBAPEBUAFX_MSGMAP@@XZ 0000000140011500 f   InputDialog.obj
 0001:00010520       ?GetThisMessageMap@CInputDialog@@KAPEBUAFX_MSGMAP@@XZ 0000000140011520 f   InputDialog.obj
 0001:00010530       ?OnBnClickedOk@CInputDialog@@QEAAXXZ 0000000140011530 f   InputDialog.obj
 0001:000105c0       ??_ECInputDialog@@UEAAPEAXI@Z 00000001400115c0 f i InputDialog.obj
 0001:000105c0       ??_GCInputDialog@@UEAAPEAXI@Z 00000001400115c0 f i InputDialog.obj
 0001:00010610       ?_GetBaseClass@CMessageDialog@@KAPEAUCRuntimeClass@@XZ 0000000140011610 f   MessageDialog.obj
 0001:00010630       ?GetThisClass@CMessageDialog@@SAPEAUCRuntimeClass@@XZ 0000000140011630 f   MessageDialog.obj
 0001:00010640       ?GetRuntimeClass@CMessageDialog@@UEBAPEAUCRuntimeClass@@XZ 0000000140011640 f   MessageDialog.obj
 0001:00010660       ??0CMessageDialog@@QEAA@PEAVCWnd@@@Z 0000000140011660 f   MessageDialog.obj
 0001:000106d0       ??1CMessageDialog@@UEAA@XZ 00000001400116d0 f   MessageDialog.obj
 0001:00010720       ?DoDataExchange@CMessageDialog@@MEAAXPEAVCDataExchange@@@Z 0000000140011720 f   MessageDialog.obj
 0001:00010750       ?GetMessageMap@CMessageDialog@@MEBAPEBUAFX_MSGMAP@@XZ 0000000140011750 f   MessageDialog.obj
 0001:00010770       ?GetThisMessageMap@CMessageDialog@@KAPEBUAFX_MSGMAP@@XZ 0000000140011770 f   MessageDialog.obj
 0001:00010780       ?Response@CMessageDialog@@QEAA_J_K_J@Z 0000000140011780 f   MessageDialog.obj
 0001:00010860       ?OnCtlColor@CMessageDialog@@QEAAPEAUHBRUSH__@@PEAVCDC@@PEAVCWnd@@I@Z 0000000140011860 f   MessageDialog.obj
 0001:00010a30       ?OnEraseBkgnd@CMessageDialog@@QEAAHPEAVCDC@@@Z 0000000140011a30 f   MessageDialog.obj
 0001:00010b30       ?OnCreate@CMessageDialog@@QEAAHPEAUtagCREATESTRUCTA@@@Z 0000000140011b30 f   MessageDialog.obj
 0001:00010bb0       ?OnClose@CMessageDialog@@QEAAXXZ 0000000140011bb0 f   MessageDialog.obj
 0001:00010bf0       ?OnPaint@CMessageDialog@@QEAAXXZ 0000000140011bf0 f   MessageDialog.obj
 0001:00010c50       ?OnBnClickedOk@CMessageDialog@@QEAAXXZ 0000000140011c50 f   MessageDialog.obj
 0001:00010c70       ?OnInitDialog@CMessageDialog@@UEAAHXZ 0000000140011c70 f   MessageDialog.obj
 0001:00010ca0       ?OnTimer@CMessageDialog@@QEAAX_K@Z 0000000140011ca0 f   MessageDialog.obj
 0001:00010cd0       ?OnLButtonUp@CMessageDialog@@QEAAXIVCPoint@@@Z 0000000140011cd0 f   MessageDialog.obj
 0001:00010ec0       ??_GCMessageDialog@@UEAAPEAXI@Z 0000000140011ec0 f i MessageDialog.obj
 0001:00010ec0       ??_ECMessageDialog@@UEAAPEAXI@Z 0000000140011ec0 f i MessageDialog.obj
 0001:00010f10       ??0CSerialPort@@QEAA@XZ    0000000140011f10 f   SerialPort.obj
 0001:00010fb0       ??1CSerialPort@@UEAA@XZ    0000000140011fb0 f   SerialPort.obj
 0001:00011030       ?InitPort@CSerialPort@@QEAAHPEAVCWnd@@IIDIIKI@Z 0000000140012030 f   SerialPort.obj
 0001:00011680       ?CommThread@CSerialPort@@KAIPEAX@Z 0000000140012680 f   SerialPort.obj
 0001:00011990       ?StartMonitoring@CSerialPort@@QEAAHXZ 0000000140012990 f   SerialPort.obj
 0001:00011a20       ?RestartMonitoring@CSerialPort@@QEAAHXZ 0000000140012a20 f   SerialPort.obj
 0001:00011a70       ?StopMonitoring@CSerialPort@@QEAAHXZ 0000000140012a70 f   SerialPort.obj
 0001:00011ac0       ?ProcessErrorMessage@CSerialPort@@IEAAXPEAD@Z 0000000140012ac0 f   SerialPort.obj
 0001:00011b90       ?WriteChar@CSerialPort@@KAXPEAV1@H@Z 0000000140012b90 f   SerialPort.obj
 0001:00011dc0       ?ReceiveChar@CSerialPort@@KAXPEAV1@U_COMSTAT@@@Z 0000000140012dc0 f   SerialPort.obj
 0001:00011f90       ?WriteToPort@CSerialPort@@QEAAXPEAD@Z 0000000140012f90 f   SerialPort.obj
 0001:00012010       ?WriteToPort@CSerialPort@@QEAAXPEADH@Z 0000000140013010 f   SerialPort.obj
 0001:000120d0       ?GetDCB@CSerialPort@@QEAA?AU_DCB@@XZ 00000001400130d0 f   SerialPort.obj
 0001:00012120       ?GetCommEvents@CSerialPort@@QEAAKXZ 0000000140013120 f   SerialPort.obj
 0001:00012140       ?GetWriteBufferSize@CSerialPort@@QEAAKXZ 0000000140013140 f   SerialPort.obj
 0001:00012160       ?GetPortNO@CSerialPort@@QEAAHXZ 0000000140013160 f   SerialPort.obj
 0001:00012610       ??_GCSerialPort@@UEAAPEAXI@Z 0000000140013610 f i SerialPort.obj
 0001:00012610       ??_ECSerialPort@@UEAAPEAXI@Z 0000000140013610 f i SerialPort.obj
 0001:00012660       ??RCTraceFileAndLineInfo@ATL@@QEBAXPEBDZZ 0000000140013660 f i SerialPort.obj
 0001:00012700       ?_GetBaseClass@CSplashWnd@@KAPEAUCRuntimeClass@@XZ 0000000140013700 f   SplashWnd.obj
 0001:00012720       ?GetThisClass@CSplashWnd@@SAPEAUCRuntimeClass@@XZ 0000000140013720 f   SplashWnd.obj
 0001:00012730       ?GetRuntimeClass@CSplashWnd@@UEBAPEAUCRuntimeClass@@XZ 0000000140013730 f   SplashWnd.obj
 0001:00012750       ??0CSplashWnd@@QEAA@XZ     0000000140013750 f   SplashWnd.obj
 0001:00012860       ??1CSplashWnd@@UEAA@XZ     0000000140013860 f   SplashWnd.obj
 0001:00012910       ?GetMessageMap@CSplashWnd@@MEBAPEBUAFX_MSGMAP@@XZ 0000000140013910 f   SplashWnd.obj
 0001:00012930       ?GetThisMessageMap@CSplashWnd@@KAPEBUAFX_MSGMAP@@XZ 0000000140013930 f   SplashWnd.obj
 0001:00012940       ?DeleteSplash@CSplashWnd@@QEAAXXZ 0000000140013940 f   SplashWnd.obj
 0001:00012960       ?CreateSplash@CSplashWnd@@QEAAXXZ 0000000140013960 f   SplashWnd.obj
 0001:00012a60       ?OnPaint@CSplashWnd@@IEAAXXZ 0000000140013a60 f   SplashWnd.obj
 0001:00012c60       ?ImageFrom_IDResource@CSplashWnd@@QEAAXIPEBDPEAVCImage@ATL@@@Z 0000000140013c60 f   SplashWnd.obj
 0001:00012d60       ?SetInfo@CSplashWnd@@QEAAXV?$CStringT@DV?$StrTraitMFC_DLL@DV?$ChTraitsCRT@D@ATL@@@@@ATL@@@Z 0000000140013d60 f   SplashWnd.obj
 0001:00012db0       ?On_Timer@@YAKPEAX@Z       0000000140013db0 f   SplashWnd.obj
 0001:000136c0       ?OnNcDestroy@CSplashWnd@@QEAAXXZ 00000001400146c0 f   SplashWnd.obj
 0001:000136f0       ?HideCursor@CSplashWnd@@QEAAXXZ 00000001400146f0 f   SplashWnd.obj
 0001:00013b30       ??_ECSplashWnd@@UEAAPEAXI@Z 0000000140014b30 f i SplashWnd.obj
 0001:00013b30       ??_GCSplashWnd@@UEAAPEAXI@Z 0000000140014b30 f i SplashWnd.obj
 0001:00013b74       ??1SapAcquisition@@UEAA@XZ 0000000140014b74 f   SapClassBasic:SapClassBasic82.dll
 0001:00013b7a       ??0SapAcquisition@@QEAA@VSapLocation@@@Z 0000000140014b7a f   SapClassBasic:SapClassBasic82.dll
 0001:00013b80       ??0SapLocation@@QEAA@HH@Z  0000000140014b80 f   SapClassBasic:SapClassBasic82.dll
 0001:00013b86       ?GetEventCount@SapXferCallbackInfo@@QEBAHXZ 0000000140014b86 f   SapClassBasic:SapClassBasic82.dll
 0001:00013b8c       ?GetHeight@SapBuffer@@QEBAHXZ 0000000140014b8c f   SapClassBasic:SapClassBasic82.dll
 0001:00013b92       ?GetWidth@SapBuffer@@QEBAHXZ 0000000140014b92 f   SapClassBasic:SapClassBasic82.dll
 0001:00013b98       ?GetContext@SapXferCallbackInfo@@QEBAPEAXXZ 0000000140014b98 f   SapClassBasic:SapClassBasic82.dll
 0001:00013b9e       ??0SapView@@QEAA@PEAVSapBuffer@@PEAUHWND__@@P6AXPEAVSapViewCallbackInfo@@@ZPEAX@Z 0000000140014b9e f   SapClassBasic:SapClassBasic82.dll
 0001:00013ba4       ??0SapAcqDeviceToBuf@@QEAA@PEAVSapAcqDevice@@PEAVSapBuffer@@P6AXPEAVSapXferCallbackInfo@@@ZPEAX@Z 0000000140014ba4 f   SapClassBasic:SapClassBasic82.dll
 0001:00013baa       ??0SapBufferWithTrash@@QEAA@HPEAVSapXferNode@@HVSapLocation@@@Z 0000000140014baa f   SapClassBasic:SapClassBasic82.dll
 0001:00013bb0       ??0SapAcqDevice@@QEAA@VSapLocation@@PEBD@Z 0000000140014bb0 f   SapClassBasic:SapClassBasic82.dll
 0001:00013bb6       ?GetServerSerialNumber@SapManager@@SAHHPEAD@Z 0000000140014bb6 f   SapClassBasic:SapClassBasic82.dll
 0001:00013bbc       ?GetResourceCount@SapManager@@SAHHH@Z 0000000140014bbc f   SapClassBasic:SapClassBasic82.dll
 0001:00013bc2       ?DetectAllServers@SapManager@@SAHH@Z 0000000140014bc2 f   SapClassBasic:SapClassBasic82.dll
 0001:00013bc8       ?GetServerCount@SapManager@@SAHXZ 0000000140014bc8 f   SapClassBasic:SapClassBasic82.dll
 0001:00013bce       ?Create@SapAcqDevice@@UEAAHXZ 0000000140014bce f   SapClassBasic:SapClassBasic82.dll
 0001:00013bd4       ?Destroy@SapAcqDevice@@UEAAHXZ 0000000140014bd4 f   SapClassBasic:SapClassBasic82.dll
 0001:00013bda       ?GetXferParams@SapXferNode@@UEBA?AVSapXferParams@@H@Z 0000000140014bda f   SapClassBasic:SapClassBasic82.dll
 0001:00013be0       ?GetInputXferParams@SapXferNode@@UEBA?AVSapXferParams@@H@Z 0000000140014be0 f   SapClassBasic:SapClassBasic82.dll
 0001:00013be6       ?GetOutputXferParams@SapXferNode@@UEBA?AVSapXferParams@@H@Z 0000000140014be6 f   SapClassBasic:SapClassBasic82.dll
 0001:00013bec       ?SetSrcNode@SapXferNode@@UEAAHPEAV1@H@Z 0000000140014bec f   SapClassBasic:SapClassBasic82.dll
 0001:00013bf2       ?SetXferParams@SapXferNode@@UEAAHVSapXferParams@@H@Z 0000000140014bf2 f   SapClassBasic:SapClassBasic82.dll
 0001:00013bf8       ?SetInputXferParams@SapXferNode@@UEAAHVSapXferParams@@H@Z 0000000140014bf8 f   SapClassBasic:SapClassBasic82.dll
 0001:00013bfe       ?SetOutputXferParams@SapXferNode@@UEAAHVSapXferParams@@H@Z 0000000140014bfe f   SapClassBasic:SapClassBasic82.dll
 0001:00013c04       ?GetHandle@SapXferNode@@UEBAPEAU__CORHANDLE@@H@Z 0000000140014c04 f   SapClassBasic:SapClassBasic82.dll
 0001:00013c0a       ?GetHandle@SapXferNode@@UEBAPEAU__CORHANDLE@@XZ 0000000140014c0a f   SapClassBasic:SapClassBasic82.dll
 0001:00013c10       ?GetXferParamsFromSrcNode@SapXferNode@@UEAAXXZ 0000000140014c10 f   SapClassBasic:SapClassBasic82.dll
 0001:00013c16       ?GetXferNodeType@SapAcqDevice@@UEAA?AW4XferNodeType@SapXferNode@@XZ 0000000140014c16 f   SapClassBasic:SapClassBasic82.dll
 0001:00013c1c       ?IsBuffer@SapXferNode@@UEAAHXZ 0000000140014c1c f   SapClassBasic:SapClassBasic82.dll
 0001:00013c22       ??ASapXferNode@@UEBAPEAU__CORHANDLE@@H@Z 0000000140014c22 f   SapClassBasic:SapClassBasic82.dll
 0001:00013c28       ?GetCount@SapXferNode@@UEBAHXZ 0000000140014c28 f   SapClassBasic:SapClassBasic82.dll
 0001:00013c2e       ?GetIndex@SapXferNode@@UEBAHXZ 0000000140014c2e f   SapClassBasic:SapClassBasic82.dll
 0001:00013c34       ?SetIndex@SapXferNode@@UEAAHH@Z 0000000140014c34 f   SapClassBasic:SapClassBasic82.dll
 0001:00013c3a       ?ResetIndex@SapXferNode@@UEAAXXZ 0000000140014c3a f   SapClassBasic:SapClassBasic82.dll
 0001:00013c40       ?Next@SapXferNode@@UEAAXXZ 0000000140014c40 f   SapClassBasic:SapClassBasic82.dll
 0001:00013c46       ?GetTrash@SapXferNode@@UEBAPEAU__CORHANDLE@@XZ 0000000140014c46 f   SapClassBasic:SapClassBasic82.dll
 0001:00013c4c       ?Empty@SapXferNode@@UEAAHH@Z 0000000140014c4c f   SapClassBasic:SapClassBasic82.dll
 0001:00013c52       ?Empty@SapXferNode@@UEAAHXZ 0000000140014c52 f   SapClassBasic:SapClassBasic82.dll
 0001:00013c58       ?EmptyAll@SapXferNode@@UEAAHXZ 0000000140014c58 f   SapClassBasic:SapClassBasic82.dll
 0001:00013c5e       ?Create@SapBufferWithTrash@@UEAAHXZ 0000000140014c5e f   SapClassBasic:SapClassBasic82.dll
 0001:00013c64       ?Destroy@SapBufferWithTrash@@UEAAHXZ 0000000140014c64 f   SapClassBasic:SapClassBasic82.dll
 0001:00013c6a       ?GetHandle@SapBuffer@@UEBAPEAU__CORHANDLE@@H@Z 0000000140014c6a f   SapClassBasic:SapClassBasic82.dll
 0001:00013c70       ?GetHandle@SapBuffer@@UEBAPEAU__CORHANDLE@@XZ 0000000140014c70 f   SapClassBasic:SapClassBasic82.dll
 0001:00013c76       ?GetXferNodeType@SapBuffer@@UEAA?AW4XferNodeType@SapXferNode@@XZ 0000000140014c76 f   SapClassBasic:SapClassBasic82.dll
 0001:00013c7c       ??ASapBuffer@@UEBAPEAU__CORHANDLE@@H@Z 0000000140014c7c f   SapClassBasic:SapClassBasic82.dll
 0001:00013c82       ?GetCount@SapBuffer@@UEBAHXZ 0000000140014c82 f   SapClassBasic:SapClassBasic82.dll
 0001:00013c88       ?GetIndex@SapBuffer@@UEBAHXZ 0000000140014c88 f   SapClassBasic:SapClassBasic82.dll
 0001:00013c8e       ?SetIndex@SapBuffer@@UEAAHH@Z 0000000140014c8e f   SapClassBasic:SapClassBasic82.dll
 0001:00013c94       ?ResetIndex@SapBuffer@@UEAAXXZ 0000000140014c94 f   SapClassBasic:SapClassBasic82.dll
 0001:00013c9a       ?Next@SapBuffer@@UEAAXXZ   0000000140014c9a f   SapClassBasic:SapClassBasic82.dll
 0001:00013ca0       ?GetTrash@SapBufferWithTrash@@UEBAPEAU__CORHANDLE@@XZ 0000000140014ca0 f   SapClassBasic:SapClassBasic82.dll
 0001:00013ca6       ?Empty@SapBuffer@@UEAAHH@Z 0000000140014ca6 f   SapClassBasic:SapClassBasic82.dll
 0001:00013cac       ?Empty@SapBuffer@@UEAAHXZ  0000000140014cac f   SapClassBasic:SapClassBasic82.dll
 0001:00013cb2       ?EmptyAll@SapBuffer@@UEAAHXZ 0000000140014cb2 f   SapClassBasic:SapClassBasic82.dll
 0001:00013cb8       ?SetCount@SapBuffer@@UEAAHH@Z 0000000140014cb8 f   SapClassBasic:SapClassBasic82.dll
 0001:00013cbe       ?SetWidth@SapBuffer@@UEAAHH@Z 0000000140014cbe f   SapClassBasic:SapClassBasic82.dll
 0001:00013cc4       ?SetHeight@SapBuffer@@UEAAHH@Z 0000000140014cc4 f   SapClassBasic:SapClassBasic82.dll
 0001:00013cca       ?SetFormat@SapBuffer@@UEAAHH@Z 0000000140014cca f   SapClassBasic:SapClassBasic82.dll
 0001:00013cd0       ?SetType@SapBuffer@@UEAAHH@Z 0000000140014cd0 f   SapClassBasic:SapClassBasic82.dll
 0001:00013cd6       ?SetPixelDepth@SapBuffer@@UEAAHH@Z 0000000140014cd6 f   SapClassBasic:SapClassBasic82.dll
 0001:00013cdc       ?SetVirtualAddress@SapBuffer@@UEAAHQEAPEAX@Z 0000000140014cdc f   SapClassBasic:SapClassBasic82.dll
 0001:00013ce2       ?SetPhysicalAddress@SapBuffer@@UEAAHQEA_K@Z 0000000140014ce2 f   SapClassBasic:SapClassBasic82.dll
 0001:00013ce8       ?SetParameters@SapBuffer@@UEAAHHQEA_KHHHH@Z 0000000140014ce8 f   SapClassBasic:SapClassBasic82.dll
 0001:00013cee       ?SetParameters@SapBuffer@@UEAAHHQEAPEAXHHHH@Z 0000000140014cee f   SapClassBasic:SapClassBasic82.dll
 0001:00013cf4       ?SetParameters@SapBuffer@@UEAAHHHHHH@Z 0000000140014cf4 f   SapClassBasic:SapClassBasic82.dll
 0001:00013cfa       ?SetParametersFromFile@SapBuffer@@UEAAHPEBDH@Z 0000000140014cfa f   SapClassBasic:SapClassBasic82.dll
 0001:00013d00       ?SetFrameRate@SapBuffer@@UEAAXM@Z 0000000140014d00 f   SapClassBasic:SapClassBasic82.dll
 0001:00013d06       ?GetAddress@SapBuffer@@UEAAHH_K0PEAXPEAPEAX@Z 0000000140014d06 f   SapClassBasic:SapClassBasic82.dll
 0001:00013d0c       ?GetAddress@SapBuffer@@UEAAHH_K0PEAPEAX@Z 0000000140014d0c f   SapClassBasic:SapClassBasic82.dll
 0001:00013d12       ?GetAddress@SapBuffer@@UEAAH_K0PEAXPEAPEAX@Z 0000000140014d12 f   SapClassBasic:SapClassBasic82.dll
 0001:00013d18       ?GetAddress@SapBuffer@@UEAAH_K0PEAPEAX@Z 0000000140014d18 f   SapClassBasic:SapClassBasic82.dll
 0001:00013d1e       ?GetAddress@SapBuffer@@UEAAHHPEAXPEAPEAX@Z 0000000140014d1e f   SapClassBasic:SapClassBasic82.dll
 0001:00013d24       ?GetAddress@SapBuffer@@UEAAHHPEAPEAX@Z 0000000140014d24 f   SapClassBasic:SapClassBasic82.dll
 0001:00013d2a       ?GetAddress@SapBuffer@@UEAAHPEAXPEAPEAX@Z 0000000140014d2a f   SapClassBasic:SapClassBasic82.dll
 0001:00013d30       ?GetAddress@SapBuffer@@UEAAHPEAPEAX@Z 0000000140014d30 f   SapClassBasic:SapClassBasic82.dll
 0001:00013d36       ?ReleaseAddress@SapBuffer@@UEAAHHPEAX@Z 0000000140014d36 f   SapClassBasic:SapClassBasic82.dll
 0001:00013d3c       ?ReleaseAddress@SapBuffer@@UEAAHPEAX@Z 0000000140014d3c f   SapClassBasic:SapClassBasic82.dll
 0001:00013d42       ?IsMapped@SapBuffer@@UEAAHXZ 0000000140014d42 f   SapClassBasic:SapClassBasic82.dll
 0001:00013d48       ?IsMapped@SapBuffer@@UEAAHH@Z 0000000140014d48 f   SapClassBasic:SapClassBasic82.dll
 0001:00013d4e       ?GetCounterStamp@SapBuffer@@UEAAHHPEAH@Z 0000000140014d4e f   SapClassBasic:SapClassBasic82.dll
 0001:00013d54       ?GetCounterStamp@SapBuffer@@UEAAHPEAH@Z 0000000140014d54 f   SapClassBasic:SapClassBasic82.dll
 0001:00013d5a       ?GetHostCounterStamp@SapBuffer@@UEAAHHPEA_K@Z 0000000140014d5a f   SapClassBasic:SapClassBasic82.dll
 0001:00013d60       ?GetHostCounterStamp@SapBuffer@@UEAAHPEA_K@Z 0000000140014d60 f   SapClassBasic:SapClassBasic82.dll
 0001:00013d66       ?GetDeviceTimeStamp@SapBuffer@@UEAAHHPEA_K@Z 0000000140014d66 f   SapClassBasic:SapClassBasic82.dll
 0001:00013d6c       ?GetDeviceTimeStamp@SapBuffer@@UEAAHPEA_K@Z 0000000140014d6c f   SapClassBasic:SapClassBasic82.dll
 0001:00013d72       ?GetSpaceUsed@SapBuffer@@UEAAHHPEAH@Z 0000000140014d72 f   SapClassBasic:SapClassBasic82.dll
 0001:00013d78       ?GetSpaceUsed@SapBuffer@@UEAAHPEAH@Z 0000000140014d78 f   SapClassBasic:SapClassBasic82.dll
 0001:00013d7e       ?GetHandles@SapBuffer@@UEBAPEAPEAU__CORHANDLE@@XZ 0000000140014d7e f   SapClassBasic:SapClassBasic82.dll
 0001:00013d84       ?IsCapabilityValid@SapBuffer@@UEAAHH@Z 0000000140014d84 f   SapClassBasic:SapClassBasic82.dll
 0001:00013d8a       ?GetCapability@SapBuffer@@UEAAHHHPEAX@Z 0000000140014d8a f   SapClassBasic:SapClassBasic82.dll
 0001:00013d90       ?GetCapability@SapBuffer@@UEAAHHPEAX@Z 0000000140014d90 f   SapClassBasic:SapClassBasic82.dll
 0001:00013d96       ?IsParameterValid@SapBuffer@@UEAAHHH@Z 0000000140014d96 f   SapClassBasic:SapClassBasic82.dll
 0001:00013d9c       ?IsParameterValid@SapBuffer@@UEAAHH@Z 0000000140014d9c f   SapClassBasic:SapClassBasic82.dll
 0001:00013da2       ?GetParameter@SapBuffer@@UEAAHHHPEAX@Z 0000000140014da2 f   SapClassBasic:SapClassBasic82.dll
 0001:00013da8       ?GetParameter@SapBuffer@@UEAAHHPEAX@Z 0000000140014da8 f   SapClassBasic:SapClassBasic82.dll
 0001:00013dae       ?SetParameter@SapBuffer@@UEAAHHHPEAX@Z 0000000140014dae f   SapClassBasic:SapClassBasic82.dll
 0001:00013db4       ?SetParameter@SapBuffer@@UEAAHHPEAX@Z 0000000140014db4 f   SapClassBasic:SapClassBasic82.dll
 0001:00013dba       ?SetParameter@SapBuffer@@UEAAHHHH@Z 0000000140014dba f   SapClassBasic:SapClassBasic82.dll
 0001:00013dc0       ?SetParameter@SapBuffer@@UEAAHHH@Z 0000000140014dc0 f   SapClassBasic:SapClassBasic82.dll
 0001:00013dc6       ?GetParent@SapBuffer@@UEAAPEAV1@XZ 0000000140014dc6 f   SapClassBasic:SapClassBasic82.dll
 0001:00013dcc       ?GetRoot@SapBuffer@@UEAAPEAV1@XZ 0000000140014dcc f   SapClassBasic:SapClassBasic82.dll
 0001:00013dd2       ?SetState@SapBuffer@@UEAAHHH@Z 0000000140014dd2 f   SapClassBasic:SapClassBasic82.dll
 0001:00013dd8       ?SetState@SapBuffer@@UEAAHH@Z 0000000140014dd8 f   SapClassBasic:SapClassBasic82.dll
 0001:00013dde       ?SetAllState@SapBuffer@@UEAAHH@Z 0000000140014dde f   SapClassBasic:SapClassBasic82.dll
 0001:00013de4       ?GetState@SapBuffer@@UEAAHHPEAH@Z 0000000140014de4 f   SapClassBasic:SapClassBasic82.dll
 0001:00013dea       ?GetState@SapBuffer@@UEAAHPEAH@Z 0000000140014dea f   SapClassBasic:SapClassBasic82.dll
 0001:00013df0       ?GetNumPages@SapBuffer@@UEAAHPEAH@Z 0000000140014df0 f   SapClassBasic:SapClassBasic82.dll
 0001:00013df6       ?SetPage@SapBuffer@@UEAAHHH@Z 0000000140014df6 f   SapClassBasic:SapClassBasic82.dll
 0001:00013dfc       ?SetPage@SapBuffer@@UEAAHH@Z 0000000140014dfc f   SapClassBasic:SapClassBasic82.dll
 0001:00013e02       ?SetAllPage@SapBuffer@@UEAAHH@Z 0000000140014e02 f   SapClassBasic:SapClassBasic82.dll
 0001:00013e08       ?GetPage@SapBuffer@@UEAAHHPEAH@Z 0000000140014e08 f   SapClassBasic:SapClassBasic82.dll
 0001:00013e0e       ?GetPage@SapBuffer@@UEAAHPEAH@Z 0000000140014e0e f   SapClassBasic:SapClassBasic82.dll
 0001:00013e14       ?IsMultiFormat@SapBuffer@@UEAAHXZ 0000000140014e14 f   SapClassBasic:SapClassBasic82.dll
 0001:00013e1a       ?GetPageFormat@SapBuffer@@UEAAHPEAH@Z 0000000140014e1a f   SapClassBasic:SapClassBasic82.dll
 0001:00013e20       ?Clear@SapBuffer@@UEAAHHVSapData@@@Z 0000000140014e20 f   SapClassBasic:SapClassBasic82.dll
 0001:00013e26       ?Clear@SapBuffer@@UEAAHVSapData@@@Z 0000000140014e26 f   SapClassBasic:SapClassBasic82.dll
 0001:00013e2c       ?Clear@SapBuffer@@UEAAHH@Z 0000000140014e2c f   SapClassBasic:SapClassBasic82.dll
 0001:00013e32       ?Clear@SapBuffer@@UEAAHXZ  0000000140014e32 f   SapClassBasic:SapClassBasic82.dll
 0001:00013e38       ?Load@SapBuffer@@UEAAHPEBD0HH@Z 0000000140014e38 f   SapClassBasic:SapClassBasic82.dll
 0001:00013e3e       ?Load@SapBuffer@@UEAAHPEBDHHH0@Z 0000000140014e3e f   SapClassBasic:SapClassBasic82.dll
 0001:00013e44       ?Save@SapBuffer@@UEAAHPEBD0HH@Z 0000000140014e44 f   SapClassBasic:SapClassBasic82.dll
 0001:00013e4a       ?Read@SapBuffer@@UEAAHH_KHPEAX@Z 0000000140014e4a f   SapClassBasic:SapClassBasic82.dll
 0001:00013e50       ?Read@SapBuffer@@UEAAH_KHPEAX@Z 0000000140014e50 f   SapClassBasic:SapClassBasic82.dll
 0001:00013e56       ?ReadElement@SapBuffer@@UEAAHHHPEAH00@Z 0000000140014e56 f   SapClassBasic:SapClassBasic82.dll
 0001:00013e5c       ?ReadElement@SapBuffer@@UEAAHHHHPEAVSapData@@@Z 0000000140014e5c f   SapClassBasic:SapClassBasic82.dll
 0001:00013e62       ?ReadElement@SapBuffer@@UEAAHHHPEAVSapData@@@Z 0000000140014e62 f   SapClassBasic:SapClassBasic82.dll
 0001:00013e68       ?ReadElement@SapBuffer@@UEAAHHHHPEAX@Z 0000000140014e68 f   SapClassBasic:SapClassBasic82.dll
 0001:00013e6e       ?ReadElement@SapBuffer@@UEAAHHHPEAX@Z 0000000140014e6e f   SapClassBasic:SapClassBasic82.dll
 0001:00013e74       ?ReadLine@SapBuffer@@UEAAHHHHHHPEAXPEAH@Z 0000000140014e74 f   SapClassBasic:SapClassBasic82.dll
 0001:00013e7a       ?ReadLine@SapBuffer@@UEAAHHHHHPEAXPEAH@Z 0000000140014e7a f   SapClassBasic:SapClassBasic82.dll
 0001:00013e80       ?ReadRect@SapBuffer@@UEAAHHHHHHPEAX@Z 0000000140014e80 f   SapClassBasic:SapClassBasic82.dll
 0001:00013e86       ?ReadRect@SapBuffer@@UEAAHHHHHPEAX@Z 0000000140014e86 f   SapClassBasic:SapClassBasic82.dll
 0001:00013e8c       ?Write@SapBuffer@@UEAAHH_KHPEBX@Z 0000000140014e8c f   SapClassBasic:SapClassBasic82.dll
 0001:00013e92       ?Write@SapBuffer@@UEAAH_KHPEBX@Z 0000000140014e92 f   SapClassBasic:SapClassBasic82.dll
 0001:00013e98       ?WriteElement@SapBuffer@@UEAAHHHHVSapData@@@Z 0000000140014e98 f   SapClassBasic:SapClassBasic82.dll
 0001:00013e9e       ?WriteElement@SapBuffer@@UEAAHHHVSapData@@@Z 0000000140014e9e f   SapClassBasic:SapClassBasic82.dll
 0001:00013ea4       ?WriteElement@SapBuffer@@UEAAHHHHPEBX@Z 0000000140014ea4 f   SapClassBasic:SapClassBasic82.dll
 0001:00013eaa       ?WriteElement@SapBuffer@@UEAAHHHPEBX@Z 0000000140014eaa f   SapClassBasic:SapClassBasic82.dll
 0001:00013eb0       ?WriteLine@SapBuffer@@UEAAHHHHHHPEBXPEAH@Z 0000000140014eb0 f   SapClassBasic:SapClassBasic82.dll
 0001:00013eb6       ?WriteLine@SapBuffer@@UEAAHHHHHPEBXPEAH@Z 0000000140014eb6 f   SapClassBasic:SapClassBasic82.dll
 0001:00013ebc       ?WriteRect@SapBuffer@@UEAAHHHHHHPEBX@Z 0000000140014ebc f   SapClassBasic:SapClassBasic82.dll
 0001:00013ec2       ?WriteRect@SapBuffer@@UEAAHHHHHPEBX@Z 0000000140014ec2 f   SapClassBasic:SapClassBasic82.dll
 0001:00013ec8       ?Copy@SapBuffer@@UEAAHPEAV1@HH@Z 0000000140014ec8 f   SapClassBasic:SapClassBasic82.dll
 0001:00013ece       ?Copy@SapBuffer@@UEAAHPEAV1@@Z 0000000140014ece f   SapClassBasic:SapClassBasic82.dll
 0001:00013ed4       ?CopyAll@SapBuffer@@UEAAHPEAV1@@Z 0000000140014ed4 f   SapClassBasic:SapClassBasic82.dll
 0001:00013eda       ?CopyRect@SapBuffer@@UEAAHPEAV1@HHHHHHHH@Z 0000000140014eda f   SapClassBasic:SapClassBasic82.dll
 0001:00013ee0       ?ColorConvert@SapBuffer@@UEAAHPEAV1@HHHHVSapDataFRGB@@PEAVSapLut@@@Z 0000000140014ee0 f   SapClassBasic:SapClassBasic82.dll
 0001:00013ee6       ?ColorConvert@SapBuffer@@UEAAHPEAV1@HHVSapDataFRGB@@PEAVSapLut@@@Z 0000000140014ee6 f   SapClassBasic:SapClassBasic82.dll
 0001:00013eec       ?ColorWhiteBalance@SapBuffer@@UEAAHHHPEAVSapDataFRGB@@@Z 0000000140014eec f   SapClassBasic:SapClassBasic82.dll
 0001:00013ef2       ?ColorWhiteBalance@SapBuffer@@UEAAHHPEAVSapDataFRGB@@@Z 0000000140014ef2 f   SapClassBasic:SapClassBasic82.dll
 0001:00013ef8       ?SplitComponents@SapBuffer@@UEAAHPEAV1@00H@Z 0000000140014ef8 f   SapClassBasic:SapClassBasic82.dll
 0001:00013efe       ?SplitComponents@SapBuffer@@UEAAHPEAV1@00@Z 0000000140014efe f   SapClassBasic:SapClassBasic82.dll
 0001:00013f04       ?SplitComponents@SapBuffer@@UEAAHPEAV1@H@Z 0000000140014f04 f   SapClassBasic:SapClassBasic82.dll
 0001:00013f0a       ?SplitComponents@SapBuffer@@UEAAHPEAV1@@Z 0000000140014f0a f   SapClassBasic:SapClassBasic82.dll
 0001:00013f10       ?MergeComponents@SapBuffer@@UEAAHPEAV1@00H@Z 0000000140014f10 f   SapClassBasic:SapClassBasic82.dll
 0001:00013f16       ?MergeComponents@SapBuffer@@UEAAHPEAV1@00@Z 0000000140014f16 f   SapClassBasic:SapClassBasic82.dll
 0001:00013f1c       ?MergeComponents@SapBuffer@@UEAAHPEAV1@H@Z 0000000140014f1c f   SapClassBasic:SapClassBasic82.dll
 0001:00013f22       ?MergeComponents@SapBuffer@@UEAAHPEAV1@@Z 0000000140014f22 f   SapClassBasic:SapClassBasic82.dll
 0001:00013f28       ?Register@SapBuffer@@UEAAHPEBD@Z 0000000140014f28 f   SapClassBasic:SapClassBasic82.dll
 0001:00013f2e       ?Unregister@SapBuffer@@UEAAHXZ 0000000140014f2e f   SapClassBasic:SapClassBasic82.dll
 0001:00013f34       ?GetNumRoi@SapBuffer@@UEBAHXZ 0000000140014f34 f   SapClassBasic:SapClassBasic82.dll
 0001:00013f3a       ?GetRoi@SapBuffer@@UEBAQEAUtagRECT@@H@Z 0000000140014f3a f   SapClassBasic:SapClassBasic82.dll
 0001:00013f40       ?AddRoi@SapBuffer@@UEAAHUtagRECT@@@Z 0000000140014f40 f   SapClassBasic:SapClassBasic82.dll
 0001:00013f46       ?RemoveAllRoi@SapBuffer@@UEAAHXZ 0000000140014f46 f   SapClassBasic:SapClassBasic82.dll
 0001:00013f4c       ?GetChild@SapBuffer@@UEBAPEAU__CORHANDLE@@HH@Z 0000000140014f4c f   SapClassBasic:SapClassBasic82.dll
 0001:00013f52       ?BayerConvert@SapBuffer@@UEAAHPEAV1@HHHHVSapDataFRGB@@PEAVSapLut@@@Z 0000000140014f52 f   SapClassBasic:SapClassBasic82.dll
 0001:00013f58       ?BayerConvert@SapBuffer@@UEAAHPEAV1@HHVSapDataFRGB@@PEAVSapLut@@@Z 0000000140014f58 f   SapClassBasic:SapClassBasic82.dll
 0001:00013f5e       ?BayerWhiteBalance@SapBuffer@@UEAAHHHPEAVSapDataFRGB@@@Z 0000000140014f5e f   SapClassBasic:SapClassBasic82.dll
 0001:00013f64       ?BayerWhiteBalance@SapBuffer@@UEAAHHPEAVSapDataFRGB@@@Z 0000000140014f64 f   SapClassBasic:SapClassBasic82.dll
 0001:00013f6a       ?Construct@SapBuffer@@MEAAXPEBDPEAVSapDisplay@@@Z 0000000140014f6a f   SapClassBasic:SapClassBasic82.dll
 0001:00013f70       ?GetTrashType@SapBufferWithTrash@@UEAAHXZ 0000000140014f70 f   SapClassBasic:SapClassBasic82.dll
 0001:00013f76       ?SetTrashType@SapBufferWithTrash@@UEAAHH@Z 0000000140014f76 f   SapClassBasic:SapClassBasic82.dll
 0001:00013f7c       ?Construct@SapBufferWithTrash@@MEAAXXZ 0000000140014f7c f   SapClassBasic:SapClassBasic82.dll
 0001:00013f82       ?Create@SapTransfer@@UEAAHXZ 0000000140014f82 f   SapClassBasic:SapClassBasic82.dll
 0001:00013f88       ?Destroy@SapTransfer@@UEAAHXZ 0000000140014f88 f   SapClassBasic:SapClassBasic82.dll
 0001:00013f8e       ?Connect@SapTransfer@@UEAAHXZ 0000000140014f8e f   SapClassBasic:SapClassBasic82.dll
 0001:00013f94       ?Disconnect@SapTransfer@@UEAAHXZ 0000000140014f94 f   SapClassBasic:SapClassBasic82.dll
 0001:00013f9a       ?GetHandle@SapTransfer@@UEBAPEAU__CORHANDLE@@XZ 0000000140014f9a f   SapClassBasic:SapClassBasic82.dll
 0001:00013fa0       ?GetCallback@SapTransfer@@UEBAP6AXPEAVSapXferCallbackInfo@@@ZXZ 0000000140014fa0 f   SapClassBasic:SapClassBasic82.dll
 0001:00013fa6       ?GetTrashCallback@SapTransfer@@UEBAP6AXPEAVSapXferCallbackInfo@@@ZXZ 0000000140014fa6 f   SapClassBasic:SapClassBasic82.dll
 0001:00013fac       ?GetContext@SapTransfer@@UEBAPEAXXZ 0000000140014fac f   SapClassBasic:SapClassBasic82.dll
 0001:00013fb2       ?IsGrabbing@SapTransfer@@UEBAHXZ 0000000140014fb2 f   SapClassBasic:SapClassBasic82.dll
 0001:00013fb8       ?IsAutoEmpty@SapTransfer@@UEBAHXZ 0000000140014fb8 f   SapClassBasic:SapClassBasic82.dll
 0001:00013fbe       ?IsAutoConnect@SapTransfer@@UEBAHXZ 0000000140014fbe f   SapClassBasic:SapClassBasic82.dll
 0001:00013fc4       ?IsConnected@SapTransfer@@UEBAHXZ 0000000140014fc4 f   SapClassBasic:SapClassBasic82.dll
 0001:00013fca       ?GetStartMode@SapTransfer@@UEBAHXZ 0000000140014fca f   SapClassBasic:SapClassBasic82.dll
 0001:00013fd0       ?IsCycleModeAvailable@SapTransfer@@UEAAHHH@Z 0000000140014fd0 f   SapClassBasic:SapClassBasic82.dll
 0001:00013fd6       ?GetConnectTimeout@SapTransfer@@UEBAHXZ 0000000140014fd6 f   SapClassBasic:SapClassBasic82.dll
 0001:00013fdc       ?SetCallbackInfo@SapTransfer@@UEAAHPEAVSapXferPair@@@Z 0000000140014fdc f   SapClassBasic:SapClassBasic82.dll
 0001:00013fe2       ?SetCallbackInfo@SapTransfer@@UEAAHP6AXPEAVSapXferCallbackInfo@@@ZPEAX@Z 0000000140014fe2 f   SapClassBasic:SapClassBasic82.dll
 0001:00013fe8       ?SetTrashCallbackInfo@SapTransfer@@UEAAHPEAVSapXferPair@@@Z 0000000140014fe8 f   SapClassBasic:SapClassBasic82.dll
 0001:00013fee       ?SetTrashCallbackInfo@SapTransfer@@UEAAHP6AXPEAVSapXferCallbackInfo@@@Z@Z 0000000140014fee f   SapClassBasic:SapClassBasic82.dll
 0001:00013ff4       ?SetAutoEmpty@SapTransfer@@UEAAXH@Z 0000000140014ff4 f   SapClassBasic:SapClassBasic82.dll
 0001:00013ffa       ?SetAutoConnect@SapTransfer@@UEAAXH@Z 0000000140014ffa f   SapClassBasic:SapClassBasic82.dll
 0001:00014000       ?IsCapabilityValid@SapTransfer@@UEAAHH@Z 0000000140015000 f   SapClassBasic:SapClassBasic82.dll
 0001:00014006       ?IsParameterValid@SapTransfer@@UEAAHH@Z 0000000140015006 f   SapClassBasic:SapClassBasic82.dll
 0001:0001400c       ?GetCapability@SapTransfer@@UEAAHHPEAX@Z 000000014001500c f   SapClassBasic:SapClassBasic82.dll
 0001:00014012       ?GetParameter@SapTransfer@@UEAAHHPEAX@Z 0000000140015012 f   SapClassBasic:SapClassBasic82.dll
 0001:00014018       ?SetParameter@SapTransfer@@UEAAHHPEAX@Z 0000000140015018 f   SapClassBasic:SapClassBasic82.dll
 0001:0001401e       ?SetParameter@SapTransfer@@UEAAHHH@Z 000000014001501e f   SapClassBasic:SapClassBasic82.dll
 0001:00014024       ?Select@SapTransfer@@UEAAHPEAVSapXferPair@@HH@Z 0000000140015024 f   SapClassBasic:SapClassBasic82.dll
 0001:0001402a       ?Select@SapTransfer@@UEAAHHHH@Z 000000014001502a f   SapClassBasic:SapClassBasic82.dll
 0001:00014030       ?SetStartMode@SapTransfer@@MEAAHXZ 0000000140015030 f   SapClassBasic:SapClassBasic82.dll
 0001:00014036       ?SetStartMode@SapTransfer@@UEAAHH@Z 0000000140015036 f   SapClassBasic:SapClassBasic82.dll
 0001:0001403c       ?SetConnectTimeout@SapTransfer@@UEAAHH@Z 000000014001503c f   SapClassBasic:SapClassBasic82.dll
 0001:00014042       ?UpdateFrameRateStatistics@SapAcqDeviceToBuf@@UEAAHXZ 0000000140015042 f   SapClassBasic:SapClassBasic82.dll
 0001:00014048       ?SetEventType@SapTransfer@@UEAAHPEAVSapXferPair@@@Z 0000000140015048 f   SapClassBasic:SapClassBasic82.dll
 0001:0001404e       ?SetEventCountSource@SapTransfer@@UEAAHPEAVSapXferPair@@@Z 000000014001504e f   SapClassBasic:SapClassBasic82.dll
 0001:00014054       ?SetCycleMode@SapTransfer@@UEAAHPEAVSapXferPair@@@Z 0000000140015054 f   SapClassBasic:SapClassBasic82.dll
 0001:0001405a       ?SetFlipMode@SapTransfer@@UEAAHPEAVSapXferPair@@@Z 000000014001505a f   SapClassBasic:SapClassBasic82.dll
 0001:00014060       ?SetCounterStampTimeBase@SapTransfer@@UEAAHPEAVSapXferPair@@@Z 0000000140015060 f   SapClassBasic:SapClassBasic82.dll
 0001:00014066       ?SetFlatFieldCycleMode@SapTransfer@@UEAAHPEAVSapXferPair@@@Z 0000000140015066 f   SapClassBasic:SapClassBasic82.dll
 0001:0001406c       ?SetDynamicLutCycleMode@SapTransfer@@UEAAHPEAVSapXferPair@@@Z 000000014001506c f   SapClassBasic:SapClassBasic82.dll
 0001:00014072       ?SetFramesPerCallback@SapTransfer@@UEAAHPEAVSapXferPair@@@Z 0000000140015072 f   SapClassBasic:SapClassBasic82.dll
 0001:00014078       ?SetFramesOnBoard@SapTransfer@@UEAAHPEAVSapXferPair@@@Z 0000000140015078 f   SapClassBasic:SapClassBasic82.dll
 0001:0001407e       ?SetRelativeBufferIndex@SapTransfer@@UEAAHPEAVSapXferPair@@@Z 000000014001507e f   SapClassBasic:SapClassBasic82.dll
 0001:00014084       ?SetNbInputFrames@SapTransfer@@UEAAHPEAVSapXferPair@@@Z 0000000140015084 f   SapClassBasic:SapClassBasic82.dll
 0001:0001408a       ?SetNbOutputFrames@SapTransfer@@UEAAHPEAVSapXferPair@@@Z 000000014001508a f   SapClassBasic:SapClassBasic82.dll
 0001:00014090       ?RegisterCallback@SapTransfer@@UEAAHHP6AXPEAVSapXferCallbackInfo@@@ZPEAXI@Z 0000000140015090 f   SapClassBasic:SapClassBasic82.dll
 0001:00014096       ?UnregisterCallback@SapTransfer@@UEAAHXZ 0000000140015096 f   SapClassBasic:SapClassBasic82.dll
 0001:0001409c       ?UpdateParameters@SapTransfer@@UEAAHXZ 000000014001509c f   SapClassBasic:SapClassBasic82.dll
 0001:000140a2       ?Snap@SapTransfer@@UEAAHH@Z 00000001400150a2 f   SapClassBasic:SapClassBasic82.dll
 0001:000140a8       ?Grab@SapTransfer@@UEAAHXZ 00000001400150a8 f   SapClassBasic:SapClassBasic82.dll
 0001:000140ae       ?Freeze@SapTransfer@@UEAAHXZ 00000001400150ae f   SapClassBasic:SapClassBasic82.dll
 0001:000140b4       ?Abort@SapTransfer@@UEAAHXZ 00000001400150b4 f   SapClassBasic:SapClassBasic82.dll
 0001:000140ba       ?Wait@SapTransfer@@UEAAHH@Z 00000001400150ba f   SapClassBasic:SapClassBasic82.dll
 0001:000140c0       ?Init@SapTransfer@@UEAAHH@Z 00000001400150c0 f   SapClassBasic:SapClassBasic82.dll
 0001:000140c6       ?XferIsCycleModeAvailable@SapTransfer@@MEAAHPEAVSapXferPair@@H@Z 00000001400150c6 f   SapClassBasic:SapClassBasic82.dll
 0001:000140cc       ?CreatePair@SapTransfer@@MEAAHH@Z 00000001400150cc f   SapClassBasic:SapClassBasic82.dll
 0001:000140d2       ?DestroyPair@SapTransfer@@MEAAHH@Z 00000001400150d2 f   SapClassBasic:SapClassBasic82.dll
 0001:000140d8       ?GetCapabilities@SapTransfer@@MEAAHH@Z 00000001400150d8 f   SapClassBasic:SapClassBasic82.dll
 0001:000140de       ?SetParameters@SapTransfer@@MEAAHXZ 00000001400150de f   SapClassBasic:SapClassBasic82.dll
 0001:000140e4       ?SetParameters@SapTransfer@@MEAAHH@Z 00000001400150e4 f   SapClassBasic:SapClassBasic82.dll
 0001:000140ea       ?FindPairIndex@SapTransfer@@MEAAHPEAVSapXferPair@@PEAH@Z 00000001400150ea f   SapClassBasic:SapClassBasic82.dll
 0001:000140f0       ?Create@SapView@@UEAAHXZ   00000001400150f0 f   SapClassBasic:SapClassBasic82.dll
 0001:000140f6       ?Destroy@SapView@@UEAAHXZ  00000001400150f6 f   SapClassBasic:SapClassBasic82.dll
 0001:000140fc       ?GetHandle@SapView@@UEBAPEAU__CORHANDLE@@H@Z 00000001400150fc f   SapClassBasic:SapClassBasic82.dll
 0001:00014102       ?GetHandle@SapView@@UEBAPEAU__CORHANDLE@@XZ 0000000140015102 f   SapClassBasic:SapClassBasic82.dll
 0001:00014108       ?IsAutoEmpty@SapView@@UEBAHXZ 0000000140015108 f   SapClassBasic:SapClassBasic82.dll
 0001:0001410e       ?SetDisplay@SapView@@UEAAHPEAVSapDisplay@@@Z 000000014001510e f   SapClassBasic:SapClassBasic82.dll
 0001:00014114       ?SetBuffer@SapView@@UEAAHPEAVSapBuffer@@@Z 0000000140015114 f   SapClassBasic:SapClassBasic82.dll
 0001:0001411a       ?SetWindow@SapView@@UEAAHPEAUHWND__@@@Z 000000014001511a f   SapClassBasic:SapClassBasic82.dll
 0001:00014120       ?SetCallbackInfo@SapView@@UEAAHP6AXPEAVSapViewCallbackInfo@@@ZPEAX@Z 0000000140015120 f   SapClassBasic:SapClassBasic82.dll
 0001:00014126       ?GetWidth@SapView@@UEAAHXZ 0000000140015126 f   SapClassBasic:SapClassBasic82.dll
 0001:0001412c       ?GetHeight@SapView@@UEAAHXZ 000000014001512c f   SapClassBasic:SapClassBasic82.dll
 0001:00014132       ?GetViewArea@SapView@@UEAAHPEAH0@Z 0000000140015132 f   SapClassBasic:SapClassBasic82.dll
 0001:00014138       ?IsCapabilityValid@SapView@@UEAAHH@Z 0000000140015138 f   SapClassBasic:SapClassBasic82.dll
 0001:0001413e       ?GetCapability@SapView@@UEAAHHPEAX@Z 000000014001513e f   SapClassBasic:SapClassBasic82.dll
 0001:00014144       ?IsParameterValid@SapView@@UEAAHH@Z 0000000140015144 f   SapClassBasic:SapClassBasic82.dll
 0001:0001414a       ?GetParameter@SapView@@UEAAHHPEAX@Z 000000014001514a f   SapClassBasic:SapClassBasic82.dll
 0001:00014150       ?SetParameter@SapView@@UEAAHHPEAX@Z 0000000140015150 f   SapClassBasic:SapClassBasic82.dll
 0001:00014156       ?SetParameter@SapView@@UEAAHHH@Z 0000000140015156 f   SapClassBasic:SapClassBasic82.dll
 0001:0001415c       ?SetWindowTitle@SapView@@UEAAHPEBD@Z 000000014001515c f   SapClassBasic:SapClassBasic82.dll
 0001:00014162       ?GetWindowTitle@SapView@@UEAAHPEAD@Z 0000000140015162 f   SapClassBasic:SapClassBasic82.dll
 0001:00014168       ?SetOverlayMode@SapView@@UEAAHH@Z 0000000140015168 f   SapClassBasic:SapClassBasic82.dll
 0001:0001416e       ?SetKeyColor@SapView@@MEAAHXZ 000000014001516e f   SapClassBasic:SapClassBasic82.dll
 0001:00014174       ?SetKeyColor@SapView@@UEAAHVSapDataRGB@@@Z 0000000140015174 f   SapClassBasic:SapClassBasic82.dll
 0001:0001417a       ?GetDC@SapView@@UEAAHPEAPEAUHDC__@@@Z 000000014001517a f   SapClassBasic:SapClassBasic82.dll
 0001:00014180       ?ReleaseDC@SapView@@UEAAHXZ 0000000140015180 f   SapClassBasic:SapClassBasic82.dll
 0001:00014186       ?Init@SapView@@UEAAXXZ     0000000140015186 f   SapClassBasic:SapClassBasic82.dll
 0001:0001418c       ?Show@SapView@@UEAAXH@Z    000000014001518c f   SapClassBasic:SapClassBasic82.dll
 0001:00014192       ?Show@SapView@@UEAAXXZ     0000000140015192 f   SapClassBasic:SapClassBasic82.dll
 0001:00014198       ?ShowNext@SapView@@UEAAXXZ 0000000140015198 f   SapClassBasic:SapClassBasic82.dll
 0001:0001419e       ?Hide@SapView@@UEAAXXZ     000000014001519e f   SapClassBasic:SapClassBasic82.dll
 0001:000141a4       ?HasRange@SapView@@UEAAHXZ 00000001400151a4 f   SapClassBasic:SapClassBasic82.dll
 0001:000141aa       ?GetRange@SapView@@UEAAHXZ 00000001400151aa f   SapClassBasic:SapClassBasic82.dll
 0001:000141b0       ?GetRangeMinMax@SapView@@UEAAXPEAH0@Z 00000001400151b0 f   SapClassBasic:SapClassBasic82.dll
 0001:000141b6       ?SetRange@SapView@@UEAAHH@Z 00000001400151b6 f   SapClassBasic:SapClassBasic82.dll
 0001:000141bc       ?SetScalingMode@SapView@@UEAAHAEBVSapViewScaleParams@@0H@Z 00000001400151bc f   SapClassBasic:SapClassBasic82.dll
 0001:000141c2       ?SetScalingMode@SapView@@UEAAHMMH@Z 00000001400151c2 f   SapClassBasic:SapClassBasic82.dll
 0001:000141c8       ?SetScalingMode@SapView@@UEAAHW4ScalingMode@1@HH@Z 00000001400151c8 f   SapClassBasic:SapClassBasic82.dll
 0001:000141ce       ?SetAutoEmpty@SapView@@UEAAXH@Z 00000001400151ce f   SapClassBasic:SapClassBasic82.dll
 0001:000141d4       ?SetImmediateMode@SapView@@UEAAXH@Z 00000001400151d4 f   SapClassBasic:SapClassBasic82.dll
 0001:000141da       ?SetThreadPriority@SapView@@UEAAXH@Z 00000001400151da f   SapClassBasic:SapClassBasic82.dll
 0001:000141e0       ?ApplyLut@SapView@@UEAAHXZ 00000001400151e0 f   SapClassBasic:SapClassBasic82.dll
 0001:000141e6       ?OnPaint@SapView@@UEAAXXZ  00000001400151e6 f   SapClassBasic:SapClassBasic82.dll
 0001:000141ec       ?OnMove@SapView@@UEAAXXZ   00000001400151ec f   SapClassBasic:SapClassBasic82.dll
 0001:000141f2       ?OnSize@SapView@@UEAAXH@Z  00000001400151f2 f   SapClassBasic:SapClassBasic82.dll
 0001:000141f8       ?OnHScroll@SapView@@UEAAXH@Z 00000001400151f8 f   SapClassBasic:SapClassBasic82.dll
 0001:000141fe       ?OnVScroll@SapView@@UEAAXH@Z 00000001400151fe f   SapClassBasic:SapClassBasic82.dll
 0001:00014204       ?GetHandles@SapView@@UEBAPEAPEAU__CORHANDLE@@XZ 0000000140015204 f   SapClassBasic:SapClassBasic82.dll
 0001:0001420a       ??ASapView@@UEBAPEAU__CORHANDLE@@H@Z 000000014001520a f   SapClassBasic:SapClassBasic82.dll
 0001:00014210       ?SetBuffers@SapView@@UEAAHPEAVSapBuffer@@@Z 0000000140015210 f   SapClassBasic:SapClassBasic82.dll
 0001:00014216       ?DoShow@SapView@@MEAAXXZ   0000000140015216 f   SapClassBasic:SapClassBasic82.dll
 0001:0001421c       ?Next@SapView@@MEAAXXZ     000000014001521c f   SapClassBasic:SapClassBasic82.dll
 0001:00014222       ?SetScrollPosAndRange@SapView@@MEAAXXZ 0000000140015222 f   SapClassBasic:SapClassBasic82.dll
 0001:00014228       ?LoadLut@SapView@@MEAAHXZ  0000000140015228 f   SapClassBasic:SapClassBasic82.dll
 0001:0001422e       ??1SapAcqDeviceToBuf@@UEAA@XZ 000000014001522e f   SapClassBasic:SapClassBasic82.dll
 0001:00014234       ??1SapAcqDevice@@UEAA@XZ   0000000140015234 f   SapClassBasic:SapClassBasic82.dll
 0001:0001423a       ??1SapBufferWithTrash@@UEAA@XZ 000000014001523a f   SapClassBasic:SapClassBasic82.dll
 0001:00014240       ??1SapView@@UEAA@XZ        0000000140015240 f   SapClassBasic:SapClassBasic82.dll
 0001:00014246       ?SetCycleMode@SapXferPair@@QEAAHH@Z 0000000140015246 f   SapClassBasic:SapClassBasic82.dll
 0001:0001424c       ?GetPair@SapTransfer@@QEAAPEAVSapXferPair@@H@Z 000000014001524c f   SapClassBasic:SapClassBasic82.dll
 0001:00014252       ??BSapManager@@QEBAHXZ     0000000140015252 f   SapClassBasic:SapClassBasic82.dll
 0001:00014258       ?GetBuffer@SapView@@QEBAPEAVSapBuffer@@XZ 0000000140015258 f   SapClassBasic:SapClassBasic82.dll
 0001:0001425e       ??1CImageExWnd@@UEAA@XZ    000000014001525e f   SapClassGuiD:SapClassGui82D.NET_2010.dll
 0001:00014264       ??0CImageExWnd@@QEAA@XZ    0000000140015264 f   SapClassGuiD:SapClassGui82D.NET_2010.dll
 0001:0001426a       ??0CImageExWndEventHandler@@QEAA@XZ 000000014001526a f   SapClassGuiD:SapClassGui82D.NET_2010.dll
 0001:00014270       ?ScaleChanged@CImageViewportWndEventHandler@@UEAAXXZ 0000000140015270 f   SapClassGuiD:SapClassGui82D.NET_2010.dll
 0001:00014276       ?RoiChanged@CImageViewportWndEventHandler@@UEAAXXZ 0000000140015276 f   SapClassGuiD:SapClassGui82D.NET_2010.dll
 0001:0001427c       ?ViewChanged@CImageViewportWndEventHandler@@UEAAXXZ 000000014001527c f   SapClassGuiD:SapClassGui82D.NET_2010.dll
 0001:00014282       ?MarkerChanged@CImageExWndEventHandler@@UEAAXXZ 0000000140015282 f   SapClassGuiD:SapClassGui82D.NET_2010.dll
 0001:00014288       ?InteractiveMarkerChanged@CImageExWndEventHandler@@UEAAXH@Z 0000000140015288 f   SapClassGuiD:SapClassGui82D.NET_2010.dll
 0001:0001428e       ?GetPixelString@CImageExWnd@@QEBA?AV?$CStringT@DV?$StrTraitMFC_DLL@DV?$ChTraitsCRT@D@ATL@@@@@ATL@@VCPoint@@@Z 000000014001528e f   SapClassGuiD:SapClassGui82D.NET_2010.dll
 0001:00014294       ?Reset@CImageExWnd@@QEAAXXZ 0000000140015294 f   SapClassGuiD:SapClassGui82D.NET_2010.dll
 0001:0001429a       ?AttachSapView@CImageExWnd@@QEAA_NPEAVSapView@@@Z 000000014001529a f   SapClassGuiD:SapClassGui82D.NET_2010.dll
 0001:000142a0       ??1CViewDlg@@UEAA@XZ       00000001400152a0 f   SapClassGuiD:SapClassGui82D.NET_2010.dll
 0001:000142a6       ?Refresh@CImageExWnd@@QEAAXXZ 00000001400152a6 f   SapClassGuiD:SapClassGui82D.NET_2010.dll
 0001:000142ac       ??0CViewDlg@@QEAA@PEAVCWnd@@PEAVSapView@@@Z 00000001400152ac f   SapClassGuiD:SapClassGui82D.NET_2010.dll
 0001:000142b2       ??1CAbortDlg@@UEAA@XZ      00000001400152b2 f   SapClassGuiD:SapClassGui82D.NET_2010.dll
 0001:000142b8       ??0CAbortDlg@@QEAA@PEAVCWnd@@PEAVSapTransfer@@H@Z 00000001400152b8 f   SapClassGuiD:SapClassGui82D.NET_2010.dll
 0001:000142be       ZLBSaveImage               00000001400152be f   ZLBImage:ZLBImage.dll
 0001:000142c4       ZLBCreateDirectory         00000001400152c4 f   ZLBCommon:ZLBCommon.dll
 0001:000142ca       ZLBGetFormatTime           00000001400152ca f   ZLBCommon:ZLBCommon.dll
 0001:000142d0       ZLBIsPathExist             00000001400152d0 f   ZLBCommon:ZLBCommon.dll
 0001:000142d6       ZLBIniReadDouble           00000001400152d6 f   ZLBCommon:ZLBCommon.dll
 0001:000142dc       ZLBIniReadString           00000001400152dc f   ZLBCommon:ZLBCommon.dll
 0001:000142e2       ZLBIniReadInt              00000001400152e2 f   ZLBCommon:ZLBCommon.dll
 0001:000142e8       ZLBIniFile                 00000001400152e8 f   ZLBCommon:ZLBCommon.dll
 0001:000142ee       ZLBGetCurrentPath          00000001400152ee f   ZLBCommon:ZLBCommon.dll
 0001:000142f4       ??3@YAXPEAX@Z              00000001400152f4 f   mfc100d:mfc100d.dll
 0001:000142fa       ?GetThisMessageMap@CWinApp@@KAPEBUAFX_MSGMAP@@XZ 00000001400152fa f   mfc100d:mfc100d.dll
 0001:00014300       ??0CWinApp@@QEAA@PEBD@Z    0000000140015300 f   mfc100d:mfc100d.dll
 0001:00014306       ?GetRuntimeClass@CWinApp@@UEBAPEAUCRuntimeClass@@XZ 0000000140015306 f   mfc100d:mfc100d.dll
 0001:0001430c       ?Serialize@CObject@@UEAAXAEAVCArchive@@@Z 000000014001530c f   mfc100d:mfc100d.dll
 0001:00014312       ?AssertValid@CWinApp@@UEBAXXZ 0000000140015312 f   mfc100d:mfc100d.dll
 0001:00014318       ?Dump@CWinApp@@UEBAXAEAVCDumpContext@@@Z 0000000140015318 f   mfc100d:mfc100d.dll
 0001:0001431e       ?OnCmdMsg@CCmdTarget@@UEAAHIHPEAXPEAUAFX_CMDHANDLERINFO@@@Z 000000014001531e f   mfc100d:mfc100d.dll
 0001:00014324       ?OnFinalRelease@CCmdTarget@@UEAAXXZ 0000000140015324 f   mfc100d:mfc100d.dll
 0001:0001432a       ?IsInvokeAllowed@CCmdTarget@@UEAAHJ@Z 000000014001532a f   mfc100d:mfc100d.dll
 0001:00014330       ?GetDispatchIID@CCmdTarget@@UEAAHPEAU_GUID@@@Z 0000000140015330 f   mfc100d:mfc100d.dll
 0001:00014336       ?GetTypeInfoCount@CCmdTarget@@UEAAIXZ 0000000140015336 f   mfc100d:mfc100d.dll
 0001:0001433c       ?GetTypeLibCache@CCmdTarget@@UEAAPEAVCTypeLibCache@@XZ 000000014001533c f   mfc100d:mfc100d.dll
 0001:00014342       ?GetTypeLib@CCmdTarget@@UEAAJKPEAPEAUITypeLib@@@Z 0000000140015342 f   mfc100d:mfc100d.dll
 0001:00014348       ?GetCommandMap@CCmdTarget@@MEBAPEBUAFX_OLECMDMAP@@XZ 0000000140015348 f   mfc100d:mfc100d.dll
 0001:0001434e       ?GetDispatchMap@CCmdTarget@@MEBAPEBUAFX_DISPMAP@@XZ 000000014001534e f   mfc100d:mfc100d.dll
 0001:00014354       ?GetConnectionMap@CCmdTarget@@MEBAPEBUAFX_CONNECTIONMAP@@XZ 0000000140015354 f   mfc100d:mfc100d.dll
 0001:0001435a       ?GetInterfaceMap@CCmdTarget@@MEBAPEBUAFX_INTERFACEMAP@@XZ 000000014001535a f   mfc100d:mfc100d.dll
 0001:00014360       ?GetEventSinkMap@CCmdTarget@@MEBAPEBUAFX_EVENTSINKMAP@@XZ 0000000140015360 f   mfc100d:mfc100d.dll
 0001:00014366       ?OnCreateAggregates@CCmdTarget@@UEAAHXZ 0000000140015366 f   mfc100d:mfc100d.dll
 0001:0001436c       ?GetInterfaceHook@CCmdTarget@@UEAAPEAUIUnknown@@PEBX@Z 000000014001536c f   mfc100d:mfc100d.dll
 0001:00014372       ?GetExtraConnectionPoints@CCmdTarget@@MEAAHPEAVCPtrArray@@@Z 0000000140015372 f   mfc100d:mfc100d.dll
 0001:00014378       ?GetConnectionHook@CCmdTarget@@MEAAPEAUIConnectionPoint@@AEBU_GUID@@@Z 0000000140015378 f   mfc100d:mfc100d.dll
 0001:0001437e       ?Run@CWinApp@@UEAAHXZ      000000014001537e f   mfc100d:mfc100d.dll
 0001:00014384       ?PreTranslateMessage@CWinThread@@UEAAHPEAUtagMSG@@@Z 0000000140015384 f   mfc100d:mfc100d.dll
 0001:0001438a       ?PumpMessage@CWinThread@@UEAAHXZ 000000014001538a f   mfc100d:mfc100d.dll
 0001:00014390       ?OnIdle@CWinApp@@UEAAHJ@Z  0000000140015390 f   mfc100d:mfc100d.dll
 0001:00014396       ?IsIdleMessage@CWinThread@@UEAAHPEAUtagMSG@@@Z 0000000140015396 f   mfc100d:mfc100d.dll
 0001:0001439c       ?ExitInstance@CWinApp@@UEAAHXZ 000000014001539c f   mfc100d:mfc100d.dll
 0001:000143a2       ?ProcessWndProcException@CWinApp@@UEAA_JPEAVCException@@PEBUtagMSG@@@Z 00000001400153a2 f   mfc100d:mfc100d.dll
 0001:000143a8       ?ProcessMessageFilter@CWinThread@@UEAAHHPEAUtagMSG@@@Z 00000001400153a8 f   mfc100d:mfc100d.dll
 0001:000143ae       ?GetMainWnd@CWinThread@@UEAAPEAVCWnd@@XZ 00000001400153ae f   mfc100d:mfc100d.dll
 0001:000143b4       ?Delete@CWinThread@@UEAAXXZ 00000001400153b4 f   mfc100d:mfc100d.dll
 0001:000143ba       ?GetProfileIntA@CWinApp@@UEAAIPEBD0H@Z 00000001400153ba f   mfc100d:mfc100d.dll
 0001:000143c0       ?WriteProfileInt@CWinApp@@UEAAHPEBD0H@Z 00000001400153c0 f   mfc100d:mfc100d.dll
 0001:000143c6       ?GetProfileStringA@CWinApp@@UEAA?AV?$CStringT@DV?$StrTraitMFC_DLL@DV?$ChTraitsCRT@D@ATL@@@@@ATL@@PEBD00@Z 00000001400153c6 f   mfc100d:mfc100d.dll
 0001:000143cc       ?WriteProfileStringA@CWinApp@@UEAAHPEBD00@Z 00000001400153cc f   mfc100d:mfc100d.dll
 0001:000143d2       ?GetProfileBinary@CWinApp@@UEAAHPEBD0PEAPEAEPEAI@Z 00000001400153d2 f   mfc100d:mfc100d.dll
 0001:000143d8       ?WriteProfileBinary@CWinApp@@UEAAHPEBD0PEAEI@Z 00000001400153d8 f   mfc100d:mfc100d.dll
 0001:000143de       ?InitLibId@CWinApp@@UEAAXXZ 00000001400153de f   mfc100d:mfc100d.dll
 0001:000143e4       ?Register@CWinApp@@UEAAHXZ 00000001400153e4 f   mfc100d:mfc100d.dll
 0001:000143ea       ?Unregister@CWinApp@@UEAAHXZ 00000001400153ea f   mfc100d:mfc100d.dll
 0001:000143f0       ?OpenDocumentFile@CWinApp@@UEAAPEAVCDocument@@PEBDH@Z 00000001400153f0 f   mfc100d:mfc100d.dll
 0001:000143f6       ?OpenDocumentFile@CWinApp@@UEAAPEAVCDocument@@PEBD@Z 00000001400153f6 f   mfc100d:mfc100d.dll
 0001:000143fc       ?AddToRecentFileList@CWinApp@@UEAAXPEBD@Z 00000001400153fc f   mfc100d:mfc100d.dll
 0001:00014402       ?InitApplication@CWinApp@@UEAAHXZ 0000000140015402 f   mfc100d:mfc100d.dll
 0001:00014408       ?SaveAllModified@CWinApp@@UEAAHXZ 0000000140015408 f   mfc100d:mfc100d.dll
 0001:0001440e       ?DoMessageBox@CWinApp@@UEAAHPEBDII@Z 000000014001540e f   mfc100d:mfc100d.dll
 0001:00014414       ?DoWaitCursor@CWinApp@@UEAAXH@Z 0000000140015414 f   mfc100d:mfc100d.dll
 0001:0001441a       ?OnDDECommand@CWinApp@@UEAAHPEAD@Z 000000014001541a f   mfc100d:mfc100d.dll
 0001:00014420       ?WinHelpA@CWinApp@@UEAAX_KI@Z 0000000140015420 f   mfc100d:mfc100d.dll
 0001:00014426       ?HtmlHelpA@CWinApp@@UEAAX_KI@Z 0000000140015426 f   mfc100d:mfc100d.dll
 0001:0001442c       ?WinHelpInternal@CWinApp@@UEAAX_KI@Z 000000014001542c f   mfc100d:mfc100d.dll
 0001:00014432       ?RegisterWithRestartManager@CWinApp@@UEAAJPEB_WKP6AKPEAX@Z1KK@Z 0000000140015432 f   mfc100d:mfc100d.dll
 0001:00014438       ?RegisterWithRestartManager@CWinApp@@UEAAJHAEBV?$CStringT@DV?$StrTraitMFC_DLL@DV?$ChTraitsCRT@D@ATL@@@@@ATL@@@Z 0000000140015438 f   mfc100d:mfc100d.dll
 0001:0001443e       ?ApplicationRecoveryCallback@CWinApp@@UEAAKPEAX@Z 000000014001543e f   mfc100d:mfc100d.dll
 0001:00014444       ?GetDataRecoveryHandler@CWinApp@@UEAAPEAVCDataRecoveryHandler@@XZ 0000000140015444 f   mfc100d:mfc100d.dll
 0001:0001444a       ?IsTaskbarInteractionEnabled@CWinApp@@UEAAHXZ 000000014001544a f   mfc100d:mfc100d.dll
 0001:00014450       ?RestartInstance@CWinApp@@UEAAHXZ 0000000140015450 f   mfc100d:mfc100d.dll
 0001:00014456       ?LoadAppLangResourceDLL@CWinApp@@UEAAPEAUHINSTANCE__@@XZ 0000000140015456 f   mfc100d:mfc100d.dll
 0001:0001445c       ?LoadSysPolicies@CWinApp@@UEAAHXZ 000000014001545c f   mfc100d:mfc100d.dll
 0001:00014462       ??3CObject@@SAXPEAX@Z      0000000140015462 f   mfc100d:mfc100d.dll
 0001:00014468       ??1CWinApp@@UEAA@XZ        0000000140015468 f   mfc100d:mfc100d.dll
 0001:0001446e       ?DoModal@CDialog@@UEAA_JXZ 000000014001546e f   mfc100d:mfc100d.dll
 0001:00014474       ?AfxEnableControlContainer@@YAXPEAVCOccManager@@@Z 0000000140015474 f   mfc100d:mfc100d.dll
 0001:0001447a       ??1CDialog@@UEAA@XZ        000000014001547a f   mfc100d:mfc100d.dll
 0001:00014480       ??1CStatic@@UEAA@XZ        0000000140015480 f   mfc100d:mfc100d.dll
 0001:00014486       ??1CEdit@@UEAA@XZ          0000000140015486 f   mfc100d:mfc100d.dll
 0001:0001448c       ??1CButton@@UEAA@XZ        000000014001548c f   mfc100d:mfc100d.dll
 0001:00014492       ??1CComboBox@@UEAA@XZ      0000000140015492 f   mfc100d:mfc100d.dll
 0001:00014498       ??1?$CStringT@DV?$StrTraitMFC_DLL@DV?$ChTraitsCRT@D@ATL@@@@@ATL@@QEAA@XZ 0000000140015498 f   mfc100d:mfc100d.dll
 0001:0001449e       ??0CDialog@@QEAA@IPEAVCWnd@@@Z 000000014001549e f   mfc100d:mfc100d.dll
 0001:000144a4       ?GetRuntimeClass@CDialog@@UEBAPEAUCRuntimeClass@@XZ 00000001400154a4 f   mfc100d:mfc100d.dll
 0001:000144aa       ?AssertValid@CDialog@@UEBAXXZ 00000001400154aa f   mfc100d:mfc100d.dll
 0001:000144b0       ?Dump@CDialog@@UEBAXAEAVCDumpContext@@@Z 00000001400154b0 f   mfc100d:mfc100d.dll
 0001:000144b6       ?OnCmdMsg@CDialog@@UEAAHIHPEAXPEAUAFX_CMDHANDLERINFO@@@Z 00000001400154b6 f   mfc100d:mfc100d.dll
 0001:000144bc       ?OnFinalRelease@CWnd@@UEAAXXZ 00000001400154bc f   mfc100d:mfc100d.dll
 0001:000144c2       ?GetInterfaceMap@CWnd@@MEBAPEBUAFX_INTERFACEMAP@@XZ 00000001400154c2 f   mfc100d:mfc100d.dll
 0001:000144c8       ?PreSubclassWindow@CWnd@@UEAAXXZ 00000001400154c8 f   mfc100d:mfc100d.dll
 0001:000144ce       ?Create@CWnd@@UEAAHPEBD0KAEBUtagRECT@@PEAV1@IPEAUCCreateContext@@@Z 00000001400154ce f   mfc100d:mfc100d.dll
 0001:000144d4       ?CreateEx@CWnd@@UEAAHKPEBD0KAEBUtagRECT@@PEAV1@IPEAX@Z 00000001400154d4 f   mfc100d:mfc100d.dll
 0001:000144da       ?CreateEx@CWnd@@UEAAHKPEBD0KHHHHPEAUHWND__@@PEAUHMENU__@@PEAX@Z 00000001400154da f   mfc100d:mfc100d.dll
 0001:000144e0       ?DestroyWindow@CWnd@@UEAAHXZ 00000001400154e0 f   mfc100d:mfc100d.dll
 0001:000144e6       ?PreCreateWindow@CWnd@@UEAAHAEAUtagCREATESTRUCTA@@@Z 00000001400154e6 f   mfc100d:mfc100d.dll
 0001:000144ec       ?CalcWindowRect@CWnd@@UEAAXPEAUtagRECT@@I@Z 00000001400154ec f   mfc100d:mfc100d.dll
 0001:000144f2       ?GetMenu@CWnd@@UEBAPEAVCMenu@@XZ 00000001400154f2 f   mfc100d:mfc100d.dll
 0001:000144f8       ?SetMenu@CWnd@@UEAAHPEAVCMenu@@@Z 00000001400154f8 f   mfc100d:mfc100d.dll
 0001:000144fe       ?OnToolHitTest@CWnd@@UEBA_JVCPoint@@PEAUtagTOOLINFOA@@@Z 00000001400154fe f   mfc100d:mfc100d.dll
 0001:00014504       ?GetScrollBarCtrl@CWnd@@UEBAPEAVCScrollBar@@H@Z 0000000140015504 f   mfc100d:mfc100d.dll
 0001:0001450a       ?WinHelpA@CWnd@@UEAAX_KI@Z 000000014001550a f   mfc100d:mfc100d.dll
 0001:00014510       ?HtmlHelpA@CWnd@@UEAAX_KI@Z 0000000140015510 f   mfc100d:mfc100d.dll
 0001:00014516       ?WinHelpInternal@CWnd@@UEAAX_KI@Z 0000000140015516 f   mfc100d:mfc100d.dll
 0001:0001451c       ?ContinueModal@CWnd@@UEAAHXZ 000000014001551c f   mfc100d:mfc100d.dll
 0001:00014522       ?EndModalLoop@CWnd@@UEAAXH@Z 0000000140015522 f   mfc100d:mfc100d.dll
 0001:00014528       ?OnDrawIconicThumbnailOrLivePreview@CWnd@@UEAAXAEAVCDC@@VCRect@@VCSize@@HAEAH@Z 0000000140015528 f   mfc100d:mfc100d.dll
 0001:0001452e       ?EnsureStdObj@CWnd@@UEAAJXZ 000000014001552e f   mfc100d:mfc100d.dll
 0001:00014534       ?get_accParent@CWnd@@UEAAJPEAPEAUIDispatch@@@Z 0000000140015534 f   mfc100d:mfc100d.dll
 0001:0001453a       ?get_accChildCount@CWnd@@UEAAJPEAJ@Z 000000014001553a f   mfc100d:mfc100d.dll
 0001:00014540       ?get_accChild@CWnd@@UEAAJUtagVARIANT@@PEAPEAUIDispatch@@@Z 0000000140015540 f   mfc100d:mfc100d.dll
 0001:00014546       ?get_accName@CWnd@@UEAAJUtagVARIANT@@PEAPEA_W@Z 0000000140015546 f   mfc100d:mfc100d.dll
 0001:0001454c       ?get_accValue@CWnd@@UEAAJUtagVARIANT@@PEAPEA_W@Z 000000014001554c f   mfc100d:mfc100d.dll
 0001:00014552       ?get_accDescription@CWnd@@UEAAJUtagVARIANT@@PEAPEA_W@Z 0000000140015552 f   mfc100d:mfc100d.dll
 0001:00014558       ?get_accRole@CWnd@@UEAAJUtagVARIANT@@PEAU2@@Z 0000000140015558 f   mfc100d:mfc100d.dll
 0001:0001455e       ?get_accState@CWnd@@UEAAJUtagVARIANT@@PEAU2@@Z 000000014001555e f   mfc100d:mfc100d.dll
 0001:00014564       ?get_accHelp@CWnd@@UEAAJUtagVARIANT@@PEAPEA_W@Z 0000000140015564 f   mfc100d:mfc100d.dll
 0001:0001456a       ?get_accHelpTopic@CWnd@@UEAAJPEAPEA_WUtagVARIANT@@PEAJ@Z 000000014001556a f   mfc100d:mfc100d.dll
 0001:00014570       ?get_accKeyboardShortcut@CWnd@@UEAAJUtagVARIANT@@PEAPEA_W@Z 0000000140015570 f   mfc100d:mfc100d.dll
 0001:00014576       ?get_accFocus@CWnd@@UEAAJPEAUtagVARIANT@@@Z 0000000140015576 f   mfc100d:mfc100d.dll
 0001:0001457c       ?get_accSelection@CWnd@@UEAAJPEAUtagVARIANT@@@Z 000000014001557c f   mfc100d:mfc100d.dll
 0001:00014582       ?get_accDefaultAction@CWnd@@UEAAJUtagVARIANT@@PEAPEA_W@Z 0000000140015582 f   mfc100d:mfc100d.dll
 0001:00014588       ?accSelect@CWnd@@UEAAJJUtagVARIANT@@@Z 0000000140015588 f   mfc100d:mfc100d.dll
 0001:0001458e       ?accLocation@CWnd@@UEAAJPEAJ000UtagVARIANT@@@Z 000000014001558e f   mfc100d:mfc100d.dll
 0001:00014594       ?accNavigate@CWnd@@UEAAJJUtagVARIANT@@PEAU2@@Z 0000000140015594 f   mfc100d:mfc100d.dll
 0001:0001459a       ?accHitTest@CWnd@@UEAAJJJPEAUtagVARIANT@@@Z 000000014001559a f   mfc100d:mfc100d.dll
 0001:000145a0       ?accDoDefaultAction@CWnd@@UEAAJUtagVARIANT@@@Z 00000001400155a0 f   mfc100d:mfc100d.dll
 0001:000145a6       ?put_accName@CWnd@@UEAAJUtagVARIANT@@PEA_W@Z 00000001400155a6 f   mfc100d:mfc100d.dll
 0001:000145ac       ?put_accValue@CWnd@@UEAAJUtagVARIANT@@PEA_W@Z 00000001400155ac f   mfc100d:mfc100d.dll
 0001:000145b2       ?SetProxy@CWnd@@UEAAJPEAUIAccessibleProxy@@@Z 00000001400155b2 f   mfc100d:mfc100d.dll
 0001:000145b8       ?CreateAccessibleProxy@CWnd@@UEAAJ_K_JPEA_J@Z 00000001400155b8 f   mfc100d:mfc100d.dll
 0001:000145be       ?OnCommand@CWnd@@MEAAH_K_J@Z 00000001400155be f   mfc100d:mfc100d.dll
 0001:000145c4       ?OnNotify@CWnd@@MEAAH_K_JPEA_J@Z 00000001400155c4 f   mfc100d:mfc100d.dll
 0001:000145ca       ?GetSuperWndProcAddr@CWnd@@MEAAPEAP6A_JPEAUHWND__@@I_K_J@ZXZ 00000001400155ca f   mfc100d:mfc100d.dll
 0001:000145d0       ?BeginModalState@CWnd@@UEAAXXZ 00000001400155d0 f   mfc100d:mfc100d.dll
 0001:000145d6       ?EndModalState@CWnd@@UEAAXXZ 00000001400155d6 f   mfc100d:mfc100d.dll
 0001:000145dc       ?PreTranslateMessage@CDialog@@UEAAHPEAUtagMSG@@@Z 00000001400155dc f   mfc100d:mfc100d.dll
[...]
 0005:00004270       __imp_?EnsureStdObj@CWnd@@UEAAJXZ 0000000174567270     mfc100d:mfc100d.dll
 0005:00004278       __imp_?OnDrawIconicThumbnailOrLivePreview@CWnd@@UEAAXAEAVCDC@@VCRect@@VCSize@@HAEAH@Z 0000000174567278     mfc100d:mfc100d.dll
 0005:00004280       __imp_?EndModalLoop@CWnd@@UEAAXH@Z 0000000174567280     mfc100d:mfc100d.dll
 0005:00004288       __imp_?ContinueModal@CWnd@@UEAAHXZ 0000000174567288     mfc100d:mfc100d.dll
 0005:00004290       __imp_?WinHelpInternal@CWnd@@UEAAX_KI@Z 0000000174567290     mfc100d:mfc100d.dll
 0005:00004298       __imp_?HtmlHelpA@CWnd@@UEAAX_KI@Z 0000000174567298     mfc100d:mfc100d.dll
 0005:000042a0       __imp_?WinHelpA@CWnd@@UEAAX_KI@Z 00000001745672a0     mfc100d:mfc100d.dll
 0005:000042a8       __imp_?GetScrollBarCtrl@CWnd@@UEBAPEAVCScrollBar@@H@Z 00000001745672a8     mfc100d:mfc100d.dll
 0005:000042b0       __imp_?OnToolHitTest@CWnd@@UEBA_JVCPoint@@PEAUtagTOOLINFOA@@@Z 00000001745672b0     mfc100d:mfc100d.dll
 0005:000042b8       __imp_?SetMenu@CWnd@@UEAAHPEAVCMenu@@@Z 00000001745672b8     mfc100d:mfc100d.dll
 0005:000042c0       __imp_?GetMenu@CWnd@@UEBAPEAVCMenu@@XZ 00000001745672c0     mfc100d:mfc100d.dll
 0005:000042c8       __imp_?CalcWindowRect@CWnd@@UEAAXPEAUtagRECT@@I@Z 00000001745672c8     mfc100d:mfc100d.dll
 0005:000042d0       __imp_?PreCreateWindow@CWnd@@UEAAHAEAUtagCREATESTRUCTA@@@Z 00000001745672d0     mfc100d:mfc100d.dll
 0005:000042d8       __imp_?DestroyWindow@CWnd@@UEAAHXZ 00000001745672d8     mfc100d:mfc100d.dll
 0005:000042e0       __imp_?CreateEx@CWnd@@UEAAHKPEBD0KHHHHPEAUHWND__@@PEAUHMENU__@@PEAX@Z 00000001745672e0     mfc100d:mfc100d.dll
 0005:000042e8       __imp_?CreateEx@CWnd@@UEAAHKPEBD0KAEBUtagRECT@@PEAV1@IPEAX@Z 00000001745672e8     mfc100d:mfc100d.dll
 0005:000042f0       __imp_?Create@CWnd@@UEAAHPEBD0KAEBUtagRECT@@PEAV1@IPEAUCCreateContext@@@Z 00000001745672f0     mfc100d:mfc100d.dll
 0005:000042f8       __imp_?PreSubclassWindow@CWnd@@UEAAXXZ 00000001745672f8     mfc100d:mfc100d.dll
 0005:00004300       __imp_?GetInterfaceMap@CWnd@@MEBAPEBUAFX_INTERFACEMAP@@XZ 0000000174567300     mfc100d:mfc100d.dll
 0005:00004308       __imp_?OnFinalRelease@CWnd@@UEAAXXZ 0000000174567308     mfc100d:mfc100d.dll
 0005:00004310       __imp_?OnCmdMsg@CDialog@@UEAAHIHPEAXPEAUAFX_CMDHANDLERINFO@@@Z 0000000174567310     mfc100d:mfc100d.dll
 0005:00004318       __imp_?Dump@CDialog@@UEBAXAEAVCDumpContext@@@Z 0000000174567318     mfc100d:mfc100d.dll
 0005:00004320       __imp_?AssertValid@CDialog@@UEBAXXZ 0000000174567320     mfc100d:mfc100d.dll
 0005:00004328       __imp_?GetRuntimeClass@CDialog@@UEBAPEAUCRuntimeClass@@XZ 0000000174567328     mfc100d:mfc100d.dll
 0005:00004330       __imp_??0CDialog@@QEAA@IPEAVCWnd@@@Z 0000000174567330     mfc100d:mfc100d.dll
 0005:00004338       __imp_??1?$CStringT@DV?$StrTraitMFC_DLL@DV?$ChTraitsCRT@D@ATL@@@@@ATL@@QEAA@XZ 0000000174567338     mfc100d:mfc100d.dll
 0005:00004340       __imp_??1CComboBox@@UEAA@XZ 0000000174567340     mfc100d:mfc100d.dll
 0005:00004348       __imp_??1CButton@@UEAA@XZ  0000000174567348     mfc100d:mfc100d.dll
 0005:00004350       __imp_??1CEdit@@UEAA@XZ    0000000174567350     mfc100d:mfc100d.dll
 0005:00004358       __imp_??1CStatic@@UEAA@XZ  0000000174567358     mfc100d:mfc100d.dll
 0005:00004360       __imp_??1CDialog@@UEAA@XZ  0000000174567360     mfc100d:mfc100d.dll
 0005:00004368       __imp_?AfxEnableControlContainer@@YAXPEAVCOccManager@@@Z 0000000174567368     mfc100d:mfc100d.dll
 0005:00004370       __imp_?DoModal@CDialog@@UEAA_JXZ 0000000174567370     mfc100d:mfc100d.dll
 0005:00004378       __imp_??1CWinApp@@UEAA@XZ  0000000174567378     mfc100d:mfc100d.dll
 0005:00004380       __imp_??3CObject@@SAXPEAX@Z 0000000174567380     mfc100d:mfc100d.dll
 0005:00004388       __imp_?LoadSysPolicies@CWinApp@@UEAAHXZ 0000000174567388     mfc100d:mfc100d.dll
 0005:00004390       __imp_?LoadAppLangResourceDLL@CWinApp@@UEAAPEAUHINSTANCE__@@XZ 0000000174567390     mfc100d:mfc100d.dll
 0005:00004398       __imp_?RestartInstance@CWinApp@@UEAAHXZ 0000000174567398     mfc100d:mfc100d.dll
 0005:000043a0       __imp_?IsTaskbarInteractionEnabled@CWinApp@@UEAAHXZ 00000001745673a0     mfc100d:mfc100d.dll
 0005:000043a8       __imp_?GetDataRecoveryHandler@CWinApp@@UEAAPEAVCDataRecoveryHandler@@XZ 00000001745673a8     mfc100d:mfc100d.dll
 0005:000043b0       __imp_?ApplicationRecoveryCallback@CWinApp@@UEAAKPEAX@Z 00000001745673b0     mfc100d:mfc100d.dll
 0005:000043b8       __imp_?RegisterWithRestartManager@CWinApp@@UEAAJHAEBV?$CStringT@DV?$StrTraitMFC_DLL@DV?$ChTraitsCRT@D@ATL@@@@@ATL@@@Z 00000001745673b8     mfc100d:mfc100d.dll
 0005:000043c0       __imp_?RegisterWithRestartManager@CWinApp@@UEAAJPEB_WKP6AKPEAX@Z1KK@Z 00000001745673c0     mfc100d:mfc100d.dll
 0005:000043c8       __imp_?WinHelpInternal@CWinApp@@UEAAX_KI@Z 00000001745673c8     mfc100d:mfc100d.dll
 0005:000043d0       __imp_?HtmlHelpA@CWinApp@@UEAAX_KI@Z 00000001745673d0     mfc100d:mfc100d.dll
 0005:000043d8       __imp_?WinHelpA@CWinApp@@UEAAX_KI@Z 00000001745673d8     mfc100d:mfc100d.dll
 0005:000043e0       __imp_?OnDDECommand@CWinApp@@UEAAHPEAD@Z 00000001745673e0     mfc100d:mfc100d.dll
 0005:000043e8       __imp_?DoWaitCursor@CWinApp@@UEAAXH@Z 00000001745673e8     mfc100d:mfc100d.dll
 0005:000043f0       __imp_?DoMessageBox@CWinApp@@UEAAHPEBDII@Z 00000001745673f0     mfc100d:mfc100d.dll
 0005:000043f8       __imp_?SaveAllModified@CWinApp@@UEAAHXZ 00000001745673f8     mfc100d:mfc100d.dll
 0005:00004400       __imp_?InitApplication@CWinApp@@UEAAHXZ 0000000174567400     mfc100d:mfc100d.dll
 0005:00004408       __imp_?AddToRecentFileList@CWinApp@@UEAAXPEBD@Z 0000000174567408     mfc100d:mfc100d.dll
 0005:00004410       __imp_?OpenDocumentFile@CWinApp@@UEAAPEAVCDocument@@PEBD@Z 0000000174567410     mfc100d:mfc100d.dll
 0005:00004418       __imp_?OpenDocumentFile@CWinApp@@UEAAPEAVCDocument@@PEBDH@Z 0000000174567418     mfc100d:mfc100d.dll
 0005:00004420       __imp_?Unregister@CWinApp@@UEAAHXZ 0000000174567420     mfc100d:mfc100d.dll
 0005:00004428       __imp_?Register@CWinApp@@UEAAHXZ 0000000174567428     mfc100d:mfc100d.dll
 0005:00004430       __imp_?InitLibId@CWinApp@@UEAAXXZ 0000000174567430     mfc100d:mfc100d.dll
 0005:00004438       __imp_?WriteProfileBinary@CWinApp@@UEAAHPEBD0PEAEI@Z 0000000174567438     mfc100d:mfc100d.dll
 0005:00004440       __imp_?GetProfileBinary@CWinApp@@UEAAHPEBD0PEAPEAEPEAI@Z 0000000174567440     mfc100d:mfc100d.dll
 0005:00004448       __imp_?WriteProfileStringA@CWinApp@@UEAAHPEBD00@Z 0000000174567448     mfc100d:mfc100d.dll
 0005:00004450       __imp_?GetProfileStringA@CWinApp@@UEAA?AV?$CStringT@DV?$StrTraitMFC_DLL@DV?$ChTraitsCRT@D@ATL@@@@@ATL@@PEBD00@Z 0000000174567450     mfc100d:mfc100d.dll
 0005:00004458       __imp_?WriteProfileInt@CWinApp@@UEAAHPEBD0H@Z 0000000174567458     mfc100d:mfc100d.dll
 0005:00004460       __imp_??1CFileFind@@UEAA@XZ 0000000174567460     mfc100d:mfc100d.dll
 0005:00004468       __imp_?AfxAssertFailedLine@@YAHPEBDH@Z 0000000174567468     mfc100d:mfc100d.dll
 0005:00004470       __imp_??0?$CStringT@DV?$StrTraitMFC_DLL@DV?$ChTraitsCRT@D@ATL@@@@@ATL@@QEAA@AEBV01@@Z 0000000174567470     mfc100d:mfc100d.dll
 0005:00004478       __imp_??Y?$CStringT@DV?$StrTraitMFC_DLL@DV?$ChTraitsCRT@D@ATL@@@@@ATL@@QEAAAEAV01@AEBV?$CSimpleStringT@D$00@1@@Z 0000000174567478     mfc100d:mfc100d.dll
 0005:00004480       __imp_?SetWindowTextA@CWnd@@QEAAXPEBD@Z 0000000174567480     mfc100d:mfc100d.dll
 0005:00004488       __imp_?GetLength@?$CSimpleStringT@D$00@ATL@@QEBAHXZ 0000000174567488     mfc100d:mfc100d.dll
 0005:00004490       __imp_??0CFile@@QEAA@XZ    0000000174567490     mfc100d:mfc100d.dll
 0005:00004498       __imp_??B?$CSimpleStringT@D$00@ATL@@QEBAPEBDXZ 0000000174567498     mfc100d:mfc100d.dll
 0005:000044a0       __imp_?Open@CFile@@UEAAHPEBDIPEAVCFileException@@@Z 00000001745674a0     mfc100d:mfc100d.dll
 0005:000044a8       __imp_?Write@CFile@@UEAAXPEBXI@Z 00000001745674a8     mfc100d:mfc100d.dll
 0005:000044b0       __imp_?Close@CFile@@UEAAXXZ 00000001745674b0     mfc100d:mfc100d.dll
 0005:000044b8       __imp_??1CFile@@UEAA@XZ    00000001745674b8     mfc100d:mfc100d.dll
 0005:000044c0       __imp_??2@YAPEAX_KPEBDH@Z  00000001745674c0     mfc100d:mfc100d.dll
 0005:000044c8       __imp_??0CMenu@@QEAA@XZ    00000001745674c8     mfc100d:mfc100d.dll
 0005:000044d0       __imp_?LoadMenuA@CMenu@@QEAAHI@Z 00000001745674d0     mfc100d:mfc100d.dll
 0005:000044d8       __imp_?GetSubMenu@CMenu@@QEBAPEAV1@H@Z 00000001745674d8     mfc100d:mfc100d.dll
 0005:000044e0       __imp_?SetForegroundWindow@CWnd@@QEAAHXZ 00000001745674e0     mfc100d:mfc100d.dll
 0005:000044e8       __imp_?TrackPopupMenu@CMenu@@QEAAHIHHPEAVCWnd@@PEBUtagRECT@@@Z 00000001745674e8     mfc100d:mfc100d.dll
 0005:000044f0       __imp_?PostMessageA@CWnd@@QEAAHI_K_J@Z 00000001745674f0     mfc100d:mfc100d.dll
 0005:000044f8       __imp_?GetProfileIntA@CWinApp@@UEAAIPEBD0H@Z 00000001745674f8     mfc100d:mfc100d.dll
 0005:00004500       __imp_?Delete@CWinThread@@UEAAXXZ 0000000174567500     mfc100d:mfc100d.dll
 0005:00004508       __imp_?GetMainWnd@CWinThread@@UEAAPEAVCWnd@@XZ 0000000174567508     mfc100d:mfc100d.dll
 0005:00004510       __imp_?ProcessMessageFilter@CWinThread@@UEAAHHPEAUtagMSG@@@Z 0000000174567510     mfc100d:mfc100d.dll
 0005:00004518       __imp_?ProcessWndProcException@CWinApp@@UEAA_JPEAVCException@@PEBUtagMSG@@@Z 0000000174567518     mfc100d:mfc100d.dll
 0005:00004520       __imp_?ExitInstance@CWinApp@@UEAAHXZ 0000000174567520     mfc100d:mfc100d.dll
 0005:00004528       __imp_?IsIdleMessage@CWinThread@@UEAAHPEAUtagMSG@@@Z 0000000174567528     mfc100d:mfc100d.dll
 0005:00004530       __imp_?OnIdle@CWinApp@@UEAAHJ@Z 0000000174567530     mfc100d:mfc100d.dll
 0005:00004538       __imp_?PumpMessage@CWinThread@@UEAAHXZ 0000000174567538     mfc100d:mfc100d.dll
 0005:00004540       __imp_?PreTranslateMessage@CWinThread@@UEAAHPEAUtagMSG@@@Z 0000000174567540     mfc100d:mfc100d.dll
 0005:00004548       __imp_?Run@CWinApp@@UEAAHXZ 0000000174567548     mfc100d:mfc100d.dll
 0005:00004550       __imp_?GetConnectionHook@CCmdTarget@@MEAAPEAUIConnectionPoint@@AEBU_GUID@@@Z 0000000174567550     mfc100d:mfc100d.dll
 0005:00004558       __imp_?GetExtraConnectionPoints@CCmdTarget@@MEAAHPEAVCPtrArray@@@Z 0000000174567558     mfc100d:mfc100d.dll
 0005:00004560       __imp_?GetInterfaceHook@CCmdTarget@@UEAAPEAUIUnknown@@PEBX@Z 0000000174567560     mfc100d:mfc100d.dll
 0005:00004568       __imp_?OnCreateAggregates@CCmdTarget@@UEAAHXZ 0000000174567568     mfc100d:mfc100d.dll
 0005:00004570       __imp_?GetEventSinkMap@CCmdTarget@@MEBAPEBUAFX_EVENTSINKMAP@@XZ 0000000174567570     mfc100d:mfc100d.dll
 0005:00004578       __imp_?GetInterfaceMap@CCmdTarget@@MEBAPEBUAFX_INTERFACEMAP@@XZ 0000000174567578     mfc100d:mfc100d.dll
 0005:00004580       __imp_?GetConnectionMap@CCmdTarget@@MEBAPEBUAFX_CONNECTIONMAP@@XZ 0000000174567580     mfc100d:mfc100d.dll
 0005:00004588       __imp_?AfxWinMain@@YAHPEAUHINSTANCE__@@0PEADH@Z 0000000174567588     mfc100d:mfc100d.dll
 0005:00004590       __imp_?GetDispatchMap@CCmdTarget@@MEBAPEBUAFX_DISPMAP@@XZ 0000000174567590     mfc100d:mfc100d.dll
 0005:00004598       __imp_?GetCommandMap@CCmdTarget@@MEBAPEBUAFX_OLECMDMAP@@XZ 0000000174567598     mfc100d:mfc100d.dll
 0005:000045a0       __imp_?GetTypeLib@CCmdTarget@@UEAAJKPEAPEAUITypeLib@@@Z 00000001745675a0     mfc100d:mfc100d.dll
 0005:000045a8       __imp_?DrawIcon@CDC@@QEAAHHHPEAUHICON__@@@Z 00000001745675a8     mfc100d:mfc100d.dll
 0005:000045b0       __imp_??1CPaintDC@@UEAA@XZ 00000001745675b0     mfc100d:mfc100d.dll
 0005:000045b8       __imp_?OnPaint@CDialog@@IEAAXXZ 00000001745675b8     mfc100d:mfc100d.dll
 0005:000045c0       __imp_?OnSysCommand@CWnd@@IEAAXI_J@Z 00000001745675c0     mfc100d:mfc100d.dll
 0005:000045c8       __imp_??0CWaitCursor@@QEAA@XZ 00000001745675c8     mfc100d:mfc100d.dll
 0005:000045d0       __imp_??1CWaitCursor@@QEAA@XZ 00000001745675d0     mfc100d:mfc100d.dll
 0005:000045d8       __imp_?GetSystemMenu@CWnd@@QEBAPEAVCMenu@@H@Z 00000001745675d8     mfc100d:mfc100d.dll
 0005:000045e0       __imp_?LoadStringA@?$CStringT@DV?$StrTraitMFC_DLL@DV?$ChTraitsCRT@D@ATL@@@@@ATL@@QEAAHI@Z 00000001745675e0     mfc100d:mfc100d.dll
 0005:000045e8       __imp_?IsEmpty@?$CSimpleStringT@D$00@ATL@@QEBA_NXZ 00000001745675e8     mfc100d:mfc100d.dll
 0005:000045f0       __imp_?AppendMenuA@CMenu@@QEAAHI_KPEBD@Z 00000001745675f0     mfc100d:mfc100d.dll
 0005:000045f8       __imp_?EnableMenuItem@CMenu@@QEAAIII@Z 00000001745675f8     mfc100d:mfc100d.dll
 0005:00004600       __imp_?SetIcon@CWnd@@QEAAPEAUHICON__@@PEAU2@H@Z 0000000174567600     mfc100d:mfc100d.dll
 0005:00004608       __imp_?GetStyle@CWnd@@QEBAKXZ 0000000174567608     mfc100d:mfc100d.dll
 0005:00004610       __imp_?GetDlgItem@CWnd@@QEBAPEAV1@H@Z 0000000174567610     mfc100d:mfc100d.dll
 0005:00004618       __imp_?MoveWindow@CWnd@@QEAAXHHHHH@Z 0000000174567618     mfc100d:mfc100d.dll
 0005:00004620       __imp_?ShowWindow@CWnd@@QEAAHH@Z 0000000174567620     mfc100d:mfc100d.dll
 0005:00004628       __imp_?AfxGetInstanceHandle@@YAPEAUHINSTANCE__@@XZ 0000000174567628     mfc100d:mfc100d.dll
 0005:00004630       __imp_?GetBuffer@?$CSimpleStringT@D$00@ATL@@QEAAPEADXZ 0000000174567630     mfc100d:mfc100d.dll
 0005:00004638       __imp_?accDoDefaultAction@CWnd@@UEAAJUtagVARIANT@@@Z 0000000174567638     mfc100d:mfc100d.dll
 0005:00004640       __imp_??4?$CStringT@DV?$StrTraitMFC_DLL@DV?$ChTraitsCRT@D@ATL@@@@@ATL@@QEAAAEAV01@AEBV01@@Z 0000000174567640     mfc100d:mfc100d.dll
 0005:00004648       __imp_??2@YAPEAX_K@Z       0000000174567648     mfc100d:mfc100d.dll
 0005:00004650       __imp_?GetTypeLibCache@CCmdTarget@@UEAAPEAVCTypeLibCache@@XZ 0000000174567650     mfc100d:mfc100d.dll
 0005:00004658       __imp_?GetTypeInfoCount@CCmdTarget@@UEAAIXZ 0000000174567658     mfc100d:mfc100d.dll
 0005:00004660       __imp_?GetDispatchIID@CCmdTarget@@UEAAHPEAU_GUID@@@Z 0000000174567660     mfc100d:mfc100d.dll
 0005:00004668       __imp_?IsInvokeAllowed@CCmdTarget@@UEAAHJ@Z 0000000174567668     mfc100d:mfc100d.dll
 0005:00004670       __imp_?OnFinalRelease@CCmdTarget@@UEAAXXZ 0000000174567670     mfc100d:mfc100d.dll
 0005:00004678       __imp_?OnCmdMsg@CCmdTarget@@UEAAHIHPEAXPEAUAFX_CMDHANDLERINFO@@@Z 0000000174567678     mfc100d:mfc100d.dll
 0005:00004680       __imp_?Dump@CWinApp@@UEBAXAEAVCDumpContext@@@Z 0000000174567680     mfc100d:mfc100d.dll
 0005:00004688       __imp_?AssertValid@CWinApp@@UEBAXXZ 0000000174567688     mfc100d:mfc100d.dll
 0005:00004690       __imp_?Serialize@CObject@@UEAAXAEAVCArchive@@@Z 0000000174567690     mfc100d:mfc100d.dll
 0005:00004698       __imp_?GetRuntimeClass@CWinApp@@UEBAPEAUCRuntimeClass@@XZ 0000000174567698     mfc100d:mfc100d.dll
 0005:000046a0       __imp_??0CWinApp@@QEAA@PEBD@Z 00000001745676a0     mfc100d:mfc100d.dll
 0005:000046a8       __imp_?GetThisMessageMap@CWinApp@@KAPEBUAFX_MSGMAP@@XZ 00000001745676a8     mfc100d:mfc100d.dll
 0005:000046b0       __imp_??3@YAXPEAX@Z        00000001745676b0     mfc100d:mfc100d.dll
 0005:000046b8       __imp_?GetClientRect@CWnd@@QEBAXPEAUtagRECT@@@Z 00000001745676b8     mfc100d:mfc100d.dll
 0005:000046c0       __imp_?SetTimer@CWnd@@QEAA_K_KIP6AXPEAUHWND__@@I0K@Z@Z 00000001745676c0     mfc100d:mfc100d.dll
 0005:000046c8       __imp_?EndDialog@CDialog@@QEAAXH@Z 00000001745676c8     mfc100d:mfc100d.dll
 0005:000046d0       __imp_??3@YAXPEAXPEBDH@Z   00000001745676d0     mfc100d:mfc100d.dll
 0005:000046d8       __imp_?Format@?$CStringT@DV?$StrTraitMFC_DLL@DV?$ChTraitsCRT@D@ATL@@@@@ATL@@QEAAXPEBDZZ 00000001745676d8     mfc100d:mfc100d.dll
 0005:000046e0       __imp_?Left@?$CStringT@DV?$StrTraitMFC_DLL@DV?$ChTraitsCRT@D@ATL@@@@@ATL@@QEBA?AV12@H@Z 00000001745676e0     mfc100d:mfc100d.dll
 0005:000046e8       __imp_??0CFileFind@@QEAA@XZ 00000001745676e8     mfc100d:mfc100d.dll
 0005:000046f0       __imp_?FindFile@CFileFind@@UEAAHPEBDK@Z 00000001745676f0     mfc100d:mfc100d.dll
 0005:000046f8       __imp_?FindNextFileA@CFileFind@@UEAAHXZ 00000001745676f8     mfc100d:mfc100d.dll
 0005:00004700       __imp_?get_accFocus@CWnd@@UEAAJPEAUtagVARIANT@@@Z 0000000174567700     mfc100d:mfc100d.dll
 0005:00004708       __imp_?IsDots@CFileFind@@UEBAHXZ 0000000174567708     mfc100d:mfc100d.dll
 0005:00004710       __imp_?DestroyMenu@CMenu@@QEAAHXZ 0000000174567710     mfc100d:mfc100d.dll
 0005:00004718       __imp_??1CMenu@@UEAA@XZ    0000000174567718     mfc100d:mfc100d.dll
 0005:00004720       __imp_?DDX_Control@@YAXPEAVCDataExchange@@HAEAVCWnd@@@Z 0000000174567720     mfc100d:mfc100d.dll
 0005:00004728       __imp_??0CStatic@@QEAA@XZ  0000000174567728     mfc100d:mfc100d.dll
 0005:00004730       __imp_??0?$CStringT@DV?$StrTraitMFC_DLL@DV?$ChTraitsCRT@D@ATL@@@@@ATL@@QEAA@XZ 0000000174567730     mfc100d:mfc100d.dll
 0005:00004738       __imp_??0CButton@@QEAA@XZ  0000000174567738     mfc100d:mfc100d.dll
 0005:00004740       __imp_??0CEdit@@QEAA@XZ    0000000174567740     mfc100d:mfc100d.dll
 0005:00004748       __imp_??0CComboBox@@QEAA@XZ 0000000174567748     mfc100d:mfc100d.dll
 0005:00004750       __imp_??0?$CStringT@DV?$StrTraitMFC_DLL@DV?$ChTraitsCRT@D@ATL@@@@@ATL@@QEAA@PEBD@Z 0000000174567750     mfc100d:mfc100d.dll
 0005:00004758       __imp_?AfxGetApp@@YAPEAVCWinApp@@XZ 0000000174567758     mfc100d:mfc100d.dll
 0005:00004760       __imp_?LoadIconA@CWinApp@@QEBAPEAUHICON__@@I@Z 0000000174567760     mfc100d:mfc100d.dll
 0005:00004768       __imp_??4?$CStringT@DV?$StrTraitMFC_DLL@DV?$ChTraitsCRT@D@ATL@@@@@ATL@@QEAAAEAV01@PEBD@Z 0000000174567768     mfc100d:mfc100d.dll
 0005:00004770       __imp_?GetThisMessageMap@CDialog@@KAPEBUAFX_MSGMAP@@XZ 0000000174567770     mfc100d:mfc100d.dll
 0005:00004778       __imp_?DoDataExchange@CWnd@@MEAAXPEAVCDataExchange@@@Z 0000000174567778     mfc100d:mfc100d.dll
 0005:00004780       __imp_?PreInitDialog@CDialog@@MEAAXXZ 0000000174567780     mfc100d:mfc100d.dll
 0005:00004788       __imp_?OnCancel@CDialog@@MEAAXXZ 0000000174567788     mfc100d:mfc100d.dll
 0005:00004790       __imp_?OnOK@CDialog@@MEAAXXZ 0000000174567790     mfc100d:mfc100d.dll
 0005:00004798       __imp_?OnSetFont@CDialog@@UEAAXPEAVCFont@@@Z 0000000174567798     mfc100d:mfc100d.dll
 0005:000047a0       __imp_?OnInitDialog@CDialog@@UEAAHXZ 00000001745677a0     mfc100d:mfc100d.dll
 0005:000047a8       __imp_?CreateIndirect@CDialog@@UEAAHPEBUDLGTEMPLATE@@PEAVCWnd@@PEAX@Z 00000001745677a8     mfc100d:mfc100d.dll
 0005:000047b0       __imp_?CreateIndirect@CDialog@@UEAAHPEAXPEAVCWnd@@@Z 00000001745677b0     mfc100d:mfc100d.dll
 0005:000047b8       __imp_?Create@CDialog@@UEAAHPEBDPEAVCWnd@@@Z 00000001745677b8     mfc100d:mfc100d.dll
 0005:000047c0       __imp_?Create@CDialog@@UEAAHIPEAVCWnd@@@Z 00000001745677c0     mfc100d:mfc100d.dll
 0005:000047c8       __imp_?GetOccDialogInfo@CDialog@@MEAAPEAU_AFX_OCC_DIALOG_INFO@@XZ 00000001745677c8     mfc100d:mfc100d.dll
 0005:000047d0       __imp_?SetOccDialogInfo@CDialog@@MEAAHPEAU_AFX_OCC_DIALOG_INFO@@@Z 00000001745677d0     mfc100d:mfc100d.dll
 0005:000047d8       __imp_?CreateControlSite@CWnd@@MEAAHPEAVCOleControlContainer@@PEAPEAVCOleControlSite@@IAEBU_GUID@@@Z 00000001745677d8     mfc100d:mfc100d.dll
 0005:000047e0       __imp_?SetProxy@CWnd@@UEAAJPEAUIAccessibleProxy@@@Z 00000001745677e0     mfc100d:mfc100d.dll
 0005:000047e8       __imp_?CreateControlContainer@CWnd@@MEAAHPEAPEAVCOleControlContainer@@@Z 00000001745677e8     mfc100d:mfc100d.dll
 0005:000047f0       __imp_?get_accHelpTopic@CWnd@@UEAAJPEAPEA_WUtagVARIANT@@PEAJ@Z 00000001745677f0     mfc100d:mfc100d.dll
 0005:000047f8       __imp_?AfxGetModuleState@@YAPEAVAFX_MODULE_STATE@@XZ 00000001745677f8     mfc100d:mfc100d.dll
 0005:00004800       \177mfc100d_NULL_THUNK_DATA 0000000174567800     mfc100d:mfc100d.dll
 0005:00004a50       __imp_CreateStreamOnHGlobal 0000000174567a50     ole32:ole32.dll
 0005:00004a58       \177ole32_NULL_THUNK_DATA  0000000174567a58     ole32:ole32.dll

 entry point at        0001:000151d0

