 GigeCameraDemo

 Timestamp is 5a3cb51b (Fri Dec 22 15:32:43 2017)

 Preferred load address is 0000000140000000

 Start         Length     Name                   Class
 0001:00000000 00021a9cH .text                   CODE
 0001:00021aa0 00002c7bH .text$x                 CODE
 0001:00024720 000018bcH .text$yc                CODE
 0001:00025fe0 000010d5H .text$yd                CODE
 0002:00000000 00000109H .CRT$XCA                DATA
 0002:00000110 00000109H .CRT$XCAA               DATA
 0002:00000220 0000011cH .CRT$XCC                DATA
 0002:00000340 00000220H .CRT$XCL                DATA
 0002:00000560 0000013fH .CRT$XCU                DATA
 0002:000006a0 00000109H .CRT$XCZ                DATA
 0002:000007b0 00000109H .CRT$XIA                DATA
 0002:000008c0 00000109H .CRT$XIAA               DATA
 0002:000009d0 00000109H .CRT$XIY                DATA
 0002:00000ae0 00000109H .CRT$XIZ                DATA
 0002:00000bf0 00009145H .rdata                  DATA
 0002:00009d38 000001a9H .rdata$debug            DATA
 0002:00009ee8 00001128H .rdata$r                DATA
 0002:0000b010 00000109H .rtc$IAA                DATA
 0002:0000b120 00000109H .rtc$IZZ                DATA
 0002:0000b230 00000109H .rtc$TAA                DATA
 0002:0000b340 00000109H .rtc$TZZ                DATA
 0002:0000b450 00002b00H .xdata                  DATA
 0002:0000df50 00000164H .xdata$x                DATA
 0002:0000e0b8 00000109H ATL$__a                 DATA
 0002:0000e1c8 00000109H ATL$__z                 DATA
 0002:0000e2d1 00000000H .edata                  DATA
 0003:00000000 00000744H .data                   DATA
 0003:00000750 345271a0H .bss                    DATA
 0004:00000000 00001e24H .pdata                  DATA
 0005:00000000 0000012cH .idata$2                DATA
 0005:0000012c 00000014H .idata$3                DATA
 0005:00000140 00002478H .idata$4                DATA
 0005:000025b8 00002478H .idata$5                DATA
 0005:00004a30 0000493bH .idata$6                DATA
 0006:00000000 00001253H .rsrc$01                DATA
 0006:00001260 000b7f06H .rsrc$02                DATA

  Address         Publics by Value              Rva+Base               Lib:Object

 0000:00000000       ___safe_se_handler_table   0000000000000000     <absolute>
 0000:00000000       ___safe_se_handler_count   0000000000000000     <absolute>
 0000:00000000       __ImageBase                0000000140000000     <linker-defined>
 0001:000009f0       ?_AfxInitManaged@@YAHXZ    00000001400019f0 f i GigeCameraDemo.obj
 0001:00000a00       ??_H@YAXPEAX_KHP6APEAX0@Z@Z 0000000140001a00 f i GigeCameraDemo.obj
 0001:00000a70       ?GetMessageMap@CGigeCameraDemoApp@@MEBAPEBUAFX_MSGMAP@@XZ 0000000140001a70 f   GigeCameraDemo.obj
 0001:00000a90       ?GetThisMessageMap@CGigeCameraDemoApp@@KAPEBUAFX_MSGMAP@@XZ 0000000140001a90 f   GigeCameraDemo.obj
 0001:00000aa0       ??0CGigeCameraDemoApp@@QEAA@XZ 0000000140001aa0 f   GigeCameraDemo.obj
 0001:00000ae0       ?InitInstance@CGigeCameraDemoApp@@UEAAHXZ 0000000140001ae0 f   GigeCameraDemo.obj
 0001:00000bc0       ?SupportsRestartManager@CWinApp@@UEBAHXZ 0000000140001bc0 f i GigeCameraDemo.obj
 0001:00000be0       ?SupportsApplicationRecovery@CWinApp@@UEBAHXZ 0000000140001be0 f i GigeCameraDemo.obj
 0001:00000c00       ?SupportsAutosaveAtRestart@CWinApp@@UEBAHXZ 0000000140001c00 f i GigeCameraDemo.obj
 0001:00000c20       ?SupportsAutosaveAtInterval@CWinApp@@UEBAHXZ 0000000140001c20 f i GigeCameraDemo.obj
 0001:00000c40       ?ReopenPreviousFilesAtRestart@CWinApp@@UEBAHXZ 0000000140001c40 f i GigeCameraDemo.obj
 0001:00000c60       ?RestoreAutosavedFilesAtRestart@CWinApp@@UEBAHXZ 0000000140001c60 f i GigeCameraDemo.obj
 0001:00000c80       ?GetApplicationRestartFlags@CWinApp@@UEAAKXZ 0000000140001c80 f i GigeCameraDemo.obj
 0001:00000c90       ?GetApplicationRecoveryParameter@CWinApp@@UEAAPEAXXZ 0000000140001c90 f i GigeCameraDemo.obj
 0001:00000ca0       ?GetApplicationRecoveryPingInterval@CWinApp@@UEAAKXZ 0000000140001ca0 f i GigeCameraDemo.obj
 0001:00000cb0       ??_ECGigeCameraDemoApp@@UEAAPEAXI@Z 0000000140001cb0 f i GigeCameraDemo.obj
 0001:00000cb0       ??_GCGigeCameraDemoApp@@UEAAPEAXI@Z 0000000140001cb0 f i GigeCameraDemo.obj
 0001:00000d00       ??1CGigeCameraDemoApp@@UEAA@XZ 0000000140001d00 f i GigeCameraDemo.obj
 0001:00000d20       ??1CGigeCameraDemoDlg@@UEAA@XZ 0000000140001d20 f i GigeCameraDemo.obj
 0001:00001020       ??0Thank_you@Define_the_symbol__ATL_MIXED@@QEAA@XZ 0000000140002020 f i GigeCameraDemo.obj
 0001:00001040       ?one@Thank_you@Define_the_symbol__ATL_MIXED@@UEAAXXZ 0000000140002040 f i GigeCameraDemo.obj
 0001:00001050       ??0CAboutDlg@@QEAA@XZ      0000000140002050 f   GigeCameraDemoDlg.obj
 0001:00001090       ?DoDataExchange@CAboutDlg@@MEAAXPEAVCDataExchange@@@Z 0000000140002090 f   GigeCameraDemoDlg.obj
 0001:000010c0       ?GetMessageMap@CAboutDlg@@MEBAPEBUAFX_MSGMAP@@XZ 00000001400020c0 f   GigeCameraDemoDlg.obj
 0001:000010e0       ?GetThisMessageMap@CAboutDlg@@KAPEBUAFX_MSGMAP@@XZ 00000001400020e0 f   GigeCameraDemoDlg.obj
 0001:000010f0       ??0CGigeCameraDemoDlg@@QEAA@PEAVCWnd@@@Z 00000001400020f0 f   GigeCameraDemoDlg.obj
 0001:00001ac0       ?DoDataExchange@CGigeCameraDemoDlg@@MEAAXPEAVCDataExchange@@@Z 0000000140002ac0 f   GigeCameraDemoDlg.obj
 0001:00001b40       ?GetMessageMap@CGigeCameraDemoDlg@@MEBAPEBUAFX_MSGMAP@@XZ 0000000140002b40 f   GigeCameraDemoDlg.obj
 0001:00001b60       ?GetThisMessageMap@CGigeCameraDemoDlg@@KAPEBUAFX_MSGMAP@@XZ 0000000140002b60 f   GigeCameraDemoDlg.obj
 0001:00001b70       ?onShowTask@CGigeCameraDemoDlg@@IEAA_J_K_J@Z 0000000140002b70 f   GigeCameraDemoDlg.obj
 0001:00001cc0       ?PushImageToMyBuffer@@YA_NQEAUtag_BuffNode@@PEADHHHHH@Z 0000000140002cc0 f   GigeCameraDemoDlg.obj
 0001:00001ce0       ?PushImageToMyBuffer_1@@YA_NQEAUtag_BuffNode@@PEADHHHHH@Z 0000000140002ce0 f   GigeCameraDemoDlg.obj
 0001:00001ec0       ?PushImageToMyBuffer_2@@YA_NQEAUtag_BuffNode@@PEADHHHHH@Z 0000000140002ec0 f   GigeCameraDemoDlg.obj
 0001:000020a0       ?CreateFile2@@YAHV?$CStringT@DV?$StrTraitMFC_DLL@DV?$ChTraitsCRT@D@ATL@@@@@ATL@@0H@Z 00000001400030a0 f   GigeCameraDemoDlg.obj
 0001:000021a0       ?SaveImageData@@YAKPEAX@Z  00000001400031a0 f   GigeCameraDemoDlg.obj
 0001:000021d0       ?SaveImageData_1@@YAKPEAX@Z 00000001400031d0 f   GigeCameraDemoDlg.obj
 0001:000024e0       ?SaveImageData_2@@YAKPEAX@Z 00000001400034e0 f   GigeCameraDemoDlg.obj
 0001:000027f0       ?XferCallback_1@CGigeCameraDemoDlg@@SAXPEAVSapXferCallbackInfo@@@Z 00000001400037f0 f   GigeCameraDemoDlg.obj
 0001:00002b00       ?XferCallback_2@CGigeCameraDemoDlg@@SAXPEAVSapXferCallbackInfo@@@Z 0000000140003b00 f   GigeCameraDemoDlg.obj
 0001:00002f30       ?PixelChanged@CGigeCameraDemoDlg@@UEAAXHH@Z 0000000140003f30 f   GigeCameraDemoDlg.obj
 0001:000030f0       ?GetPathUseSpace@@YA_KPEBD@Z 00000001400040f0 f   GigeCameraDemoDlg.obj
 0001:00003190       ?GetDirFileCount@@YA_KV?$CStringT@DV?$StrTraitMFC_DLL@DV?$ChTraitsCRT@D@ATL@@@@@ATL@@@Z 0000000140004190 f   GigeCameraDemoDlg.obj
 0001:00003290       ?ReadFreeSpace@@YANV?$CStringT@DV?$StrTraitMFC_DLL@DV?$ChTraitsCRT@D@ATL@@@@@ATL@@@Z 0000000140004290 f   GigeCameraDemoDlg.obj
 0001:000033e0       ?OnReceiveData@CGigeCameraDemoDlg@@IEAA_J_K_J@Z 00000001400043e0 f   GigeCameraDemoDlg.obj
 0001:00003630       ?us_Delay@@YAXK@Z          0000000140004630 f   GigeCameraDemoDlg.obj
 0001:000036c0       ?CheckMessageQueue@@YAHXZ  00000001400046c0 f   GigeCameraDemoDlg.obj
 0001:00003720       ?delay_time@@YAXK@Z        0000000140004720 f   GigeCameraDemoDlg.obj
 0001:000037c0       ?OnInitDialog@CGigeCameraDemoDlg@@MEAAHXZ 00000001400047c0 f   GigeCameraDemoDlg.obj
 0001:00004d00       ?IsUserAdmin@CGigeCameraDemoDlg@@QEAAHXZ 0000000140005d00 f   GigeCameraDemoDlg.obj
 0001:00004d50       ?CreateObjects_1@CGigeCameraDemoDlg@@QEAAHXZ 0000000140005d50 f   GigeCameraDemoDlg.obj
 0001:00004fd0       ?CreateObjects_2@CGigeCameraDemoDlg@@QEAAHXZ 0000000140005fd0 f   GigeCameraDemoDlg.obj
 0001:00005250       ?DestroyObjects_1@CGigeCameraDemoDlg@@QEAAHXZ 0000000140006250 f   GigeCameraDemoDlg.obj
 0001:00005380       ?DestroyObjects_2@CGigeCameraDemoDlg@@QEAAHXZ 0000000140006380 f   GigeCameraDemoDlg.obj
 0001:000054b0       ?OnSysCommand@CGigeCameraDemoDlg@@IEAAXI_J@Z 00000001400064b0 f   GigeCameraDemoDlg.obj
 0001:00005530       ?OnPaint@CGigeCameraDemoDlg@@IEAAXXZ 0000000140006530 f   GigeCameraDemoDlg.obj
 0001:000056b0       ?OnDestroy@CGigeCameraDemoDlg@@IEAAXXZ 00000001400066b0 f   GigeCameraDemoDlg.obj
 0001:00005bd0       ?OnSize@CGigeCameraDemoDlg@@IEAAXIHH@Z 0000000140006bd0 f   GigeCameraDemoDlg.obj
 0001:00005f00       ?OnQueryDragIcon@CGigeCameraDemoDlg@@IEAAPEAUHICON__@@XZ 0000000140006f00 f   GigeCameraDemoDlg.obj
 0001:00005f20       ?OnEndSession@CGigeCameraDemoDlg@@IEAAXH@Z 0000000140006f20 f   GigeCameraDemoDlg.obj
 0001:00005f60       ?OnQueryEndSession@CGigeCameraDemoDlg@@IEAAHXZ 0000000140006f60 f   GigeCameraDemoDlg.obj
 0001:00005f90       ?UpdateMenu@CGigeCameraDemoDlg@@QEAAXXZ 0000000140006f90 f   GigeCameraDemoDlg.obj
 0001:000060f0       ?DoEvents@@YA_NXZ          00000001400070f0 f   GigeCameraDemoDlg.obj
 0001:00006180       ?OnTest@CGigeCameraDemoDlg@@IEAAXXZ 0000000140007180 f   GigeCameraDemoDlg.obj
 0001:00006260       ?ReadParamFromIniFile@CGigeCameraDemoDlg@@QEAA_NXZ 0000000140007260 f   GigeCameraDemoDlg.obj
 0001:00006850       ?WriteParamFileIniFile@CGigeCameraDemoDlg@@QEAA_NXZ 0000000140007850 f   GigeCameraDemoDlg.obj
 0001:000068e0       ?OnMainitemShow@CGigeCameraDemoDlg@@QEAAXXZ 00000001400078e0 f   GigeCameraDemoDlg.obj
 0001:00006940       ?OnMainitemHide@CGigeCameraDemoDlg@@QEAAXXZ 0000000140007940 f   GigeCameraDemoDlg.obj
 0001:00006960       ?OnMainitemExit@CGigeCameraDemoDlg@@QEAAXXZ 0000000140007960 f   GigeCameraDemoDlg.obj
 0001:00006990       ?FitToWindow@CGigeCameraDemoDlg@@QEAAXPEAVSapView@@@Z 0000000140007990 f   GigeCameraDemoDlg.obj
 0001:00006c10       ?OnGrab@CGigeCameraDemoDlg@@IEAAXXZ 0000000140007c10 f   GigeCameraDemoDlg.obj
 0001:00006f20       ?OnFreeze@CGigeCameraDemoDlg@@IEAAXXZ 0000000140007f20 f   GigeCameraDemoDlg.obj
 0001:000071b0       ?OnNcPaint@CGigeCameraDemoDlg@@QEAAXXZ 00000001400081b0 f   GigeCameraDemoDlg.obj
 0001:000071d0       ?OnTimer@CGigeCameraDemoDlg@@QEAAX_K@Z 00000001400081d0 f   GigeCameraDemoDlg.obj
 0001:00007950       ?OnMainitemTest@CGigeCameraDemoDlg@@QEAAXXZ 0000000140008950 f   GigeCameraDemoDlg.obj
 0001:00007970       ?OnBnClickedReturn@CGigeCameraDemoDlg@@QEAAXXZ 0000000140008970 f   GigeCameraDemoDlg.obj
 0001:00007ab0       ?ImageFrom_IDResource@CGigeCameraDemoDlg@@QEAAXIPEBDPEAVCImage@ATL@@@Z 0000000140008ab0 f   GigeCameraDemoDlg.obj
 0001:00007bb0       ?RefreshUI@CGigeCameraDemoDlg@@QEAAXXZ 0000000140008bb0 f   GigeCameraDemoDlg.obj
 0001:00008a10       ?OnLButtonDown@CGigeCameraDemoDlg@@QEAAXIVCPoint@@@Z 0000000140009a10 f   GigeCameraDemoDlg.obj
 0001:000095a0       ?OnEraseBkgnd@CGigeCameraDemoDlg@@QEAAHPEAVCDC@@@Z 000000014000a5a0 f   GigeCameraDemoDlg.obj
 0001:000095f0       ?WritePosInfo@CGigeCameraDemoDlg@@QEAAXH@Z 000000014000a5f0 f   GigeCameraDemoDlg.obj
 0001:00009890       ?SetUI@CGigeCameraDemoDlg@@QEAAXXZ 000000014000a890 f   GigeCameraDemoDlg.obj
 0001:00009eb0       ?OnCreate@CGigeCameraDemoDlg@@QEAAHPEAUtagCREATESTRUCTA@@@Z 000000014000aeb0 f   GigeCameraDemoDlg.obj
 0001:0000c320       ??_GCAboutDlg@@UEAAPEAXI@Z 000000014000d320 f i GigeCameraDemoDlg.obj
 0001:0000c320       ??_ECAboutDlg@@UEAAPEAXI@Z 000000014000d320 f i GigeCameraDemoDlg.obj
 0001:0000c370       ??1CAboutDlg@@UEAA@XZ      000000014000d370 f i GigeCameraDemoDlg.obj
 0001:0000c390       ??_ECGigeCameraDemoDlg@@UEAAPEAXI@Z 000000014000d390 f i GigeCameraDemoDlg.obj
 0001:0000c390       ??_GCGigeCameraDemoDlg@@UEAAPEAXI@Z 000000014000d390 f i GigeCameraDemoDlg.obj
 0001:0000c3e0       ??_ESapAcqDeviceToBuf@@UEAAPEAXI@Z 000000014000d3e0 f i GigeCameraDemoDlg.obj
 0001:0000c3e0       ??_GSapAcqDeviceToBuf@@UEAAPEAXI@Z 000000014000d3e0 f i GigeCameraDemoDlg.obj
 0001:0000c430       ??_ESapAcqDevice@@UEAAPEAXI@Z 000000014000d430 f i GigeCameraDemoDlg.obj
 0001:0000c430       ??_GSapAcqDevice@@UEAAPEAXI@Z 000000014000d430 f i GigeCameraDemoDlg.obj
 0001:0000c480       ??_GSapBufferWithTrash@@UEAAPEAXI@Z 000000014000d480 f i GigeCameraDemoDlg.obj
 0001:0000c480       ??_ESapBufferWithTrash@@UEAAPEAXI@Z 000000014000d480 f i GigeCameraDemoDlg.obj
 0001:0000c4d0       ??_GSapView@@UEAAPEAXI@Z   000000014000d4d0 f i GigeCameraDemoDlg.obj
 0001:0000c4d0       ??_ESapView@@UEAAPEAXI@Z   000000014000d4d0 f i GigeCameraDemoDlg.obj
 0001:0000c520       ?floor@@YAMM@Z             000000014000d520 f i GigeCameraDemoDlg.obj
 0001:0000c550       ?Load@CImage@ATL@@QEAAJPEAUIStream@@@Z 000000014000d550 f i GigeCameraDemoDlg.obj
 0001:0000c5f0       ?GetLastStatus@Image@Gdiplus@@QEBA?AW4Status@2@XZ 000000014000d5f0 f i GigeCameraDemoDlg.obj
 0001:0000c630       ??1Bitmap@Gdiplus@@UEAA@XZ 000000014000d630 f i GigeCameraDemoDlg.obj
 0001:0000c650       ??1Image@Gdiplus@@UEAA@XZ  000000014000d650 f i GigeCameraDemoDlg.obj
 0001:0000c690       ??_EImage@Gdiplus@@UEAAPEAXI@Z 000000014000d690 f i GigeCameraDemoDlg.obj
 0001:0000c690       ??_GImage@Gdiplus@@UEAAPEAXI@Z 000000014000d690 f i GigeCameraDemoDlg.obj
 0001:0000c6e0       ??3GdiplusBase@Gdiplus@@SAXPEAX@Z 000000014000d6e0 f i GigeCameraDemoDlg.obj
 0001:0000c700       ?Clone@Image@Gdiplus@@UEAAPEAV12@XZ 000000014000d700 f i GigeCameraDemoDlg.obj
 0001:0000c7b0       ??2GdiplusBase@Gdiplus@@SAPEAX_K@Z 000000014000d7b0 f i GigeCameraDemoDlg.obj
 0001:0000c7d0       ?SetStatus@Image@Gdiplus@@IEBA?AW4Status@2@W432@@Z 000000014000d7d0 f i GigeCameraDemoDlg.obj
 0001:0000c810       ??0Image@Gdiplus@@IEAA@PEAVGpImage@1@W4Status@1@@Z 000000014000d810 f i GigeCameraDemoDlg.obj
 0001:0000c870       ?SetNativeImage@Image@Gdiplus@@IEAAXPEAVGpImage@2@@Z 000000014000d870 f i GigeCameraDemoDlg.obj
 0001:0000c890       ??0Bitmap@Gdiplus@@QEAA@PEAUIStream@@H@Z 000000014000d890 f i GigeCameraDemoDlg.obj
 0001:0000c950       ??0Image@Gdiplus@@IEAA@XZ  000000014000d950 f i GigeCameraDemoDlg.obj
 0001:0000c970       ??_EBitmap@Gdiplus@@UEAAPEAXI@Z 000000014000d970 f i GigeCameraDemoDlg.obj
 0001:0000c970       ??_GBitmap@Gdiplus@@UEAAPEAXI@Z 000000014000d970 f i GigeCameraDemoDlg.obj
 0001:0000c9c0       ?CreateFromGdiplusBitmap@CImage@ATL@@AEAAJAEAVBitmap@Gdiplus@@@Z 000000014000d9c0 f i GigeCameraDemoDlg.obj
 0001:0000d0c0       ?_AtlVerifyStackAvailable@_ATL_SAFE_ALLOCA_IMPL@ATL@@YA_N_K@Z 000000014000e0c0 f i GigeCameraDemoDlg.obj
 0001:0000d1d0       ?memcpy_s@Checked@ATL@@YAXPEAX_KPEBX1@Z 000000014000e1d0 f i GigeCameraDemoDlg.obj
 0001:0000d220       ?AfxCrtErrorCheck@@YAHH@Z  000000014000e220 f i GigeCameraDemoDlg.obj
 0001:0000d290       ??0Rect@Gdiplus@@QEAA@HHHH@Z 000000014000e290 f i GigeCameraDemoDlg.obj
 0001:0000d2f0       ?GetPixelFormatSize@Gdiplus@@YAIH@Z 000000014000e2f0 f i GigeCameraDemoDlg.obj
 0001:0000d310       ?IsIndexedPixelFormat@Gdiplus@@YAHH@Z 000000014000e310 f i GigeCameraDemoDlg.obj
 0001:0000d350       ?IsAlphaPixelFormat@Gdiplus@@YAHH@Z 000000014000e350 f i GigeCameraDemoDlg.obj
 0001:0000d390       ??0Graphics@Gdiplus@@QEAA@PEAVImage@1@@Z 000000014000e390 f i GigeCameraDemoDlg.obj
 0001:0000d400       ??1Graphics@Gdiplus@@QEAA@XZ 000000014000e400 f i GigeCameraDemoDlg.obj
 0001:0000d430       ?DrawImage@Graphics@Gdiplus@@QEAA?AW4Status@2@PEAVImage@2@HH@Z 000000014000e430 f i GigeCameraDemoDlg.obj
 0001:0000d4b0       ?SetNativeGraphics@Graphics@Gdiplus@@IEAAXPEAVGpGraphics@2@@Z 000000014000e4b0 f i GigeCameraDemoDlg.obj
 0001:0000d4d0       ?SetStatus@Graphics@Gdiplus@@IEBA?AW4Status@2@W432@@Z 000000014000e4d0 f i GigeCameraDemoDlg.obj
 0001:0000d510       ?GetWidth@Image@Gdiplus@@QEAAIXZ 000000014000e510 f i GigeCameraDemoDlg.obj
 0001:0000d560       ?GetHeight@Image@Gdiplus@@QEAAIXZ 000000014000e560 f i GigeCameraDemoDlg.obj
 0001:0000d5b0       ?GetPixelFormat@Image@Gdiplus@@QEAAHXZ 000000014000e5b0 f i GigeCameraDemoDlg.obj
 0001:0000d5f0       ?GetPaletteSize@Image@Gdiplus@@QEAAHXZ 000000014000e5f0 f i GigeCameraDemoDlg.obj
 0001:0000d640       ?GetPalette@Image@Gdiplus@@QEAA?AW4Status@2@PEAUColorPalette@2@H@Z 000000014000e640 f i GigeCameraDemoDlg.obj
 0001:0000d690       ??0Bitmap@Gdiplus@@QEAA@HHHHPEAE@Z 000000014000e690 f i GigeCameraDemoDlg.obj
 0001:0000d750       ?LockBits@Bitmap@Gdiplus@@QEAA?AW4Status@2@PEBVRect@2@IHPEAVBitmapData@2@@Z 000000014000e750 f i GigeCameraDemoDlg.obj
 0001:0000d7c0       ?UnlockBits@Bitmap@Gdiplus@@QEAA?AW4Status@2@PEAVBitmapData@2@@Z 000000014000e7c0 f i GigeCameraDemoDlg.obj
 0001:0000d800       ?Create@CImage@ATL@@QEAAHHHHK@Z 000000014000e800 f i GigeCameraDemoDlg.obj
 0001:0000d860       ?CreateEx@CImage@ATL@@QEAAHHHHKPEBKK@Z 000000014000e860 f i GigeCameraDemoDlg.obj
 0001:0000dc00       ?Attach@CImage@ATL@@QEAAXPEAUHBITMAP__@@W4DIBOrientation@12@@Z 000000014000ec00 f i GigeCameraDemoDlg.obj
 0001:0000dce0       ?GetBits@CImage@ATL@@QEAAPEAXXZ 000000014000ece0 f i GigeCameraDemoDlg.obj
 0001:0000ddb0       ?GetHeight@CImage@ATL@@QEBAHXZ 000000014000edb0 f i GigeCameraDemoDlg.obj
 0001:0000de30       ?GetPitch@CImage@ATL@@QEBAHXZ 000000014000ee30 f i GigeCameraDemoDlg.obj
 0001:0000df00       ?GetWidth@CImage@ATL@@QEBAHXZ 000000014000ef00 f i GigeCameraDemoDlg.obj
 0001:0000df80       ?IsDIBSection@CImage@ATL@@QEBA_NXZ 000000014000ef80 f i GigeCameraDemoDlg.obj
 0001:0000dfa0       ?SetColorTable@CImage@ATL@@QEAAXIIPEBUtagRGBQUAD@@@Z 000000014000efa0 f i GigeCameraDemoDlg.obj
 0001:0000e100       ?GetDC@CImage@ATL@@QEBAPEAUHDC__@@XZ 000000014000f100 f i GigeCameraDemoDlg.obj
 0001:0000e1e0       ?GetDC@CDCCache@CImage@ATL@@QEAAPEAUHDC__@@XZ 000000014000f1e0 f i GigeCameraDemoDlg.obj
 0001:0000e260       ?IsIndexed@CImage@ATL@@QEBA_NXZ 000000014000f260 f i GigeCameraDemoDlg.obj
 0001:0000e350       ?ReleaseDC@CImage@ATL@@QEBAXXZ 000000014000f350 f i GigeCameraDemoDlg.obj
 0001:0000e480       ?ReleaseDC@CDCCache@CImage@ATL@@QEAAXPEAUHDC__@@@Z 000000014000f480 f i GigeCameraDemoDlg.obj
 0001:0000e520       ?UpdateBitmapInfo@CImage@ATL@@AEAAXW4DIBOrientation@12@@Z 000000014000f520 f i GigeCameraDemoDlg.obj
 0001:0000e7d0       ?abs@@YAJJ@Z               000000014000f7d0 f i GigeCameraDemoDlg.obj
 0001:0000e7f0       ?ComputePitch@CImage@ATL@@CAHHH@Z 000000014000f7f0 f i GigeCameraDemoDlg.obj
 0001:0000e820       ?InitGDIPlus@CImage@ATL@@CA_NXZ 000000014000f820 f i GigeCameraDemoDlg.obj
 0001:0000e850       ?Init@CInitGDIPlus@CImage@ATL@@QEAA_NXZ 000000014000f850 f i GigeCameraDemoDlg.obj
 0001:0000e900       ??0GdiplusStartupInput@Gdiplus@@QEAA@P6AXW4DebugEventLevel@1@PEAD@ZHH@Z 000000014000f900 f i GigeCameraDemoDlg.obj
 0001:0000e960       ??0CImage@ATL@@QEAA@XZ     000000014000f960 f i GigeCameraDemoDlg.obj
 0001:0000ea60       ?IncreaseCImageCount@CInitGDIPlus@CImage@ATL@@QEAAXXZ 000000014000fa60 f i GigeCameraDemoDlg.obj
 0001:0000eac0       ??_ECImage@ATL@@UEAAPEAXI@Z 000000014000fac0 f i GigeCameraDemoDlg.obj
 0001:0000eac0       ??_GCImage@ATL@@UEAAPEAXI@Z 000000014000fac0 f i GigeCameraDemoDlg.obj
 0001:0000eb10       ??1CImage@ATL@@UEAA@XZ     000000014000fb10 f i GigeCameraDemoDlg.obj
 0001:0000eb50       ?DecreaseCImageCount@CInitGDIPlus@CImage@ATL@@QEAAXXZ 000000014000fb50 f i GigeCameraDemoDlg.obj
 0001:0000ebd0       ?ReleaseGDIPlus@CInitGDIPlus@CImage@ATL@@QEAAXXZ 000000014000fbd0 f i GigeCameraDemoDlg.obj
 0001:0000ec40       ?Destroy@CImage@ATL@@QEAAXXZ 000000014000fc40 f i GigeCameraDemoDlg.obj
 0001:0000ec90       ?Detach@CImage@ATL@@QEAAPEAUHBITMAP__@@XZ 000000014000fc90 f i GigeCameraDemoDlg.obj
 0001:0000ee00       ?Draw@CImage@ATL@@QEBAHPEAUHDC__@@AEBUtagRECT@@@Z 000000014000fe00 f i GigeCameraDemoDlg.obj
 0001:0000eeb0       ?Draw@CImage@ATL@@QEBAHPEAUHDC__@@HHHHHHHH@Z 000000014000feb0 f i GigeCameraDemoDlg.obj
 0001:0000f360       ?IsTransparencySupported@CImage@ATL@@SAHXZ 0000000140010360 f i GigeCameraDemoDlg.obj
 0001:0000f370       ?GetTransparentRGB@CImage@ATL@@AEBAKXZ 0000000140010370 f i GigeCameraDemoDlg.obj
 0001:0000f4b0       ??0?$CAtlSafeAllocBufferManager@VCCRTAllocator@ATL@@@_ATL_SAFE_ALLOCA_IMPL@ATL@@QEAA@XZ 00000001400104b0 f i GigeCameraDemoDlg.obj
 0001:0000f4d0       ?Allocate@?$CAtlSafeAllocBufferManager@VCCRTAllocator@ATL@@@_ATL_SAFE_ALLOCA_IMPL@ATL@@QEAAPEAX_K@Z 00000001400104d0 f i GigeCameraDemoDlg.obj
 0001:0000f550       ?Allocate@CCRTAllocator@ATL@@SAPEAX_K@Z 0000000140010550 f i GigeCameraDemoDlg.obj
 0001:0000f570       ??1?$CAtlSafeAllocBufferManager@VCCRTAllocator@ATL@@@_ATL_SAFE_ALLOCA_IMPL@ATL@@QEAA@XZ 0000000140010570 f i GigeCameraDemoDlg.obj
 0001:0000f5d0       ?Free@CCRTAllocator@ATL@@SAXPEAX@Z 00000001400105d0 f i GigeCameraDemoDlg.obj
 0001:0000f5f0       ??HATL@@YA?AV?$CStringT@DV?$StrTraitMFC_DLL@DV?$ChTraitsCRT@D@ATL@@@@@0@AEBV10@PEBD@Z 00000001400105f0 f i GigeCameraDemoDlg.obj
 0001:0000f6e0       ??HATL@@YA?AV?$CStringT@DV?$StrTraitMFC_DLL@DV?$ChTraitsCRT@D@ATL@@@@@0@PEBDAEBV10@@Z 00000001400106e0 f i GigeCameraDemoDlg.obj
 0001:0000f7e0       ?GetData@CAtlSafeAllocBufferNode@?$CAtlSafeAllocBufferManager@VCCRTAllocator@ATL@@@_ATL_SAFE_ALLOCA_IMPL@ATL@@QEAAPEAXXZ 00000001400107e0 f i GigeCameraDemoDlg.obj
 0001:0000f800       ??$AtlAdd@_K@ATL@@YAJPEA_K_K1@Z 0000000140010800 f i GigeCameraDemoDlg.obj
 0001:0000f870       HRESULT_FROM_WIN32         0000000140010870 f i GigeCameraDemoDlg.obj
 0001:0000f8c0       ??$AtlAlignUp@I@ATL@@YAIIK@Z 00000001400108c0 f i GigeCameraDemoDlg.obj
 0001:0000f8f0       ??$sprintf_s@$0EAA@@@YAHAEAY0EAA@DPEBDZZ 00000001400108f0 f i GigeCameraDemoDlg.obj
 0001:0000f950       ??$sprintf_s@$09@@YAHAEAY09DPEBDZZ 0000000140010950 f i GigeCameraDemoDlg.obj
 0001:0000f9b0       ??$strcpy_s@$0IA@@@YAHAEAY0IA@DPEBD@Z 00000001400109b0 f i GigeCameraDemoDlg.obj
 0001:0000f9f0       ??$sprintf_s@$0CAA@@@YAHAEAY0CAA@DPEBDZZ 00000001400109f0 f i GigeCameraDemoDlg.obj
 0001:0000fa50       ??$AtlAddThrow@_K@ATL@@YA_K_K0@Z 0000000140010a50 f i GigeCameraDemoDlg.obj
 0001:0000faa0       ?AtlThrowImpl@ATL@@YAXJ@Z  0000000140010aa0 f i GigeCameraDemoDlg.obj
 0001:0000fb30       ??0CTraceFileAndLineInfo@ATL@@QEAA@PEBDH@Z 0000000140010b30 f i GigeCameraDemoDlg.obj
 0001:0000fb70       ??RCTraceFileAndLineInfo@ATL@@QEBAX_KIPEBDZZ 0000000140010b70 f i GigeCameraDemoDlg.obj
 0001:0000fc00       ?TraceV@CTrace@ATL@@QEBAXPEBDH_KI0PEAD@Z 0000000140010c00 f i GigeCameraDemoDlg.obj
 0001:0000fc70       ??BCTraceCategory@ATL@@QEBA_KXZ 0000000140010c70 f i GigeCameraDemoDlg.obj
 0001:0000fc90       ?_GetBaseClass@CInputDialog@@KAPEAUCRuntimeClass@@XZ 0000000140010c90 f   InputDialog.obj
 0001:0000fcb0       ?GetThisClass@CInputDialog@@SAPEAUCRuntimeClass@@XZ 0000000140010cb0 f   InputDialog.obj
 0001:0000fcc0       ?GetRuntimeClass@CInputDialog@@UEBAPEAUCRuntimeClass@@XZ 0000000140010cc0 f   InputDialog.obj
 0001:0000fce0       ??0CInputDialog@@QEAA@PEAVCWnd@@@Z 0000000140010ce0 f   InputDialog.obj
 0001:0000fd30       ??1CInputDialog@@UEAA@XZ   0000000140010d30 f   InputDialog.obj
 0001:0000fd60       ?DoDataExchange@CInputDialog@@MEAAXPEAVCDataExchange@@@Z 0000000140010d60 f   InputDialog.obj
 0001:0000fdb0       ?GetMessageMap@CInputDialog@@MEBAPEBUAFX_MSGMAP@@XZ 0000000140010db0 f   InputDialog.obj
 0001:0000fdd0       ?GetThisMessageMap@CInputDialog@@KAPEBUAFX_MSGMAP@@XZ 0000000140010dd0 f   InputDialog.obj
 0001:0000fde0       ?OnBnClickedOk@CInputDialog@@QEAAXXZ 0000000140010de0 f   InputDialog.obj
 0001:0000fe70       ??_ECInputDialog@@UEAAPEAXI@Z 0000000140010e70 f i InputDialog.obj
 0001:0000fe70       ??_GCInputDialog@@UEAAPEAXI@Z 0000000140010e70 f i InputDialog.obj
 0001:0000fec0       ?_GetBaseClass@CMessageDialog@@KAPEAUCRuntimeClass@@XZ 0000000140010ec0 f   MessageDialog.obj
 0001:0000fee0       ?GetThisClass@CMessageDialog@@SAPEAUCRuntimeClass@@XZ 0000000140010ee0 f   MessageDialog.obj
 0001:0000fef0       ?GetRuntimeClass@CMessageDialog@@UEBAPEAUCRuntimeClass@@XZ 0000000140010ef0 f   MessageDialog.obj
 0001:0000ff10       ??0CMessageDialog@@QEAA@PEAVCWnd@@@Z 0000000140010f10 f   MessageDialog.obj
 0001:0000ff80       ??1CMessageDialog@@UEAA@XZ 0000000140010f80 f   MessageDialog.obj
 0001:0000ffd0       ?DoDataExchange@CMessageDialog@@MEAAXPEAVCDataExchange@@@Z 0000000140010fd0 f   MessageDialog.obj
 0001:00010000       ?GetMessageMap@CMessageDialog@@MEBAPEBUAFX_MSGMAP@@XZ 0000000140011000 f   MessageDialog.obj
 0001:00010020       ?GetThisMessageMap@CMessageDialog@@KAPEBUAFX_MSGMAP@@XZ 0000000140011020 f   MessageDialog.obj
 0001:00010030       ?Response@CMessageDialog@@QEAA_J_K_J@Z 0000000140011030 f   MessageDialog.obj
 0001:00010110       ?OnCtlColor@CMessageDialog@@QEAAPEAUHBRUSH__@@PEAVCDC@@PEAVCWnd@@I@Z 0000000140011110 f   MessageDialog.obj
 0001:000102e0       ?OnEraseBkgnd@CMessageDialog@@QEAAHPEAVCDC@@@Z 00000001400112e0 f   MessageDialog.obj
 0001:000103e0       ?OnCreate@CMessageDialog@@QEAAHPEAUtagCREATESTRUCTA@@@Z 00000001400113e0 f   MessageDialog.obj
 0001:00010460       ?OnClose@CMessageDialog@@QEAAXXZ 0000000140011460 f   MessageDialog.obj
 0001:000104a0       ?OnPaint@CMessageDialog@@QEAAXXZ 00000001400114a0 f   MessageDialog.obj
 0001:00010500       ?OnBnClickedOk@CMessageDialog@@QEAAXXZ 0000000140011500 f   MessageDialog.obj
 0001:00010520       ?OnInitDialog@CMessageDialog@@UEAAHXZ 0000000140011520 f   MessageDialog.obj
 0001:00010550       ?OnTimer@CMessageDialog@@QEAAX_K@Z 0000000140011550 f   MessageDialog.obj
 0001:00010580       ?OnLButtonUp@CMessageDialog@@QEAAXIVCPoint@@@Z 0000000140011580 f   MessageDialog.obj
 0001:00010770       ??_ECMessageDialog@@UEAAPEAXI@Z 0000000140011770 f i MessageDialog.obj
 0001:00010770       ??_GCMessageDialog@@UEAAPEAXI@Z 0000000140011770 f i MessageDialog.obj
 0001:000107c0       ??0CSerialPort@@QEAA@XZ    00000001400117c0 f   SerialPort.obj
 0001:00010860       ??1CSerialPort@@UEAA@XZ    0000000140011860 f   SerialPort.obj
 0001:000108e0       ?InitPort@CSerialPort@@QEAAHPEAVCWnd@@IIDIIKI@Z 00000001400118e0 f   SerialPort.obj
 0001:00010f30       ?CommThread@CSerialPort@@KAIPEAX@Z 0000000140011f30 f   SerialPort.obj
 0001:00011240       ?StartMonitoring@CSerialPort@@QEAAHXZ 0000000140012240 f   SerialPort.obj
 0001:000112d0       ?RestartMonitoring@CSerialPort@@QEAAHXZ 00000001400122d0 f   SerialPort.obj
 0001:00011320       ?StopMonitoring@CSerialPort@@QEAAHXZ 0000000140012320 f   SerialPort.obj
 0001:00011370       ?ProcessErrorMessage@CSerialPort@@IEAAXPEAD@Z 0000000140012370 f   SerialPort.obj
 0001:00011440       ?WriteChar@CSerialPort@@KAXPEAV1@H@Z 0000000140012440 f   SerialPort.obj
 0001:00011670       ?ReceiveChar@CSerialPort@@KAXPEAV1@U_COMSTAT@@@Z 0000000140012670 f   SerialPort.obj
 0001:00011840       ?WriteToPort@CSerialPort@@QEAAXPEAD@Z 0000000140012840 f   SerialPort.obj
 0001:000118c0       ?WriteToPort@CSerialPort@@QEAAXPEADH@Z 00000001400128c0 f   SerialPort.obj
 0001:00011980       ?GetDCB@CSerialPort@@QEAA?AU_DCB@@XZ 0000000140012980 f   SerialPort.obj
 0001:000119d0       ?GetCommEvents@CSerialPort@@QEAAKXZ 00000001400129d0 f   SerialPort.obj
 0001:000119f0       ?GetWriteBufferSize@CSerialPort@@QEAAKXZ 00000001400129f0 f   SerialPort.obj
 0001:00011a10       ?GetPortNO@CSerialPort@@QEAAHXZ 0000000140012a10 f   SerialPort.obj
 0001:00011ec0       ??_ECSerialPort@@UEAAPEAXI@Z 0000000140012ec0 f i SerialPort.obj
 0001:00011ec0       ??_GCSerialPort@@UEAAPEAXI@Z 0000000140012ec0 f i SerialPort.obj
 0001:00011f10       ??RCTraceFileAndLineInfo@ATL@@QEBAXPEBDZZ 0000000140012f10 f i SerialPort.obj
 0001:00011fb0       ?_GetBaseClass@CSplashWnd@@KAPEAUCRuntimeClass@@XZ 0000000140012fb0 f   SplashWnd.obj
 0001:00011fd0       ?GetThisClass@CSplashWnd@@SAPEAUCRuntimeClass@@XZ 0000000140012fd0 f   SplashWnd.obj
 0001:00011fe0       ?GetRuntimeClass@CSplashWnd@@UEBAPEAUCRuntimeClass@@XZ 0000000140012fe0 f   SplashWnd.obj
 0001:00012000       ??0CSplashWnd@@QEAA@XZ     0000000140013000 f   SplashWnd.obj
 0001:00012110       ??1CSplashWnd@@UEAA@XZ     0000000140013110 f   SplashWnd.obj
 0001:000121c0       ?GetMessageMap@CSplashWnd@@MEBAPEBUAFX_MSGMAP@@XZ 00000001400131c0 f   SplashWnd.obj
 0001:000121e0       ?GetThisMessageMap@CSplashWnd@@KAPEBUAFX_MSGMAP@@XZ 00000001400131e0 f   SplashWnd.obj
 0001:000121f0       ?DeleteSplash@CSplashWnd@@QEAAXXZ 00000001400131f0 f   SplashWnd.obj
 0001:00012210       ?CreateSplash@CSplashWnd@@QEAAXXZ 0000000140013210 f   SplashWnd.obj
 0001:00012310       ?OnPaint@CSplashWnd@@IEAAXXZ 0000000140013310 f   SplashWnd.obj
 0001:00012510       ?ImageFrom_IDResource@CSplashWnd@@QEAAXIPEBDPEAVCImage@ATL@@@Z 0000000140013510 f   SplashWnd.obj
 0001:00012610       ?SetInfo@CSplashWnd@@QEAAXV?$CStringT@DV?$StrTraitMFC_DLL@DV?$ChTraitsCRT@D@ATL@@@@@ATL@@@Z 0000000140013610 f   SplashWnd.obj
 0001:00012660       ?On_Timer@@YAKPEAX@Z       0000000140013660 f   SplashWnd.obj
 0001:00012f70       ?OnNcDestroy@CSplashWnd@@QEAAXXZ 0000000140013f70 f   SplashWnd.obj
 0001:00013390       ??_GCSplashWnd@@UEAAPEAXI@Z 0000000140014390 f i SplashWnd.obj
 0001:00013390       ??_ECSplashWnd@@UEAAPEAXI@Z 0000000140014390 f i SplashWnd.obj
 0001:000133d4       ??1SapAcquisition@@UEAA@XZ 00000001400143d4 f   SapClassBasic:SapClassBasic82.dll
 0001:000133da       ??0SapAcquisition@@QEAA@VSapLocation@@@Z 00000001400143da f   SapClassBasic:SapClassBasic82.dll
 0001:000133e0       ??0SapLocation@@QEAA@HH@Z  00000001400143e0 f   SapClassBasic:SapClassBasic82.dll
 0001:000133e6       ?GetEventCount@SapXferCallbackInfo@@QEBAHXZ 00000001400143e6 f   SapClassBasic:SapClassBasic82.dll
 0001:000133ec       ?GetHeight@SapBuffer@@QEBAHXZ 00000001400143ec f   SapClassBasic:SapClassBasic82.dll
 0001:000133f2       ?GetWidth@SapBuffer@@QEBAHXZ 00000001400143f2 f   SapClassBasic:SapClassBasic82.dll
 0001:000133f8       ?GetContext@SapXferCallbackInfo@@QEBAPEAXXZ 00000001400143f8 f   SapClassBasic:SapClassBasic82.dll
 0001:000133fe       ??0SapView@@QEAA@PEAVSapBuffer@@PEAUHWND__@@P6AXPEAVSapViewCallbackInfo@@@ZPEAX@Z 00000001400143fe f   SapClassBasic:SapClassBasic82.dll
 0001:00013404       ??0SapAcqDeviceToBuf@@QEAA@PEAVSapAcqDevice@@PEAVSapBuffer@@P6AXPEAVSapXferCallbackInfo@@@ZPEAX@Z 0000000140014404 f   SapClassBasic:SapClassBasic82.dll
 0001:0001340a       ??0SapBufferWithTrash@@QEAA@HPEAVSapXferNode@@HVSapLocation@@@Z 000000014001440a f   SapClassBasic:SapClassBasic82.dll
 0001:00013410       ??0SapAcqDevice@@QEAA@VSapLocation@@PEBD@Z 0000000140014410 f   SapClassBasic:SapClassBasic82.dll
 0001:00013416       ?GetServerSerialNumber@SapManager@@SAHHPEAD@Z 0000000140014416 f   SapClassBasic:SapClassBasic82.dll
 0001:0001341c       ?GetResourceCount@SapManager@@SAHHH@Z 000000014001441c f   SapClassBasic:SapClassBasic82.dll
 0001:00013422       ?DetectAllServers@SapManager@@SAHH@Z 0000000140014422 f   SapClassBasic:SapClassBasic82.dll
 0001:00013428       ?GetServerCount@SapManager@@SAHXZ 0000000140014428 f   SapClassBasic:SapClassBasic82.dll
 0001:0001342e       ?Create@SapAcqDevice@@UEAAHXZ 000000014001442e f   SapClassBasic:SapClassBasic82.dll
 0001:00013434       ?Destroy@SapAcqDevice@@UEAAHXZ 0000000140014434 f   SapClassBasic:SapClassBasic82.dll
 0001:0001343a       ?GetXferParams@SapXferNode@@UEBA?AVSapXferParams@@H@Z 000000014001443a f   SapClassBasic:SapClassBasic82.dll
 0001:00013440       ?GetInputXferParams@SapXferNode@@UEBA?AVSapXferParams@@H@Z 0000000140014440 f   SapClassBasic:SapClassBasic82.dll
 0001:00013446       ?GetOutputXferParams@SapXferNode@@UEBA?AVSapXferParams@@H@Z 0000000140014446 f   SapClassBasic:SapClassBasic82.dll
 0001:0001344c       ?SetSrcNode@SapXferNode@@UEAAHPEAV1@H@Z 000000014001444c f   SapClassBasic:SapClassBasic82.dll
 0001:00013452       ?SetXferParams@SapXferNode@@UEAAHVSapXferParams@@H@Z 0000000140014452 f   SapClassBasic:SapClassBasic82.dll
 0001:00013458       ?SetInputXferParams@SapXferNode@@UEAAHVSapXferParams@@H@Z 0000000140014458 f   SapClassBasic:SapClassBasic82.dll
 0001:0001345e       ?SetOutputXferParams@SapXferNode@@UEAAHVSapXferParams@@H@Z 000000014001445e f   SapClassBasic:SapClassBasic82.dll
 0001:00013464       ?GetHandle@SapXferNode@@UEBAPEAU__CORHANDLE@@H@Z 0000000140014464 f   SapClassBasic:SapClassBasic82.dll
 0001:0001346a       ?GetHandle@SapXferNode@@UEBAPEAU__CORHANDLE@@XZ 000000014001446a f   SapClassBasic:SapClassBasic82.dll
 0001:00013470       ?GetXferParamsFromSrcNode@SapXferNode@@UEAAXXZ 0000000140014470 f   SapClassBasic:SapClassBasic82.dll
 0001:00013476       ?GetXferNodeType@SapAcqDevice@@UEAA?AW4XferNodeType@SapXferNode@@XZ 0000000140014476 f   SapClassBasic:SapClassBasic82.dll
 0001:0001347c       ?IsBuffer@SapXferNode@@UEAAHXZ 000000014001447c f   SapClassBasic:SapClassBasic82.dll
 0001:00013482       ??ASapXferNode@@UEBAPEAU__CORHANDLE@@H@Z 0000000140014482 f   SapClassBasic:SapClassBasic82.dll
 0001:00013488       ?GetCount@SapXferNode@@UEBAHXZ 0000000140014488 f   SapClassBasic:SapClassBasic82.dll
 0001:0001348e       ?GetIndex@SapXferNode@@UEBAHXZ 000000014001448e f   SapClassBasic:SapClassBasic82.dll
 0001:00013494       ?SetIndex@SapXferNode@@UEAAHH@Z 0000000140014494 f   SapClassBasic:SapClassBasic82.dll
 0001:0001349a       ?ResetIndex@SapXferNode@@UEAAXXZ 000000014001449a f   SapClassBasic:SapClassBasic82.dll
 0001:000134a0       ?Next@SapXferNode@@UEAAXXZ 00000001400144a0 f   SapClassBasic:SapClassBasic82.dll
 0001:000134a6       ?GetTrash@SapXferNode@@UEBAPEAU__CORHANDLE@@XZ 00000001400144a6 f   SapClassBasic:SapClassBasic82.dll
 0001:000134ac       ?Empty@SapXferNode@@UEAAHH@Z 00000001400144ac f   SapClassBasic:SapClassBasic82.dll
 0001:000134b2       ?Empty@SapXferNode@@UEAAHXZ 00000001400144b2 f   SapClassBasic:SapClassBasic82.dll
 0001:000134b8       ?EmptyAll@SapXferNode@@UEAAHXZ 00000001400144b8 f   SapClassBasic:SapClassBasic82.dll
 0001:000134be       ?Create@SapBufferWithTrash@@UEAAHXZ 00000001400144be f   SapClassBasic:SapClassBasic82.dll
 0001:000134c4       ?Destroy@SapBufferWithTrash@@UEAAHXZ 00000001400144c4 f   SapClassBasic:SapClassBasic82.dll
 0001:000134ca       ?GetHandle@SapBuffer@@UEBAPEAU__CORHANDLE@@H@Z 00000001400144ca f   SapClassBasic:SapClassBasic82.dll
 0001:000134d0       ?GetHandle@SapBuffer@@UEBAPEAU__CORHANDLE@@XZ 00000001400144d0 f   SapClassBasic:SapClassBasic82.dll
 0001:000134d6       ?GetXferNodeType@SapBuffer@@UEAA?AW4XferNodeType@SapXferNode@@XZ 00000001400144d6 f   SapClassBasic:SapClassBasic82.dll
 0001:000134dc       ??ASapBuffer@@UEBAPEAU__CORHANDLE@@H@Z 00000001400144dc f   SapClassBasic:SapClassBasic82.dll
 0001:000134e2       ?GetCount@SapBuffer@@UEBAHXZ 00000001400144e2 f   SapClassBasic:SapClassBasic82.dll
 0001:000134e8       ?GetIndex@SapBuffer@@UEBAHXZ 00000001400144e8 f   SapClassBasic:SapClassBasic82.dll
 0001:000134ee       ?SetIndex@SapBuffer@@UEAAHH@Z 00000001400144ee f   SapClassBasic:SapClassBasic82.dll
 0001:000134f4       ?ResetIndex@SapBuffer@@UEAAXXZ 00000001400144f4 f   SapClassBasic:SapClassBasic82.dll
 0001:000134fa       ?Next@SapBuffer@@UEAAXXZ   00000001400144fa f   SapClassBasic:SapClassBasic82.dll
 0001:00013500       ?GetTrash@SapBufferWithTrash@@UEBAPEAU__CORHANDLE@@XZ 0000000140014500 f   SapClassBasic:SapClassBasic82.dll
 0001:00013506       ?Empty@SapBuffer@@UEAAHH@Z 0000000140014506 f   SapClassBasic:SapClassBasic82.dll
 0001:0001350c       ?Empty@SapBuffer@@UEAAHXZ  000000014001450c f   SapClassBasic:SapClassBasic82.dll
 0001:00013512       ?EmptyAll@SapBuffer@@UEAAHXZ 0000000140014512 f   SapClassBasic:SapClassBasic82.dll
 0001:00013518       ?SetCount@SapBuffer@@UEAAHH@Z 0000000140014518 f   SapClassBasic:SapClassBasic82.dll
 0001:0001351e       ?SetWidth@SapBuffer@@UEAAHH@Z 000000014001451e f   SapClassBasic:SapClassBasic82.dll
 0001:00013524       ?SetHeight@SapBuffer@@UEAAHH@Z 0000000140014524 f   SapClassBasic:SapClassBasic82.dll
 0001:0001352a       ?SetFormat@SapBuffer@@UEAAHH@Z 000000014001452a f   SapClassBasic:SapClassBasic82.dll
 0001:00013530       ?SetType@SapBuffer@@UEAAHH@Z 0000000140014530 f   SapClassBasic:SapClassBasic82.dll
 0001:00013536       ?SetPixelDepth@SapBuffer@@UEAAHH@Z 0000000140014536 f   SapClassBasic:SapClassBasic82.dll
 0001:0001353c       ?SetVirtualAddress@SapBuffer@@UEAAHQEAPEAX@Z 000000014001453c f   SapClassBasic:SapClassBasic82.dll
 0001:00013542       ?SetPhysicalAddress@SapBuffer@@UEAAHQEA_K@Z 0000000140014542 f   SapClassBasic:SapClassBasic82.dll
 0001:00013548       ?SetParameters@SapBuffer@@UEAAHHQEA_KHHHH@Z 0000000140014548 f   SapClassBasic:SapClassBasic82.dll
 0001:0001354e       ?SetParameters@SapBuffer@@UEAAHHQEAPEAXHHHH@Z 000000014001454e f   SapClassBasic:SapClassBasic82.dll
 0001:00013554       ?SetParameters@SapBuffer@@UEAAHHHHHH@Z 0000000140014554 f   SapClassBasic:SapClassBasic82.dll
 0001:0001355a       ?SetParametersFromFile@SapBuffer@@UEAAHPEBDH@Z 000000014001455a f   SapClassBasic:SapClassBasic82.dll
 0001:00013560       ?SetFrameRate@SapBuffer@@UEAAXM@Z 0000000140014560 f   SapClassBasic:SapClassBasic82.dll
 0001:00013566       ?GetAddress@SapBuffer@@UEAAHH_K0PEAXPEAPEAX@Z 0000000140014566 f   SapClassBasic:SapClassBasic82.dll
 0001:0001356c       ?GetAddress@SapBuffer@@UEAAHH_K0PEAPEAX@Z 000000014001456c f   SapClassBasic:SapClassBasic82.dll
 0001:00013572       ?GetAddress@SapBuffer@@UEAAH_K0PEAXPEAPEAX@Z 0000000140014572 f   SapClassBasic:SapClassBasic82.dll
 0001:00013578       ?GetAddress@SapBuffer@@UEAAH_K0PEAPEAX@Z 0000000140014578 f   SapClassBasic:SapClassBasic82.dll
 0001:0001357e       ?GetAddress@SapBuffer@@UEAAHHPEAXPEAPEAX@Z 000000014001457e f   SapClassBasic:SapClassBasic82.dll
 0001:00013584       ?GetAddress@SapBuffer@@UEAAHHPEAPEAX@Z 0000000140014584 f   SapClassBasic:SapClassBasic82.dll
 0001:0001358a       ?GetAddress@SapBuffer@@UEAAHPEAXPEAPEAX@Z 000000014001458a f   SapClassBasic:SapClassBasic82.dll
 0001:00013590       ?GetAddress@SapBuffer@@UEAAHPEAPEAX@Z 0000000140014590 f   SapClassBasic:SapClassBasic82.dll
 0001:00013596       ?ReleaseAddress@SapBuffer@@UEAAHHPEAX@Z 0000000140014596 f   SapClassBasic:SapClassBasic82.dll
 0001:0001359c       ?ReleaseAddress@SapBuffer@@UEAAHPEAX@Z 000000014001459c f   SapClassBasic:SapClassBasic82.dll
 0001:000135a2       ?IsMapped@SapBuffer@@UEAAHXZ 00000001400145a2 f   SapClassBasic:SapClassBasic82.dll
 0001:000135a8       ?IsMapped@SapBuffer@@UEAAHH@Z 00000001400145a8 f   SapClassBasic:SapClassBasic82.dll
 0001:000135ae       ?GetCounterStamp@SapBuffer@@UEAAHHPEAH@Z 00000001400145ae f   SapClassBasic:SapClassBasic82.dll
 0001:000135b4       ?GetCounterStamp@SapBuffer@@UEAAHPEAH@Z 00000001400145b4 f   SapClassBasic:SapClassBasic82.dll
 0001:000135ba       ?GetHostCounterStamp@SapBuffer@@UEAAHHPEA_K@Z 00000001400145ba f   SapClassBasic:SapClassBasic82.dll
 0001:000135c0       ?GetHostCounterStamp@SapBuffer@@UEAAHPEA_K@Z 00000001400145c0 f   SapClassBasic:SapClassBasic82.dll
 0001:000135c6       ?GetDeviceTimeStamp@SapBuffer@@UEAAHHPEA_K@Z 00000001400145c6 f   SapClassBasic:SapClassBasic82.dll
 0001:000135cc       ?GetDeviceTimeStamp@SapBuffer@@UEAAHPEA_K@Z 00000001400145cc f   SapClassBasic:SapClassBasic82.dll
 0001:000135d2       ?GetSpaceUsed@SapBuffer@@UEAAHHPEAH@Z 00000001400145d2 f   SapClassBasic:SapClassBasic82.dll
 0001:000135d8       ?GetSpaceUsed@SapBuffer@@UEAAHPEAH@Z 00000001400145d8 f   SapClassBasic:SapClassBasic82.dll
 0001:000135de       ?GetHandles@SapBuffer@@UEBAPEAPEAU__CORHANDLE@@XZ 00000001400145de f   SapClassBasic:SapClassBasic82.dll
 0001:000135e4       ?IsCapabilityValid@SapBuffer@@UEAAHH@Z 00000001400145e4 f   SapClassBasic:SapClassBasic82.dll
 0001:000135ea       ?GetCapability@SapBuffer@@UEAAHHHPEAX@Z 00000001400145ea f   SapClassBasic:SapClassBasic82.dll
 0001:000135f0       ?GetCapability@SapBuffer@@UEAAHHPEAX@Z 00000001400145f0 f   SapClassBasic:SapClassBasic82.dll
 0001:000135f6       ?IsParameterValid@SapBuffer@@UEAAHHH@Z 00000001400145f6 f   SapClassBasic:SapClassBasic82.dll
 0001:000135fc       ?IsParameterValid@SapBuffer@@UEAAHH@Z 00000001400145fc f   SapClassBasic:SapClassBasic82.dll
 0001:00013602       ?GetParameter@SapBuffer@@UEAAHHHPEAX@Z 0000000140014602 f   SapClassBasic:SapClassBasic82.dll
 0001:00013608       ?GetParameter@SapBuffer@@UEAAHHPEAX@Z 0000000140014608 f   SapClassBasic:SapClassBasic82.dll
 0001:0001360e       ?SetParameter@SapBuffer@@UEAAHHHPEAX@Z 000000014001460e f   SapClassBasic:SapClassBasic82.dll
 0001:00013614       ?SetParameter@SapBuffer@@UEAAHHPEAX@Z 0000000140014614 f   SapClassBasic:SapClassBasic82.dll
 0001:0001361a       ?SetParameter@SapBuffer@@UEAAHHHH@Z 000000014001461a f   SapClassBasic:SapClassBasic82.dll
 0001:00013620       ?SetParameter@SapBuffer@@UEAAHHH@Z 0000000140014620 f   SapClassBasic:SapClassBasic82.dll
 0001:00013626       ?GetParent@SapBuffer@@UEAAPEAV1@XZ 0000000140014626 f   SapClassBasic:SapClassBasic82.dll
 0001:0001362c       ?GetRoot@SapBuffer@@UEAAPEAV1@XZ 000000014001462c f   SapClassBasic:SapClassBasic82.dll
 0001:00013632       ?SetState@SapBuffer@@UEAAHHH@Z 0000000140014632 f   SapClassBasic:SapClassBasic82.dll
 0001:00013638       ?SetState@SapBuffer@@UEAAHH@Z 0000000140014638 f   SapClassBasic:SapClassBasic82.dll
 0001:0001363e       ?SetAllState@SapBuffer@@UEAAHH@Z 000000014001463e f   SapClassBasic:SapClassBasic82.dll
 0001:00013644       ?GetState@SapBuffer@@UEAAHHPEAH@Z 0000000140014644 f   SapClassBasic:SapClassBasic82.dll
 0001:0001364a       ?GetState@SapBuffer@@UEAAHPEAH@Z 000000014001464a f   SapClassBasic:SapClassBasic82.dll
 0001:00013650       ?GetNumPages@SapBuffer@@UEAAHPEAH@Z 0000000140014650 f   SapClassBasic:SapClassBasic82.dll
 0001:00013656       ?SetPage@SapBuffer@@UEAAHHH@Z 0000000140014656 f   SapClassBasic:SapClassBasic82.dll
 0001:0001365c       ?SetPage@SapBuffer@@UEAAHH@Z 000000014001465c f   SapClassBasic:SapClassBasic82.dll
 0001:00013662       ?SetAllPage@SapBuffer@@UEAAHH@Z 0000000140014662 f   SapClassBasic:SapClassBasic82.dll
 0001:00013668       ?GetPage@SapBuffer@@UEAAHHPEAH@Z 0000000140014668 f   SapClassBasic:SapClassBasic82.dll
 0001:0001366e       ?GetPage@SapBuffer@@UEAAHPEAH@Z 000000014001466e f   SapClassBasic:SapClassBasic82.dll
 0001:00013674       ?IsMultiFormat@SapBuffer@@UEAAHXZ 0000000140014674 f   SapClassBasic:SapClassBasic82.dll
 0001:0001367a       ?GetPageFormat@SapBuffer@@UEAAHPEAH@Z 000000014001467a f   SapClassBasic:SapClassBasic82.dll
 0001:00013680       ?Clear@SapBuffer@@UEAAHHVSapData@@@Z 0000000140014680 f   SapClassBasic:SapClassBasic82.dll
 0001:00013686       ?Clear@SapBuffer@@UEAAHVSapData@@@Z 0000000140014686 f   SapClassBasic:SapClassBasic82.dll
 0001:0001368c       ?Clear@SapBuffer@@UEAAHH@Z 000000014001468c f   SapClassBasic:SapClassBasic82.dll
 0001:00013692       ?Clear@SapBuffer@@UEAAHXZ  0000000140014692 f   SapClassBasic:SapClassBasic82.dll
 0001:00013698       ?Load@SapBuffer@@UEAAHPEBD0HH@Z 0000000140014698 f   SapClassBasic:SapClassBasic82.dll
 0001:0001369e       ?Load@SapBuffer@@UEAAHPEBDHHH0@Z 000000014001469e f   SapClassBasic:SapClassBasic82.dll
 0001:000136a4       ?Save@SapBuffer@@UEAAHPEBD0HH@Z 00000001400146a4 f   SapClassBasic:SapClassBasic82.dll
 0001:000136aa       ?Read@SapBuffer@@UEAAHH_KHPEAX@Z 00000001400146aa f   SapClassBasic:SapClassBasic82.dll
 0001:000136b0       ?Read@SapBuffer@@UEAAH_KHPEAX@Z 00000001400146b0 f   SapClassBasic:SapClassBasic82.dll
 0001:000136b6       ?ReadElement@SapBuffer@@UEAAHHHPEAH00@Z 00000001400146b6 f   SapClassBasic:SapClassBasic82.dll
 0001:000136bc       ?ReadElement@SapBuffer@@UEAAHHHHPEAVSapData@@@Z 00000001400146bc f   SapClassBasic:SapClassBasic82.dll
 0001:000136c2       ?ReadElement@SapBuffer@@UEAAHHHPEAVSapData@@@Z 00000001400146c2 f   SapClassBasic:SapClassBasic82.dll
 0001:000136c8       ?ReadElement@SapBuffer@@UEAAHHHHPEAX@Z 00000001400146c8 f   SapClassBasic:SapClassBasic82.dll
 0001:000136ce       ?ReadElement@SapBuffer@@UEAAHHHPEAX@Z 00000001400146ce f   SapClassBasic:SapClassBasic82.dll
 0001:000136d4       ?ReadLine@SapBuffer@@UEAAHHHHHHPEAXPEAH@Z 00000001400146d4 f   SapClassBasic:SapClassBasic82.dll
 0001:000136da       ?ReadLine@SapBuffer@@UEAAHHHHHPEAXPEAH@Z 00000001400146da f   SapClassBasic:SapClassBasic82.dll
 0001:000136e0       ?ReadRect@SapBuffer@@UEAAHHHHHHPEAX@Z 00000001400146e0 f   SapClassBasic:SapClassBasic82.dll
 0001:000136e6       ?ReadRect@SapBuffer@@UEAAHHHHHPEAX@Z 00000001400146e6 f   SapClassBasic:SapClassBasic82.dll
 0001:000136ec       ?Write@SapBuffer@@UEAAHH_KHPEBX@Z 00000001400146ec f   SapClassBasic:SapClassBasic82.dll
 0001:000136f2       ?Write@SapBuffer@@UEAAH_KHPEBX@Z 00000001400146f2 f   SapClassBasic:SapClassBasic82.dll
 0001:000136f8       ?WriteElement@SapBuffer@@UEAAHHHHVSapData@@@Z 00000001400146f8 f   SapClassBasic:SapClassBasic82.dll
 0001:000136fe       ?WriteElement@SapBuffer@@UEAAHHHVSapData@@@Z 00000001400146fe f   SapClassBasic:SapClassBasic82.dll
 0001:00013704       ?WriteElement@SapBuffer@@UEAAHHHHPEBX@Z 0000000140014704 f   SapClassBasic:SapClassBasic82.dll
 0001:0001370a       ?WriteElement@SapBuffer@@UEAAHHHPEBX@Z 000000014001470a f   SapClassBasic:SapClassBasic82.dll
 0001:00013710       ?WriteLine@SapBuffer@@UEAAHHHHHHPEBXPEAH@Z 0000000140014710 f   SapClassBasic:SapClassBasic82.dll
 0001:00013716       ?WriteLine@SapBuffer@@UEAAHHHHHPEBXPEAH@Z 0000000140014716 f   SapClassBasic:SapClassBasic82.dll
 0001:0001371c       ?WriteRect@SapBuffer@@UEAAHHHHHHPEBX@Z 000000014001471c f   SapClassBasic:SapClassBasic82.dll
 0001:00013722       ?WriteRect@SapBuffer@@UEAAHHHHHPEBX@Z 0000000140014722 f   SapClassBasic:SapClassBasic82.dll
 0001:00013728       ?Copy@SapBuffer@@UEAAHPEAV1@HH@Z 0000000140014728 f   SapClassBasic:SapClassBasic82.dll
 0001:0001372e       ?Copy@SapBuffer@@UEAAHPEAV1@@Z 000000014001472e f   SapClassBasic:SapClassBasic82.dll
 0001:00013734       ?CopyAll@SapBuffer@@UEAAHPEAV1@@Z 0000000140014734 f   SapClassBasic:SapClassBasic82.dll
 0001:0001373a       ?CopyRect@SapBuffer@@UEAAHPEAV1@HHHHHHHH@Z 000000014001473a f   SapClassBasic:SapClassBasic82.dll
 0001:00013740       ?ColorConvert@SapBuffer@@UEAAHPEAV1@HHHHVSapDataFRGB@@PEAVSapLut@@@Z 0000000140014740 f   SapClassBasic:SapClassBasic82.dll
 0001:00013746       ?ColorConvert@SapBuffer@@UEAAHPEAV1@HHVSapDataFRGB@@PEAVSapLut@@@Z 0000000140014746 f   SapClassBasic:SapClassBasic82.dll
 0001:0001374c       ?ColorWhiteBalance@SapBuffer@@UEAAHHHPEAVSapDataFRGB@@@Z 000000014001474c f   SapClassBasic:SapClassBasic82.dll
 0001:00013752       ?ColorWhiteBalance@SapBuffer@@UEAAHHPEAVSapDataFRGB@@@Z 0000000140014752 f   SapClassBasic:SapClassBasic82.dll
 0001:00013758       ?SplitComponents@SapBuffer@@UEAAHPEAV1@00H@Z 0000000140014758 f   SapClassBasic:SapClassBasic82.dll
 0001:0001375e       ?SplitComponents@SapBuffer@@UEAAHPEAV1@00@Z 000000014001475e f   SapClassBasic:SapClassBasic82.dll
 0001:00013764       ?SplitComponents@SapBuffer@@UEAAHPEAV1@H@Z 0000000140014764 f   SapClassBasic:SapClassBasic82.dll
 0001:0001376a       ?SplitComponents@SapBuffer@@UEAAHPEAV1@@Z 000000014001476a f   SapClassBasic:SapClassBasic82.dll
 0001:00013770       ?MergeComponents@SapBuffer@@UEAAHPEAV1@00H@Z 0000000140014770 f   SapClassBasic:SapClassBasic82.dll
 0001:00013776       ?MergeComponents@SapBuffer@@UEAAHPEAV1@00@Z 0000000140014776 f   SapClassBasic:SapClassBasic82.dll
 0001:0001377c       ?MergeComponents@SapBuffer@@UEAAHPEAV1@H@Z 000000014001477c f   SapClassBasic:SapClassBasic82.dll
 0001:00013782       ?MergeComponents@SapBuffer@@UEAAHPEAV1@@Z 0000000140014782 f   SapClassBasic:SapClassBasic82.dll
 0001:00013788       ?Register@SapBuffer@@UEAAHPEBD@Z 0000000140014788 f   SapClassBasic:SapClassBasic82.dll
 0001:0001378e       ?Unregister@SapBuffer@@UEAAHXZ 000000014001478e f   SapClassBasic:SapClassBasic82.dll
 0001:00013794       ?GetNumRoi@SapBuffer@@UEBAHXZ 0000000140014794 f   SapClassBasic:SapClassBasic82.dll
 0001:0001379a       ?GetRoi@SapBuffer@@UEBAQEAUtagRECT@@H@Z 000000014001479a f   SapClassBasic:SapClassBasic82.dll
 0001:000137a0       ?AddRoi@SapBuffer@@UEAAHUtagRECT@@@Z 00000001400147a0 f   SapClassBasic:SapClassBasic82.dll
 0001:000137a6       ?RemoveAllRoi@SapBuffer@@UEAAHXZ 00000001400147a6 f   SapClassBasic:SapClassBasic82.dll
 0001:000137ac       ?GetChild@SapBuffer@@UEBAPEAU__CORHANDLE@@HH@Z 00000001400147ac f   SapClassBasic:SapClassBasic82.dll
 0001:000137b2       ?BayerConvert@SapBuffer@@UEAAHPEAV1@HHHHVSapDataFRGB@@PEAVSapLut@@@Z 00000001400147b2 f   SapClassBasic:SapClassBasic82.dll
 0001:000137b8       ?BayerConvert@SapBuffer@@UEAAHPEAV1@HHVSapDataFRGB@@PEAVSapLut@@@Z 00000001400147b8 f   SapClassBasic:SapClassBasic82.dll
 0001:000137be       ?BayerWhiteBalance@SapBuffer@@UEAAHHHPEAVSapDataFRGB@@@Z 00000001400147be f   SapClassBasic:SapClassBasic82.dll
 0001:000137c4       ?BayerWhiteBalance@SapBuffer@@UEAAHHPEAVSapDataFRGB@@@Z 00000001400147c4 f   SapClassBasic:SapClassBasic82.dll
 0001:000137ca       ?Construct@SapBuffer@@MEAAXPEBDPEAVSapDisplay@@@Z 00000001400147ca f   SapClassBasic:SapClassBasic82.dll
 0001:000137d0       ?GetTrashType@SapBufferWithTrash@@UEAAHXZ 00000001400147d0 f   SapClassBasic:SapClassBasic82.dll
 0001:000137d6       ?SetTrashType@SapBufferWithTrash@@UEAAHH@Z 00000001400147d6 f   SapClassBasic:SapClassBasic82.dll
 0001:000137dc       ?Construct@SapBufferWithTrash@@MEAAXXZ 00000001400147dc f   SapClassBasic:SapClassBasic82.dll
 0001:000137e2       ?Create@SapTransfer@@UEAAHXZ 00000001400147e2 f   SapClassBasic:SapClassBasic82.dll
 0001:000137e8       ?Destroy@SapTransfer@@UEAAHXZ 00000001400147e8 f   SapClassBasic:SapClassBasic82.dll
 0001:000137ee       ?Connect@SapTransfer@@UEAAHXZ 00000001400147ee f   SapClassBasic:SapClassBasic82.dll
 0001:000137f4       ?Disconnect@SapTransfer@@UEAAHXZ 00000001400147f4 f   SapClassBasic:SapClassBasic82.dll
 0001:000137fa       ?GetHandle@SapTransfer@@UEBAPEAU__CORHANDLE@@XZ 00000001400147fa f   SapClassBasic:SapClassBasic82.dll
 0001:00013800       ?GetCallback@SapTransfer@@UEBAP6AXPEAVSapXferCallbackInfo@@@ZXZ 0000000140014800 f   SapClassBasic:SapClassBasic82.dll
 0001:00013806       ?GetTrashCallback@SapTransfer@@UEBAP6AXPEAVSapXferCallbackInfo@@@ZXZ 0000000140014806 f   SapClassBasic:SapClassBasic82.dll
 0001:0001380c       ?GetContext@SapTransfer@@UEBAPEAXXZ 000000014001480c f   SapClassBasic:SapClassBasic82.dll
 0001:00013812       ?IsGrabbing@SapTransfer@@UEBAHXZ 0000000140014812 f   SapClassBasic:SapClassBasic82.dll
 0001:00013818       ?IsAutoEmpty@SapTransfer@@UEBAHXZ 0000000140014818 f   SapClassBasic:SapClassBasic82.dll
 0001:0001381e       ?IsAutoConnect@SapTransfer@@UEBAHXZ 000000014001481e f   SapClassBasic:SapClassBasic82.dll
 0001:00013824       ?IsConnected@SapTransfer@@UEBAHXZ 0000000140014824 f   SapClassBasic:SapClassBasic82.dll
 0001:0001382a       ?GetStartMode@SapTransfer@@UEBAHXZ 000000014001482a f   SapClassBasic:SapClassBasic82.dll
 0001:00013830       ?IsCycleModeAvailable@SapTransfer@@UEAAHHH@Z 0000000140014830 f   SapClassBasic:SapClassBasic82.dll
 0001:00013836       ?GetConnectTimeout@SapTransfer@@UEBAHXZ 0000000140014836 f   SapClassBasic:SapClassBasic82.dll
 0001:0001383c       ?SetCallbackInfo@SapTransfer@@UEAAHPEAVSapXferPair@@@Z 000000014001483c f   SapClassBasic:SapClassBasic82.dll
 0001:00013842       ?SetCallbackInfo@SapTransfer@@UEAAHP6AXPEAVSapXferCallbackInfo@@@ZPEAX@Z 0000000140014842 f   SapClassBasic:SapClassBasic82.dll
 0001:00013848       ?SetTrashCallbackInfo@SapTransfer@@UEAAHPEAVSapXferPair@@@Z 0000000140014848 f   SapClassBasic:SapClassBasic82.dll
 0001:0001384e       ?SetTrashCallbackInfo@SapTransfer@@UEAAHP6AXPEAVSapXferCallbackInfo@@@Z@Z 000000014001484e f   SapClassBasic:SapClassBasic82.dll
 0001:00013854       ?SetAutoEmpty@SapTransfer@@UEAAXH@Z 0000000140014854 f   SapClassBasic:SapClassBasic82.dll
 0001:0001385a       ?SetAutoConnect@SapTransfer@@UEAAXH@Z 000000014001485a f   SapClassBasic:SapClassBasic82.dll
 0001:00013860       ?IsCapabilityValid@SapTransfer@@UEAAHH@Z 0000000140014860 f   SapClassBasic:SapClassBasic82.dll
 0001:00013866       ?IsParameterValid@SapTransfer@@UEAAHH@Z 0000000140014866 f   SapClassBasic:SapClassBasic82.dll
 0001:0001386c       ?GetCapability@SapTransfer@@UEAAHHPEAX@Z 000000014001486c f   SapClassBasic:SapClassBasic82.dll
 0001:00013872       ?GetParameter@SapTransfer@@UEAAHHPEAX@Z 0000000140014872 f   SapClassBasic:SapClassBasic82.dll
 0001:00013878       ?SetParameter@SapTransfer@@UEAAHHPEAX@Z 0000000140014878 f   SapClassBasic:SapClassBasic82.dll
 0001:0001387e       ?SetParameter@SapTransfer@@UEAAHHH@Z 000000014001487e f   SapClassBasic:SapClassBasic82.dll
 0001:00013884       ?Select@SapTransfer@@UEAAHPEAVSapXferPair@@HH@Z 0000000140014884 f   SapClassBasic:SapClassBasic82.dll
 0001:0001388a       ?Select@SapTransfer@@UEAAHHHH@Z 000000014001488a f   SapClassBasic:SapClassBasic82.dll
 0001:00013890       ?SetStartMode@SapTransfer@@MEAAHXZ 0000000140014890 f   SapClassBasic:SapClassBasic82.dll
 0001:00013896       ?SetStartMode@SapTransfer@@UEAAHH@Z 0000000140014896 f   SapClassBasic:SapClassBasic82.dll
 0001:0001389c       ?SetConnectTimeout@SapTransfer@@UEAAHH@Z 000000014001489c f   SapClassBasic:SapClassBasic82.dll
 0001:000138a2       ?UpdateFrameRateStatistics@SapAcqDeviceToBuf@@UEAAHXZ 00000001400148a2 f   SapClassBasic:SapClassBasic82.dll
 0001:000138a8       ?SetEventType@SapTransfer@@UEAAHPEAVSapXferPair@@@Z 00000001400148a8 f   SapClassBasic:SapClassBasic82.dll
 0001:000138ae       ?SetEventCountSource@SapTransfer@@UEAAHPEAVSapXferPair@@@Z 00000001400148ae f   SapClassBasic:SapClassBasic82.dll
 0001:000138b4       ?SetCycleMode@SapTransfer@@UEAAHPEAVSapXferPair@@@Z 00000001400148b4 f   SapClassBasic:SapClassBasic82.dll
 0001:000138ba       ?SetFlipMode@SapTransfer@@UEAAHPEAVSapXferPair@@@Z 00000001400148ba f   SapClassBasic:SapClassBasic82.dll
 0001:000138c0       ?SetCounterStampTimeBase@SapTransfer@@UEAAHPEAVSapXferPair@@@Z 00000001400148c0 f   SapClassBasic:SapClassBasic82.dll
 0001:000138c6       ?SetFlatFieldCycleMode@SapTransfer@@UEAAHPEAVSapXferPair@@@Z 00000001400148c6 f   SapClassBasic:SapClassBasic82.dll
 0001:000138cc       ?SetDynamicLutCycleMode@SapTransfer@@UEAAHPEAVSapXferPair@@@Z 00000001400148cc f   SapClassBasic:SapClassBasic82.dll
 0001:000138d2       ?SetFramesPerCallback@SapTransfer@@UEAAHPEAVSapXferPair@@@Z 00000001400148d2 f   SapClassBasic:SapClassBasic82.dll
 0001:000138d8       ?SetFramesOnBoard@SapTransfer@@UEAAHPEAVSapXferPair@@@Z 00000001400148d8 f   SapClassBasic:SapClassBasic82.dll
 0001:000138de       ?SetRelativeBufferIndex@SapTransfer@@UEAAHPEAVSapXferPair@@@Z 00000001400148de f   SapClassBasic:SapClassBasic82.dll
 0001:000138e4       ?SetNbInputFrames@SapTransfer@@UEAAHPEAVSapXferPair@@@Z 00000001400148e4 f   SapClassBasic:SapClassBasic82.dll
 0001:000138ea       ?SetNbOutputFrames@SapTransfer@@UEAAHPEAVSapXferPair@@@Z 00000001400148ea f   SapClassBasic:SapClassBasic82.dll
 0001:000138f0       ?RegisterCallback@SapTransfer@@UEAAHHP6AXPEAVSapXferCallbackInfo@@@ZPEAXI@Z 00000001400148f0 f   SapClassBasic:SapClassBasic82.dll
 0001:000138f6       ?UnregisterCallback@SapTransfer@@UEAAHXZ 00000001400148f6 f   SapClassBasic:SapClassBasic82.dll
 0001:000138fc       ?UpdateParameters@SapTransfer@@UEAAHXZ 00000001400148fc f   SapClassBasic:SapClassBasic82.dll
 0001:00013902       ?Snap@SapTransfer@@UEAAHH@Z 0000000140014902 f   SapClassBasic:SapClassBasic82.dll
 0001:00013908       ?Grab@SapTransfer@@UEAAHXZ 0000000140014908 f   SapClassBasic:SapClassBasic82.dll
 0001:0001390e       ?Freeze@SapTransfer@@UEAAHXZ 000000014001490e f   SapClassBasic:SapClassBasic82.dll
 0001:00013914       ?Abort@SapTransfer@@UEAAHXZ 0000000140014914 f   SapClassBasic:SapClassBasic82.dll
 0001:0001391a       ?Wait@SapTransfer@@UEAAHH@Z 000000014001491a f   SapClassBasic:SapClassBasic82.dll
 0001:00013920       ?Init@SapTransfer@@UEAAHH@Z 0000000140014920 f   SapClassBasic:SapClassBasic82.dll
 0001:00013926       ?XferIsCycleModeAvailable@SapTransfer@@MEAAHPEAVSapXferPair@@H@Z 0000000140014926 f   SapClassBasic:SapClassBasic82.dll
 0001:0001392c       ?CreatePair@SapTransfer@@MEAAHH@Z 000000014001492c f   SapClassBasic:SapClassBasic82.dll
 0001:00013932       ?DestroyPair@SapTransfer@@MEAAHH@Z 0000000140014932 f   SapClassBasic:SapClassBasic82.dll
 0001:00013938       ?GetCapabilities@SapTransfer@@MEAAHH@Z 0000000140014938 f   SapClassBasic:SapClassBasic82.dll
 0001:0001393e       ?SetParameters@SapTransfer@@MEAAHXZ 000000014001493e f   SapClassBasic:SapClassBasic82.dll
 0001:00013944       ?SetParameters@SapTransfer@@MEAAHH@Z 0000000140014944 f   SapClassBasic:SapClassBasic82.dll
 0001:0001394a       ?FindPairIndex@SapTransfer@@MEAAHPEAVSapXferPair@@PEAH@Z 000000014001494a f   SapClassBasic:SapClassBasic82.dll
 0001:00013950       ?Create@SapView@@UEAAHXZ   0000000140014950 f   SapClassBasic:SapClassBasic82.dll
 0001:00013956       ?Destroy@SapView@@UEAAHXZ  0000000140014956 f   SapClassBasic:SapClassBasic82.dll
 0001:0001395c       ?GetHandle@SapView@@UEBAPEAU__CORHANDLE@@H@Z 000000014001495c f   SapClassBasic:SapClassBasic82.dll
 0001:00013962       ?GetHandle@SapView@@UEBAPEAU__CORHANDLE@@XZ 0000000140014962 f   SapClassBasic:SapClassBasic82.dll
 0001:00013968       ?IsAutoEmpty@SapView@@UEBAHXZ 0000000140014968 f   SapClassBasic:SapClassBasic82.dll
 0001:0001396e       ?SetDisplay@SapView@@UEAAHPEAVSapDisplay@@@Z 000000014001496e f   SapClassBasic:SapClassBasic82.dll
 0001:00013974       ?SetBuffer@SapView@@UEAAHPEAVSapBuffer@@@Z 0000000140014974 f   SapClassBasic:SapClassBasic82.dll
 0001:0001397a       ?SetWindow@SapView@@UEAAHPEAUHWND__@@@Z 000000014001497a f   SapClassBasic:SapClassBasic82.dll
 0001:00013980       ?SetCallbackInfo@SapView@@UEAAHP6AXPEAVSapViewCallbackInfo@@@ZPEAX@Z 0000000140014980 f   SapClassBasic:SapClassBasic82.dll
 0001:00013986       ?GetWidth@SapView@@UEAAHXZ 0000000140014986 f   SapClassBasic:SapClassBasic82.dll
 0001:0001398c       ?GetHeight@SapView@@UEAAHXZ 000000014001498c f   SapClassBasic:SapClassBasic82.dll
 0001:00013992       ?GetViewArea@SapView@@UEAAHPEAH0@Z 0000000140014992 f   SapClassBasic:SapClassBasic82.dll
 0001:00013998       ?IsCapabilityValid@SapView@@UEAAHH@Z 0000000140014998 f   SapClassBasic:SapClassBasic82.dll
 0001:0001399e       ?GetCapability@SapView@@UEAAHHPEAX@Z 000000014001499e f   SapClassBasic:SapClassBasic82.dll
 0001:000139a4       ?IsParameterValid@SapView@@UEAAHH@Z 00000001400149a4 f   SapClassBasic:SapClassBasic82.dll
 0001:000139aa       ?GetParameter@SapView@@UEAAHHPEAX@Z 00000001400149aa f   SapClassBasic:SapClassBasic82.dll
 0001:000139b0       ?SetParameter@SapView@@UEAAHHPEAX@Z 00000001400149b0 f   SapClassBasic:SapClassBasic82.dll
 0001:000139b6       ?SetParameter@SapView@@UEAAHHH@Z 00000001400149b6 f   SapClassBasic:SapClassBasic82.dll
 0001:000139bc       ?SetWindowTitle@SapView@@UEAAHPEBD@Z 00000001400149bc f   SapClassBasic:SapClassBasic82.dll
 0001:000139c2       ?GetWindowTitle@SapView@@UEAAHPEAD@Z 00000001400149c2 f   SapClassBasic:SapClassBasic82.dll
 0001:000139c8       ?SetOverlayMode@SapView@@UEAAHH@Z 00000001400149c8 f   SapClassBasic:SapClassBasic82.dll
 0001:000139ce       ?SetKeyColor@SapView@@MEAAHXZ 00000001400149ce f   SapClassBasic:SapClassBasic82.dll
 0001:000139d4       ?SetKeyColor@SapView@@UEAAHVSapDataRGB@@@Z 00000001400149d4 f   SapClassBasic:SapClassBasic82.dll
 0001:000139da       ?GetDC@SapView@@UEAAHPEAPEAUHDC__@@@Z 00000001400149da f   SapClassBasic:SapClassBasic82.dll
 0001:000139e0       ?ReleaseDC@SapView@@UEAAHXZ 00000001400149e0 f   SapClassBasic:SapClassBasic82.dll
 0001:000139e6       ?Init@SapView@@UEAAXXZ     00000001400149e6 f   SapClassBasic:SapClassBasic82.dll
 0001:000139ec       ?Show@SapView@@UEAAXH@Z    00000001400149ec f   SapClassBasic:SapClassBasic82.dll
 0001:000139f2       ?Show@SapView@@UEAAXXZ     00000001400149f2 f   SapClassBasic:SapClassBasic82.dll
 0001:000139f8       ?ShowNext@SapView@@UEAAXXZ 00000001400149f8 f   SapClassBasic:SapClassBasic82.dll
 0001:000139fe       ?Hide@SapView@@UEAAXXZ     00000001400149fe f   SapClassBasic:SapClassBasic82.dll
 0001:00013a04       ?HasRange@SapView@@UEAAHXZ 0000000140014a04 f   SapClassBasic:SapClassBasic82.dll
 0001:00013a0a       ?GetRange@SapView@@UEAAHXZ 0000000140014a0a f   SapClassBasic:SapClassBasic82.dll
 0001:00013a10       ?GetRangeMinMax@SapView@@UEAAXPEAH0@Z 0000000140014a10 f   SapClassBasic:SapClassBasic82.dll
 0001:00013a16       ?SetRange@SapView@@UEAAHH@Z 0000000140014a16 f   SapClassBasic:SapClassBasic82.dll
 0001:00013a1c       ?SetScalingMode@SapView@@UEAAHAEBVSapViewScaleParams@@0H@Z 0000000140014a1c f   SapClassBasic:SapClassBasic82.dll
 0001:00013a22       ?SetScalingMode@SapView@@UEAAHMMH@Z 0000000140014a22 f   SapClassBasic:SapClassBasic82.dll
 0001:00013a28       ?SetScalingMode@SapView@@UEAAHW4ScalingMode@1@HH@Z 0000000140014a28 f   SapClassBasic:SapClassBasic82.dll
 0001:00013a2e       ?SetAutoEmpty@SapView@@UEAAXH@Z 0000000140014a2e f   SapClassBasic:SapClassBasic82.dll
 0001:00013a34       ?SetImmediateMode@SapView@@UEAAXH@Z 0000000140014a34 f   SapClassBasic:SapClassBasic82.dll
 0001:00013a3a       ?SetThreadPriority@SapView@@UEAAXH@Z 0000000140014a3a f   SapClassBasic:SapClassBasic82.dll
 0001:00013a40       ?ApplyLut@SapView@@UEAAHXZ 0000000140014a40 f   SapClassBasic:SapClassBasic82.dll
 0001:00013a46       ?OnPaint@SapView@@UEAAXXZ  0000000140014a46 f   SapClassBasic:SapClassBasic82.dll
 0001:00013a4c       ?OnMove@SapView@@UEAAXXZ   0000000140014a4c f   SapClassBasic:SapClassBasic82.dll
 0001:00013a52       ?OnSize@SapView@@UEAAXH@Z  0000000140014a52 f   SapClassBasic:SapClassBasic82.dll
 0001:00013a58       ?OnHScroll@SapView@@UEAAXH@Z 0000000140014a58 f   SapClassBasic:SapClassBasic82.dll
 0001:00013a5e       ?OnVScroll@SapView@@UEAAXH@Z 0000000140014a5e f   SapClassBasic:SapClassBasic82.dll
 0001:00013a64       ?GetHandles@SapView@@UEBAPEAPEAU__CORHANDLE@@XZ 0000000140014a64 f   SapClassBasic:SapClassBasic82.dll
 0001:00013a6a       ??ASapView@@UEBAPEAU__CORHANDLE@@H@Z 0000000140014a6a f   SapClassBasic:SapClassBasic82.dll
 0001:00013a70       ?SetBuffers@SapView@@UEAAHPEAVSapBuffer@@@Z 0000000140014a70 f   SapClassBasic:SapClassBasic82.dll
 0001:00013a76       ?DoShow@SapView@@MEAAXXZ   0000000140014a76 f   SapClassBasic:SapClassBasic82.dll
 0001:00013a7c       ?Next@SapView@@MEAAXXZ     0000000140014a7c f   SapClassBasic:SapClassBasic82.dll
 0001:00013a82       ?SetScrollPosAndRange@SapView@@MEAAXXZ 0000000140014a82 f   SapClassBasic:SapClassBasic82.dll
 0001:00013a88       ?LoadLut@SapView@@MEAAHXZ  0000000140014a88 f   SapClassBasic:SapClassBasic82.dll
 0001:00013a8e       ??1SapAcqDeviceToBuf@@UEAA@XZ 0000000140014a8e f   SapClassBasic:SapClassBasic82.dll
 0001:00013a94       ??1SapAcqDevice@@UEAA@XZ   0000000140014a94 f   SapClassBasic:SapClassBasic82.dll
 0001:00013a9a       ??1SapBufferWithTrash@@UEAA@XZ 0000000140014a9a f   SapClassBasic:SapClassBasic82.dll
 0001:00013aa0       ??1SapView@@UEAA@XZ        0000000140014aa0 f   SapClassBasic:SapClassBasic82.dll
 0001:00013aa6       ?SetCycleMode@SapXferPair@@QEAAHH@Z 0000000140014aa6 f   SapClassBasic:SapClassBasic82.dll
 0001:00013aac       ?GetPair@SapTransfer@@QEAAPEAVSapXferPair@@H@Z 0000000140014aac f   SapClassBasic:SapClassBasic82.dll
 0001:00013ab2       ??BSapManager@@QEBAHXZ     0000000140014ab2 f   SapClassBasic:SapClassBasic82.dll
 0001:00013ab8       ?GetBuffer@SapView@@QEBAPEAVSapBuffer@@XZ 0000000140014ab8 f   SapClassBasic:SapClassBasic82.dll
 0001:00013abe       ??1CImageExWnd@@UEAA@XZ    0000000140014abe f   SapClassGuiD:SapClassGui82D.NET_2010.dll
 0001:00013ac4       ??0CImageExWnd@@QEAA@XZ    0000000140014ac4 f   SapClassGuiD:SapClassGui82D.NET_2010.dll
 0001:00013aca       ??0CImageExWndEventHandler@@QEAA@XZ 0000000140014aca f   SapClassGuiD:SapClassGui82D.NET_2010.dll
 0001:00013ad0       ?ScaleChanged@CImageViewportWndEventHandler@@UEAAXXZ 0000000140014ad0 f   SapClassGuiD:SapClassGui82D.NET_2010.dll
 0001:00013ad6       ?RoiChanged@CImageViewportWndEventHandler@@UEAAXXZ 0000000140014ad6 f   SapClassGuiD:SapClassGui82D.NET_2010.dll
 0001:00013adc       ?ViewChanged@CImageViewportWndEventHandler@@UEAAXXZ 0000000140014adc f   SapClassGuiD:SapClassGui82D.NET_2010.dll
 0001:00013ae2       ?MarkerChanged@CImageExWndEventHandler@@UEAAXXZ 0000000140014ae2 f   SapClassGuiD:SapClassGui82D.NET_2010.dll
 0001:00013ae8       ?InteractiveMarkerChanged@CImageExWndEventHandler@@UEAAXH@Z 0000000140014ae8 f   SapClassGuiD:SapClassGui82D.NET_2010.dll
 0001:00013aee       ?GetPixelString@CImageExWnd@@QEBA?AV?$CStringT@DV?$StrTraitMFC_DLL@DV?$ChTraitsCRT@D@ATL@@@@@ATL@@VCPoint@@@Z 0000000140014aee f   SapClassGuiD:SapClassGui82D.NET_2010.dll
 0001:00013af4       ?Reset@CImageExWnd@@QEAAXXZ 0000000140014af4 f   SapClassGuiD:SapClassGui82D.NET_2010.dll
 0001:00013afa       ?AttachSapView@CImageExWnd@@QEAA_NPEAVSapView@@@Z 0000000140014afa f   SapClassGuiD:SapClassGui82D.NET_2010.dll
 0001:00013b00       ??1CViewDlg@@UEAA@XZ       0000000140014b00 f   SapClassGuiD:SapClassGui82D.NET_2010.dll
 0001:00013b06       ?Refresh@CImageExWnd@@QEAAXXZ 0000000140014b06 f   SapClassGuiD:SapClassGui82D.NET_2010.dll
 0001:00013b0c       ??0CViewDlg@@QEAA@PEAVCWnd@@PEAVSapView@@@Z 0000000140014b0c f   SapClassGuiD:SapClassGui82D.NET_2010.dll
 0001:00013b12       ??1CAbortDlg@@UEAA@XZ      0000000140014b12 f   SapClassGuiD:SapClassGui82D.NET_2010.dll
 0001:00013b18       ??0CAbortDlg@@QEAA@PEAVCWnd@@PEAVSapTransfer@@H@Z 0000000140014b18 f   SapClassGuiD:SapClassGui82D.NET_2010.dll
 0001:00013b1e       ZLBSaveImage               0000000140014b1e f   ZLBImage:ZLBImage.dll
 0001:00013b24       ZLBCreateDirectory         0000000140014b24 f   ZLBCommon:ZLBCommon.dll
 0001:00013b2a       ZLBGetFormatTime           0000000140014b2a f   ZLBCommon:ZLBCommon.dll
 0001:00013b30       ZLBIsPathExist             0000000140014b30 f   ZLBCommon:ZLBCommon.dll
 0001:00013b36       ZLBIniReadDouble           0000000140014b36 f   ZLBCommon:ZLBCommon.dll
 0001:00013b3c       ZLBIniReadString           0000000140014b3c f   ZLBCommon:ZLBCommon.dll
 0001:00013b42       ZLBIniReadInt              0000000140014b42 f   ZLBCommon:ZLBCommon.dll
 0001:00013b48       ZLBIniFile                 0000000140014b48 f   ZLBCommon:ZLBCommon.dll
 0001:00013b4e       ZLBGetCurrentPath          0000000140014b4e f   ZLBCommon:ZLBCommon.dll
 0001:00013b54       ??3@YAXPEAX@Z              0000000140014b54 f   mfc100d:mfc100d.dll
 0001:00013b5a       ?GetThisMessageMap@CWinApp@@KAPEBUAFX_MSGMAP@@XZ 0000000140014b5a f   mfc100d:mfc100d.dll
 0001:00013b60       ??0CWinApp@@QEAA@PEBD@Z    0000000140014b60 f   mfc100d:mfc100d.dll
 0001:00013b66       ?GetRuntimeClass@CWinApp@@UEBAPEAUCRuntimeClass@@XZ 0000000140014b66 f   mfc100d:mfc100d.dll
 0001:00013b6c       ?Serialize@CObject@@UEAAXAEAVCArchive@@@Z 0000000140014b6c f   mfc100d:mfc100d.dll
 0001:00013b72       ?AssertValid@CWinApp@@UEBAXXZ 0000000140014b72 f   mfc100d:mfc100d.dll
 0001:00013b78       ?Dump@CWinApp@@UEBAXAEAVCDumpContext@@@Z 0000000140014b78 f   mfc100d:mfc100d.dll
 0001:00013b7e       ?OnCmdMsg@CCmdTarget@@UEAAHIHPEAXPEAUAFX_CMDHANDLERINFO@@@Z 0000000140014b7e f   mfc100d:mfc100d.dll
 0001:00013b84       ?OnFinalRelease@CCmdTarget@@UEAAXXZ 0000000140014b84 f   mfc100d:mfc100d.dll
 0001:00013b8a       ?IsInvokeAllowed@CCmdTarget@@UEAAHJ@Z 0000000140014b8a f   mfc100d:mfc100d.dll
 0001:00013b90       ?GetDispatchIID@CCmdTarget@@UEAAHPEAU_GUID@@@Z 0000000140014b90 f   mfc100d:mfc100d.dll
 0001:00013b96       ?GetTypeInfoCount@CCmdTarget@@UEAAIXZ 0000000140014b96 f   mfc100d:mfc100d.dll
 0001:00013b9c       ?GetTypeLibCache@CCmdTarget@@UEAAPEAVCTypeLibCache@@XZ 0000000140014b9c f   mfc100d:mfc100d.dll
 0001:00013ba2       ?GetTypeLib@CCmdTarget@@UEAAJKPEAPEAUITypeLib@@@Z 0000000140014ba2 f   mfc100d:mfc100d.dll
 0001:00013ba8       ?GetCommandMap@CCmdTarget@@MEBAPEBUAFX_OLECMDMAP@@XZ 0000000140014ba8 f   mfc100d:mfc100d.dll
 0001:00013bae       ?GetDispatchMap@CCmdTarget@@MEBAPEBUAFX_DISPMAP@@XZ 0000000140014bae f   mfc100d:mfc100d.dll
 0001:00013bb4       ?GetConnectionMap@CCmdTarget@@MEBAPEBUAFX_CONNECTIONMAP@@XZ 0000000140014bb4 f   mfc100d:mfc100d.dll
 0001:00013bba       ?GetInterfaceMap@CCmdTarget@@MEBAPEBUAFX_INTERFACEMAP@@XZ 0000000140014bba f   mfc100d:mfc100d.dll
 0001:00013bc0       ?GetEventSinkMap@CCmdTarget@@MEBAPEBUAFX_EVENTSINKMAP@@XZ 0000000140014bc0 f   mfc100d:mfc100d.dll
 0001:00013bc6       ?OnCreateAggregates@CCmdTarget@@UEAAHXZ 0000000140014bc6 f   mfc100d:mfc100d.dll
 0001:00013bcc       ?GetInterfaceHook@CCmdTarget@@UEAAPEAUIUnknown@@PEBX@Z 0000000140014bcc f   mfc100d:mfc100d.dll
 0001:00013bd2       ?GetExtraConnectionPoints@CCmdTarget@@MEAAHPEAVCPtrArray@@@Z 0000000140014bd2 f   mfc100d:mfc100d.dll
 0001:00013bd8       ?GetConnectionHook@CCmdTarget@@MEAAPEAUIConnectionPoint@@AEBU_GUID@@@Z 0000000140014bd8 f   mfc100d:mfc100d.dll
 0001:00013bde       ?Run@CWinApp@@UEAAHXZ      0000000140014bde f   mfc100d:mfc100d.dll
 0001:00013be4       ?PreTranslateMessage@CWinThread@@UEAAHPEAUtagMSG@@@Z 0000000140014be4 f   mfc100d:mfc100d.dll
 0001:00013bea       ?PumpMessage@CWinThread@@UEAAHXZ 0000000140014bea f   mfc100d:mfc100d.dll
 0001:00013bf0       ?OnIdle@CWinApp@@UEAAHJ@Z  0000000140014bf0 f   mfc100d:mfc100d.dll
 0001:00013bf6       ?IsIdleMessage@CWinThread@@UEAAHPEAUtagMSG@@@Z 0000000140014bf6 f   mfc100d:mfc100d.dll
 0001:00013bfc       ?ExitInstance@CWinApp@@UEAAHXZ 0000000140014bfc f   mfc100d:mfc100d.dll
 0001:00013c02       ?ProcessWndProcException@CWinApp@@UEAA_JPEAVCException@@PEBUtagMSG@@@Z 0000000140014c02 f   mfc100d:mfc100d.dll
 0001:00013c08       ?ProcessMessageFilter@CWinThread@@UEAAHHPEAUtagMSG@@@Z 0000000140014c08 f   mfc100d:mfc100d.dll
 0001:00013c0e       ?GetMainWnd@CWinThread@@UEAAPEAVCWnd@@XZ 0000000140014c0e f   mfc100d:mfc100d.dll
 0001:00013c14       ?Delete@CWinThread@@UEAAXXZ 0000000140014c14 f   mfc100d:mfc100d.dll
 0001:00013c1a       ?GetProfileIntA@CWinApp@@UEAAIPEBD0H@Z 0000000140014c1a f   mfc100d:mfc100d.dll
 0001:00013c20       ?WriteProfileInt@CWinApp@@UEAAHPEBD0H@Z 0000000140014c20 f   mfc100d:mfc100d.dll
 0001:00013c26       ?GetProfileStringA@CWinApp@@UEAA?AV?$CStringT@DV?$StrTraitMFC_DLL@DV?$ChTraitsCRT@D@ATL@@@@@ATL@@PEBD00@Z 0000000140014c26 f   mfc100d:mfc100d.dll
 0001:00013c2c       ?WriteProfileStringA@CWinApp@@UEAAHPEBD00@Z 0000000140014c2c f   mfc100d:mfc100d.dll
 0001:00013c32       ?GetProfileBinary@CWinApp@@UEAAHPEBD0PEAPEAEPEAI@Z 0000000140014c32 f   mfc100d:mfc100d.dll
 0001:00013c38       ?WriteProfileBinary@CWinApp@@UEAAHPEBD0PEAEI@Z 0000000140014c38 f   mfc100d:mfc100d.dll
 0001:00013c3e       ?InitLibId@CWinApp@@UEAAXXZ 0000000140014c3e f   mfc100d:mfc100d.dll
 0001:00013c44       ?Register@CWinApp@@UEAAHXZ 0000000140014c44 f   mfc100d:mfc100d.dll
 0001:00013c4a       ?Unregister@CWinApp@@UEAAHXZ 0000000140014c4a f   mfc100d:mfc100d.dll
 0001:00013c50       ?OpenDocumentFile@CWinApp@@UEAAPEAVCDocument@@PEBDH@Z 0000000140014c50 f   mfc100d:mfc100d.dll
 0001:00013c56       ?OpenDocumentFile@CWinApp@@UEAAPEAVCDocument@@PEBD@Z 0000000140014c56 f   mfc100d:mfc100d.dll
 0001:00013c5c       ?AddToRecentFileList@CWinApp@@UEAAXPEBD@Z 0000000140014c5c f   mfc100d:mfc100d.dll
 0001:00013c62       ?InitApplication@CWinApp@@UEAAHXZ 0000000140014c62 f   mfc100d:mfc100d.dll
 0001:00013c68       ?SaveAllModified@CWinApp@@UEAAHXZ 0000000140014c68 f   mfc100d:mfc100d.dll
 0001:00013c6e       ?DoMessageBox@CWinApp@@UEAAHPEBDII@Z 0000000140014c6e f   mfc100d:mfc100d.dll
 0001:00013c74       ?DoWaitCursor@CWinApp@@UEAAXH@Z 0000000140014c74 f   mfc100d:mfc100d.dll
 0001:00013c7a       ?OnDDECommand@CWinApp@@UEAAHPEAD@Z 0000000140014c7a f   mfc100d:mfc100d.dll
 0001:00013c80       ?WinHelpA@CWinApp@@UEAAX_KI@Z 0000000140014c80 f   mfc100d:mfc100d.dll
 0001:00013c86       ?HtmlHelpA@CWinApp@@UEAAX_KI@Z 0000000140014c86 f   mfc100d:mfc100d.dll
 0001:00013c8c       ?WinHelpInternal@CWinApp@@UEAAX_KI@Z 0000000140014c8c f   mfc100d:mfc100d.dll
 0001:00013c92       ?RegisterWithRestartManager@CWinApp@@UEAAJPEB_WKP6AKPEAX@Z1KK@Z 0000000140014c92 f   mfc100d:mfc100d.dll
 0001:00013c98       ?RegisterWithRestartManager@CWinApp@@UEAAJHAEBV?$CStringT@DV?$StrTraitMFC_DLL@DV?$ChTraitsCRT@D@ATL@@@@@ATL@@@Z 0000000140014c98 f   mfc100d:mfc100d.dll
 0001:00013c9e       ?ApplicationRecoveryCallback@CWinApp@@UEAAKPEAX@Z 0000000140014c9e f   mfc100d:mfc100d.dll
 0001:00013ca4       ?GetDataRecoveryHandler@CWinApp@@UEAAPEAVCDataRecoveryHandler@@XZ 0000000140014ca4 f   mfc100d:mfc100d.dll
 0001:00013caa       ?IsTaskbarInteractionEnabled@CWinApp@@UEAAHXZ 0000000140014caa f   mfc100d:mfc100d.dll
 0001:00013cb0       ?RestartInstance@CWinApp@@UEAAHXZ 0000000140014cb0 f   mfc100d:mfc100d.dll
 0001:00013cb6       ?LoadAppLangResourceDLL@CWinApp@@UEAAPEAUHINSTANCE__@@XZ 0000000140014cb6 f   mfc100d:mfc100d.dll
 0001:00013cbc       ?LoadSysPolicies@CWinApp@@UEAAHXZ 0000000140014cbc f   mfc100d:mfc100d.dll
 0001:00013cc2       ??3CObject@@SAXPEAX@Z      0000000140014cc2 f   mfc100d:mfc100d.dll
 0001:00013cc8       ??1CWinApp@@UEAA@XZ        0000000140014cc8 f   mfc100d:mfc100d.dll
 0001:00013cce       ?DoModal@CDialog@@UEAA_JXZ 0000000140014cce f   mfc100d:mfc100d.dll
 0001:00013cd4       ?AfxEnableControlContainer@@YAXPEAVCOccManager@@@Z 0000000140014cd4 f   mfc100d:mfc100d.dll
 0001:00013cda       ??1CDialog@@UEAA@XZ        0000000140014cda f   mfc100d:mfc100d.dll
 0001:00013ce0       ??1CStatic@@UEAA@XZ        0000000140014ce0 f   mfc100d:mfc100d.dll
 0001:00013ce6       ??1CEdit@@UEAA@XZ          0000000140014ce6 f   mfc100d:mfc100d.dll
 0001:00013cec       ??1CButton@@UEAA@XZ        0000000140014cec f   mfc100d:mfc100d.dll
 0001:00013cf2       ??1CComboBox@@UEAA@XZ      0000000140014cf2 f   mfc100d:mfc100d.dll
 0001:00013cf8       ??1?$CStringT@DV?$StrTraitMFC_DLL@DV?$ChTraitsCRT@D@ATL@@@@@ATL@@QEAA@XZ 0000000140014cf8 f   mfc100d:mfc100d.dll
 0001:00013cfe       ??0CDialog@@QEAA@IPEAVCWnd@@@Z 0000000140014cfe f   mfc100d:mfc100d.dll
 0001:00013d04       ?GetRuntimeClass@CDialog@@UEBAPEAUCRuntimeClass@@XZ 0000000140014d04 f   mfc100d:mfc100d.dll
 0001:00013d0a       ?AssertValid@CDialog@@UEBAXXZ 0000000140014d0a f   mfc100d:mfc100d.dll
 0001:00013d10       ?Dump@CDialog@@UEBAXAEAVCDumpContext@@@Z 0000000140014d10 f   mfc100d:mfc100d.dll
 0001:00013d16       ?OnCmdMsg@CDialog@@UEAAHIHPEAXPEAUAFX_CMDHANDLERINFO@@@Z 0000000140014d16 f   mfc100d:mfc100d.dll
 0001:00013d1c       ?OnFinalRelease@CWnd@@UEAAXXZ 0000000140014d1c f   mfc100d:mfc100d.dll
 0001:00013d22       ?GetInterfaceMap@CWnd@@MEBAPEBUAFX_INTERFACEMAP@@XZ 0000000140014d22 f   mfc100d:mfc100d.dll
 0001:00013d28       ?PreSubclassWindow@CWnd@@UEAAXXZ 0000000140014d28 f   mfc100d:mfc100d.dll
 0001:00013d2e       ?Create@CWnd@@UEAAHPEBD0KAEBUtagRECT@@PEAV1@IPEAUCCreateContext@@@Z 0000000140014d2e f   mfc100d:mfc100d.dll
 0001:00013d34       ?CreateEx@CWnd@@UEAAHKPEBD0KAEBUtagRECT@@PEAV1@IPEAX@Z 0000000140014d34 f   mfc100d:mfc100d.dll
 0001:00013d3a       ?CreateEx@CWnd@@UEAAHKPEBD0KHHHHPEAUHWND__@@PEAUHMENU__@@PEAX@Z 0000000140014d3a f   mfc100d:mfc100d.dll
 0001:00013d40       ?DestroyWindow@CWnd@@UEAAHXZ 0000000140014d40 f   mfc100d:mfc100d.dll
 0001:00013d46       ?PreCreateWindow@CWnd@@UEAAHAEAUtagCREATESTRUCTA@@@Z 0000000140014d46 f   mfc100d:mfc100d.dll
 0001:00013d4c       ?CalcWindowRect@CWnd@@UEAAXPEAUtagRECT@@I@Z 0000000140014d4c f   mfc100d:mfc100d.dll
 0001:00013d52       ?GetMenu@CWnd@@UEBAPEAVCMenu@@XZ 0000000140014d52 f   mfc100d:mfc100d.dll
 0001:00013d58       ?SetMenu@CWnd@@UEAAHPEAVCMenu@@@Z 0000000140014d58 f   mfc100d:mfc100d.dll
 0001:00013d5e       ?OnToolHitTest@CWnd@@UEBA_JVCPoint@@PEAUtagTOOLINFOA@@@Z 0000000140014d5e f   mfc100d:mfc100d.dll
 0001:00013d64       ?GetScrollBarCtrl@CWnd@@UEBAPEAVCScrollBar@@H@Z 0000000140014d64 f   mfc100d:mfc100d.dll
 0001:00013d6a       ?WinHelpA@CWnd@@UEAAX_KI@Z 0000000140014d6a f   mfc100d:mfc100d.dll
 0001:00013d70       ?HtmlHelpA@CWnd@@UEAAX_KI@Z 0000000140014d70 f   mfc100d:mfc100d.dll
 0001:00013d76       ?WinHelpInternal@CWnd@@UEAAX_KI@Z 0000000140014d76 f   mfc100d:mfc100d.dll
 0001:00013d7c       ?ContinueModal@CWnd@@UEAAHXZ 0000000140014d7c f   mfc100d:mfc100d.dll
 0001:00013d82       ?EndModalLoop@CWnd@@UEAAXH@Z 0000000140014d82 f   mfc100d:mfc100d.dll
 0001:00013d88       ?OnDrawIconicThumbnailOrLivePreview@CWnd@@UEAAXAEAVCDC@@VCRect@@VCSize@@HAEAH@Z 0000000140014d88 f   mfc100d:mfc100d.dll
 0001:00013d8e       ?EnsureStdObj@CWnd@@UEAAJXZ 0000000140014d8e f   mfc100d:mfc100d.dll
 0001:00013d94       ?get_accParent@CWnd@@UEAAJPEAPEAUIDispatch@@@Z 0000000140014d94 f   mfc100d:mfc100d.dll
 0001:00013d9a       ?get_accChildCount@CWnd@@UEAAJPEAJ@Z 0000000140014d9a f   mfc100d:mfc100d.dll
 0001:00013da0       ?get_accChild@CWnd@@UEAAJUtagVARIANT@@PEAPEAUIDispatch@@@Z 0000000140014da0 f   mfc100d:mfc100d.dll
 0001:00013da6       ?get_accName@CWnd@@UEAAJUtagVARIANT@@PEAPEA_W@Z 0000000140014da6 f   mfc100d:mfc100d.dll
 0001:00013dac       ?get_accValue@CWnd@@UEAAJUtagVARIANT@@PEAPEA_W@Z 0000000140014dac f   mfc100d:mfc100d.dll
 0001:00013db2       ?get_accDescription@CWnd@@UEAAJUtagVARIANT@@PEAPEA_W@Z 0000000140014db2 f   mfc100d:mfc100d.dll
 0001:00013db8       ?get_accRole@CWnd@@UEAAJUtagVARIANT@@PEAU2@@Z 0000000140014db8 f   mfc100d:mfc100d.dll
 0001:00013dbe       ?get_accState@CWnd@@UEAAJUtagVARIANT@@PEAU2@@Z 0000000140014dbe f   mfc100d:mfc100d.dll
 0001:00013dc4       ?get_accHelp@CWnd@@UEAAJUtagVARIANT@@PEAPEA_W@Z 0000000140014dc4 f   mfc100d:mfc100d.dll
 0001:00013dca       ?get_accHelpTopic@CWnd@@UEAAJPEAPEA_WUtagVARIANT@@PEAJ@Z 0000000140014dca f   mfc100d:mfc100d.dll
 0001:00013dd0       ?get_accKeyboardShortcut@CWnd@@UEAAJUtagVARIANT@@PEAPEA_W@Z 0000000140014dd0 f   mfc100d:mfc100d.dll
 0001:00013dd6       ?get_accFocus@CWnd@@UEAAJPEAUtagVARIANT@@@Z 0000000140014dd6 f   mfc100d:mfc100d.dll
 0001:00013ddc       ?get_accSelection@CWnd@@UEAAJPEAUtagVARIANT@@@Z 0000000140014ddc f   mfc100d:mfc100d.dll
 0001:00013de2       ?get_accDefaultAction@CWnd@@UEAAJUtagVARIANT@@PEAPEA_W@Z 0000000140014de2 f   mfc100d:mfc100d.dll
 0001:00013de8       ?accSelect@CWnd@@UEAAJJUtagVARIANT@@@Z 0000000140014de8 f   mfc100d:mfc100d.dll
 0001:00013dee       ?accLocation@CWnd@@UEAAJPEAJ000UtagVARIANT@@@Z 0000000140014dee f   mfc100d:mfc100d.dll
 0001:00013df4       ?accNavigate@CWnd@@UEAAJJUtagVARIANT@@PEAU2@@Z 0000000140014df4 f   mfc100d:mfc100d.dll
 0001:00013dfa       ?accHitTest@CWnd@@UEAAJJJPEAUtagVARIANT@@@Z 0000000140014dfa f   mfc100d:mfc100d.dll
 0001:00013e00       ?accDoDefaultAction@CWnd@@UEAAJUtagVARIANT@@@Z 0000000140014e00 f   mfc100d:mfc100d.dll
 0001:00013e06       ?put_accName@CWnd@@UEAAJUtagVARIANT@@PEA_W@Z 0000000140014e06 f   mfc100d:mfc100d.dll
 0001:00013e0c       ?put_accValue@CWnd@@UEAAJUtagVARIANT@@PEA_W@Z 0000000140014e0c f   mfc100d:mfc100d.dll
 0001:00013e12       ?SetProxy@CWnd@@UEAAJPEAUIAccessibleProxy@@@Z 0000000140014e12 f   mfc100d:mfc100d.dll
 0001:00013e18       ?CreateAccessibleProxy@CWnd@@UEAAJ_K_JPEA_J@Z 0000000140014e18 f   mfc100d:mfc100d.dll
 0001:00013e1e       ?OnCommand@CWnd@@MEAAH_K_J@Z 0000000140014e1e f   mfc100d:mfc100d.dll
 0001:00013e24       ?OnNotify@CWnd@@MEAAH_K_JPEA_J@Z 0000000140014e24 f   mfc100d:mfc100d.dll
 0001:00013e2a       ?GetSuperWndProcAddr@CWnd@@MEAAPEAP6A_JPEAUHWND__@@I_K_J@ZXZ 0000000140014e2a f   mfc100d:mfc100d.dll
 0001:00013e30       ?BeginModalState@CWnd@@UEAAXXZ 0000000140014e30 f   mfc100d:mfc100d.dll
 0001:00013e36       ?EndModalState@CWnd@@UEAAXXZ 0000000140014e36 f   mfc100d:mfc100d.dll
 0001:00013e3c       ?PreTranslateMessage@CDialog@@UEAAHPEAUtagMSG@@@Z 0000000140014e3c f   mfc100d:mfc100d.dll
 0001:00013e42       ?OnAmbientProperty@CWnd@@UEAAHPEAVCOleControlSite@@JPEAUtagVARIANT@@@Z 0000000140014e42 f   mfc100d:mfc100d.dll
 0001:00013e48       ?WindowProc@CWnd@@MEAA_JI_K_J@Z 0000000140014e48 f   mfc100d:mfc100d.dll
 0001:00013e4e       ?OnWndMsg@CWnd@@MEAAHI_K_JPEA_J@Z 0000000140014e4e f   mfc100d:mfc100d.dll
 0001:00013e54       ?DefWindowProcA@CWnd@@MEAA_JI_K_J@Z 0000000140014e54 f   mfc100d:mfc100d.dll
[...]
 0005:000041e8       __imp_?get_accRole@CWnd@@UEAAJUtagVARIANT@@PEAU2@@Z 00000001745671e8     mfc100d:mfc100d.dll
 0005:000041f0       __imp_?get_accValue@CWnd@@UEAAJUtagVARIANT@@PEAPEA_W@Z 00000001745671f0     mfc100d:mfc100d.dll
 0005:000041f8       __imp_?get_accName@CWnd@@UEAAJUtagVARIANT@@PEAPEA_W@Z 00000001745671f8     mfc100d:mfc100d.dll
 0005:00004200       __imp_?get_accChild@CWnd@@UEAAJUtagVARIANT@@PEAPEAUIDispatch@@@Z 0000000174567200     mfc100d:mfc100d.dll
 0005:00004208       __imp_?get_accChildCount@CWnd@@UEAAJPEAJ@Z 0000000174567208     mfc100d:mfc100d.dll
 0005:00004210       __imp_?get_accParent@CWnd@@UEAAJPEAPEAUIDispatch@@@Z 0000000174567210     mfc100d:mfc100d.dll
 0005:00004218       __imp_?EnsureStdObj@CWnd@@UEAAJXZ 0000000174567218     mfc100d:mfc100d.dll
 0005:00004220       __imp_?OnDrawIconicThumbnailOrLivePreview@CWnd@@UEAAXAEAVCDC@@VCRect@@VCSize@@HAEAH@Z 0000000174567220     mfc100d:mfc100d.dll
 0005:00004228       __imp_?EndModalLoop@CWnd@@UEAAXH@Z 0000000174567228     mfc100d:mfc100d.dll
 0005:00004230       __imp_?ContinueModal@CWnd@@UEAAHXZ 0000000174567230     mfc100d:mfc100d.dll
 0005:00004238       __imp_?WinHelpInternal@CWnd@@UEAAX_KI@Z 0000000174567238     mfc100d:mfc100d.dll
 0005:00004240       __imp_?HtmlHelpA@CWnd@@UEAAX_KI@Z 0000000174567240     mfc100d:mfc100d.dll
 0005:00004248       __imp_?WinHelpA@CWnd@@UEAAX_KI@Z 0000000174567248     mfc100d:mfc100d.dll
 0005:00004250       __imp_?GetScrollBarCtrl@CWnd@@UEBAPEAVCScrollBar@@H@Z 0000000174567250     mfc100d:mfc100d.dll
 0005:00004258       __imp_?OnToolHitTest@CWnd@@UEBA_JVCPoint@@PEAUtagTOOLINFOA@@@Z 0000000174567258     mfc100d:mfc100d.dll
 0005:00004260       __imp_?SetMenu@CWnd@@UEAAHPEAVCMenu@@@Z 0000000174567260     mfc100d:mfc100d.dll
 0005:00004268       __imp_?GetMenu@CWnd@@UEBAPEAVCMenu@@XZ 0000000174567268     mfc100d:mfc100d.dll
 0005:00004270       __imp_?CalcWindowRect@CWnd@@UEAAXPEAUtagRECT@@I@Z 0000000174567270     mfc100d:mfc100d.dll
 0005:00004278       __imp_?PreCreateWindow@CWnd@@UEAAHAEAUtagCREATESTRUCTA@@@Z 0000000174567278     mfc100d:mfc100d.dll
 0005:00004280       __imp_?DestroyWindow@CWnd@@UEAAHXZ 0000000174567280     mfc100d:mfc100d.dll
 0005:00004288       __imp_?CreateEx@CWnd@@UEAAHKPEBD0KHHHHPEAUHWND__@@PEAUHMENU__@@PEAX@Z 0000000174567288     mfc100d:mfc100d.dll
 0005:00004290       __imp_?CreateEx@CWnd@@UEAAHKPEBD0KAEBUtagRECT@@PEAV1@IPEAX@Z 0000000174567290     mfc100d:mfc100d.dll
 0005:00004298       __imp_?Create@CWnd@@UEAAHPEBD0KAEBUtagRECT@@PEAV1@IPEAUCCreateContext@@@Z 0000000174567298     mfc100d:mfc100d.dll
 0005:000042a0       __imp_?PreSubclassWindow@CWnd@@UEAAXXZ 00000001745672a0     mfc100d:mfc100d.dll
 0005:000042a8       __imp_?GetInterfaceMap@CWnd@@MEBAPEBUAFX_INTERFACEMAP@@XZ 00000001745672a8     mfc100d:mfc100d.dll
 0005:000042b0       __imp_?OnFinalRelease@CWnd@@UEAAXXZ 00000001745672b0     mfc100d:mfc100d.dll
 0005:000042b8       __imp_?OnCmdMsg@CDialog@@UEAAHIHPEAXPEAUAFX_CMDHANDLERINFO@@@Z 00000001745672b8     mfc100d:mfc100d.dll
 0005:000042c0       __imp_?Dump@CDialog@@UEBAXAEAVCDumpContext@@@Z 00000001745672c0     mfc100d:mfc100d.dll
 0005:000042c8       __imp_?AssertValid@CDialog@@UEBAXXZ 00000001745672c8     mfc100d:mfc100d.dll
 0005:000042d0       __imp_?GetRuntimeClass@CDialog@@UEBAPEAUCRuntimeClass@@XZ 00000001745672d0     mfc100d:mfc100d.dll
 0005:000042d8       __imp_??0CDialog@@QEAA@IPEAVCWnd@@@Z 00000001745672d8     mfc100d:mfc100d.dll
 0005:000042e0       __imp_??1?$CStringT@DV?$StrTraitMFC_DLL@DV?$ChTraitsCRT@D@ATL@@@@@ATL@@QEAA@XZ 00000001745672e0     mfc100d:mfc100d.dll
 0005:000042e8       __imp_??1CComboBox@@UEAA@XZ 00000001745672e8     mfc100d:mfc100d.dll
 0005:000042f0       __imp_??1CButton@@UEAA@XZ  00000001745672f0     mfc100d:mfc100d.dll
 0005:000042f8       __imp_??1CEdit@@UEAA@XZ    00000001745672f8     mfc100d:mfc100d.dll
 0005:00004300       __imp_??1CStatic@@UEAA@XZ  0000000174567300     mfc100d:mfc100d.dll
 0005:00004308       __imp_??1CDialog@@UEAA@XZ  0000000174567308     mfc100d:mfc100d.dll
 0005:00004310       __imp_?AfxEnableControlContainer@@YAXPEAVCOccManager@@@Z 0000000174567310     mfc100d:mfc100d.dll
 0005:00004318       __imp_?DoModal@CDialog@@UEAA_JXZ 0000000174567318     mfc100d:mfc100d.dll
 0005:00004320       __imp_??1CWinApp@@UEAA@XZ  0000000174567320     mfc100d:mfc100d.dll
 0005:00004328       __imp_??3CObject@@SAXPEAX@Z 0000000174567328     mfc100d:mfc100d.dll
 0005:00004330       __imp_?LoadSysPolicies@CWinApp@@UEAAHXZ 0000000174567330     mfc100d:mfc100d.dll
 0005:00004338       __imp_?LoadAppLangResourceDLL@CWinApp@@UEAAPEAUHINSTANCE__@@XZ 0000000174567338     mfc100d:mfc100d.dll
 0005:00004340       __imp_?RestartInstance@CWinApp@@UEAAHXZ 0000000174567340     mfc100d:mfc100d.dll
 0005:00004348       __imp_?IsTaskbarInteractionEnabled@CWinApp@@UEAAHXZ 0000000174567348     mfc100d:mfc100d.dll
 0005:00004350       __imp_?GetDataRecoveryHandler@CWinApp@@UEAAPEAVCDataRecoveryHandler@@XZ 0000000174567350     mfc100d:mfc100d.dll
 0005:00004358       __imp_?ApplicationRecoveryCallback@CWinApp@@UEAAKPEAX@Z 0000000174567358     mfc100d:mfc100d.dll
 0005:00004360       __imp_?RegisterWithRestartManager@CWinApp@@UEAAJHAEBV?$CStringT@DV?$StrTraitMFC_DLL@DV?$ChTraitsCRT@D@ATL@@@@@ATL@@@Z 0000000174567360     mfc100d:mfc100d.dll
 0005:00004368       __imp_?RegisterWithRestartManager@CWinApp@@UEAAJPEB_WKP6AKPEAX@Z1KK@Z 0000000174567368     mfc100d:mfc100d.dll
 0005:00004370       __imp_?WinHelpInternal@CWinApp@@UEAAX_KI@Z 0000000174567370     mfc100d:mfc100d.dll
 0005:00004378       __imp_?HtmlHelpA@CWinApp@@UEAAX_KI@Z 0000000174567378     mfc100d:mfc100d.dll
 0005:00004380       __imp_?WinHelpA@CWinApp@@UEAAX_KI@Z 0000000174567380     mfc100d:mfc100d.dll
 0005:00004388       __imp_?OnDDECommand@CWinApp@@UEAAHPEAD@Z 0000000174567388     mfc100d:mfc100d.dll
 0005:00004390       __imp_?DoWaitCursor@CWinApp@@UEAAXH@Z 0000000174567390     mfc100d:mfc100d.dll
 0005:00004398       __imp_?DoMessageBox@CWinApp@@UEAAHPEBDII@Z 0000000174567398     mfc100d:mfc100d.dll
 0005:000043a0       __imp_?SaveAllModified@CWinApp@@UEAAHXZ 00000001745673a0     mfc100d:mfc100d.dll
 0005:000043a8       __imp_?InitApplication@CWinApp@@UEAAHXZ 00000001745673a8     mfc100d:mfc100d.dll
 0005:000043b0       __imp_?AddToRecentFileList@CWinApp@@UEAAXPEBD@Z 00000001745673b0     mfc100d:mfc100d.dll
 0005:000043b8       __imp_?OpenDocumentFile@CWinApp@@UEAAPEAVCDocument@@PEBD@Z 00000001745673b8     mfc100d:mfc100d.dll
 0005:000043c0       __imp_?OpenDocumentFile@CWinApp@@UEAAPEAVCDocument@@PEBDH@Z 00000001745673c0     mfc100d:mfc100d.dll
 0005:000043c8       __imp_?Unregister@CWinApp@@UEAAHXZ 00000001745673c8     mfc100d:mfc100d.dll
 0005:000043d0       __imp_?Register@CWinApp@@UEAAHXZ 00000001745673d0     mfc100d:mfc100d.dll
 0005:000043d8       __imp_?InitLibId@CWinApp@@UEAAXXZ 00000001745673d8     mfc100d:mfc100d.dll
 0005:000043e0       __imp_?WriteProfileBinary@CWinApp@@UEAAHPEBD0PEAEI@Z 00000001745673e0     mfc100d:mfc100d.dll
 0005:000043e8       __imp_?GetProfileBinary@CWinApp@@UEAAHPEBD0PEAPEAEPEAI@Z 00000001745673e8     mfc100d:mfc100d.dll
 0005:000043f0       __imp_?WriteProfileStringA@CWinApp@@UEAAHPEBD00@Z 00000001745673f0     mfc100d:mfc100d.dll
 0005:000043f8       __imp_?GetProfileStringA@CWinApp@@UEAA?AV?$CStringT@DV?$StrTraitMFC_DLL@DV?$ChTraitsCRT@D@ATL@@@@@ATL@@PEBD00@Z 00000001745673f8     mfc100d:mfc100d.dll
 0005:00004400       __imp_?WriteProfileInt@CWinApp@@UEAAHPEBD0H@Z 0000000174567400     mfc100d:mfc100d.dll
 0005:00004408       __imp_??2@YAPEAX_KPEBDH@Z  0000000174567408     mfc100d:mfc100d.dll
 0005:00004410       __imp_??0CMenu@@QEAA@XZ    0000000174567410     mfc100d:mfc100d.dll
 0005:00004418       __imp_?LoadMenuA@CMenu@@QEAAHI@Z 0000000174567418     mfc100d:mfc100d.dll
 0005:00004420       __imp_?GetSubMenu@CMenu@@QEBAPEAV1@H@Z 0000000174567420     mfc100d:mfc100d.dll
 0005:00004428       __imp_?SetForegroundWindow@CWnd@@QEAAHXZ 0000000174567428     mfc100d:mfc100d.dll
 0005:00004430       __imp_?TrackPopupMenu@CMenu@@QEAAHIHHPEAVCWnd@@PEBUtagRECT@@@Z 0000000174567430     mfc100d:mfc100d.dll
 0005:00004438       __imp_?PostMessageA@CWnd@@QEAAHI_K_J@Z 0000000174567438     mfc100d:mfc100d.dll
 0005:00004440       __imp_?DestroyMenu@CMenu@@QEAAHXZ 0000000174567440     mfc100d:mfc100d.dll
 0005:00004448       __imp_??1CMenu@@UEAA@XZ    0000000174567448     mfc100d:mfc100d.dll
 0005:00004450       __imp_?DDX_Control@@YAXPEAVCDataExchange@@HAEAVCWnd@@@Z 0000000174567450     mfc100d:mfc100d.dll
 0005:00004458       __imp_??0CStatic@@QEAA@XZ  0000000174567458     mfc100d:mfc100d.dll
 0005:00004460       __imp_??0?$CStringT@DV?$StrTraitMFC_DLL@DV?$ChTraitsCRT@D@ATL@@@@@ATL@@QEAA@XZ 0000000174567460     mfc100d:mfc100d.dll
 0005:00004468       __imp_??0CButton@@QEAA@XZ  0000000174567468     mfc100d:mfc100d.dll
 0005:00004470       __imp_?GetProfileIntA@CWinApp@@UEAAIPEBD0H@Z 0000000174567470     mfc100d:mfc100d.dll
 0005:00004478       __imp_?Delete@CWinThread@@UEAAXXZ 0000000174567478     mfc100d:mfc100d.dll
 0005:00004480       __imp_?GetMainWnd@CWinThread@@UEAAPEAVCWnd@@XZ 0000000174567480     mfc100d:mfc100d.dll
 0005:00004488       __imp_?ProcessMessageFilter@CWinThread@@UEAAHHPEAUtagMSG@@@Z 0000000174567488     mfc100d:mfc100d.dll
 0005:00004490       __imp_?ProcessWndProcException@CWinApp@@UEAA_JPEAVCException@@PEBUtagMSG@@@Z 0000000174567490     mfc100d:mfc100d.dll
 0005:00004498       __imp_?ExitInstance@CWinApp@@UEAAHXZ 0000000174567498     mfc100d:mfc100d.dll
 0005:000044a0       __imp_?IsIdleMessage@CWinThread@@UEAAHPEAUtagMSG@@@Z 00000001745674a0     mfc100d:mfc100d.dll
 0005:000044a8       __imp_?OnIdle@CWinApp@@UEAAHJ@Z 00000001745674a8     mfc100d:mfc100d.dll
 0005:000044b0       __imp_?PumpMessage@CWinThread@@UEAAHXZ 00000001745674b0     mfc100d:mfc100d.dll
 0005:000044b8       __imp_?PreTranslateMessage@CWinThread@@UEAAHPEAUtagMSG@@@Z 00000001745674b8     mfc100d:mfc100d.dll
 0005:000044c0       __imp_?Run@CWinApp@@UEAAHXZ 00000001745674c0     mfc100d:mfc100d.dll
 0005:000044c8       __imp_?GetConnectionHook@CCmdTarget@@MEAAPEAUIConnectionPoint@@AEBU_GUID@@@Z 00000001745674c8     mfc100d:mfc100d.dll
 0005:000044d0       __imp_?GetExtraConnectionPoints@CCmdTarget@@MEAAHPEAVCPtrArray@@@Z 00000001745674d0     mfc100d:mfc100d.dll
 0005:000044d8       __imp_?GetInterfaceHook@CCmdTarget@@UEAAPEAUIUnknown@@PEBX@Z 00000001745674d8     mfc100d:mfc100d.dll
 0005:000044e0       __imp_?OnCreateAggregates@CCmdTarget@@UEAAHXZ 00000001745674e0     mfc100d:mfc100d.dll
 0005:000044e8       __imp_?GetEventSinkMap@CCmdTarget@@MEBAPEBUAFX_EVENTSINKMAP@@XZ 00000001745674e8     mfc100d:mfc100d.dll
 0005:000044f0       __imp_?GetInterfaceMap@CCmdTarget@@MEBAPEBUAFX_INTERFACEMAP@@XZ 00000001745674f0     mfc100d:mfc100d.dll
 0005:000044f8       __imp_?GetConnectionMap@CCmdTarget@@MEBAPEBUAFX_CONNECTIONMAP@@XZ 00000001745674f8     mfc100d:mfc100d.dll
 0005:00004500       __imp_?AfxWinMain@@YAHPEAUHINSTANCE__@@0PEADH@Z 0000000174567500     mfc100d:mfc100d.dll
 0005:00004508       __imp_?GetDispatchMap@CCmdTarget@@MEBAPEBUAFX_DISPMAP@@XZ 0000000174567508     mfc100d:mfc100d.dll
 0005:00004510       __imp_?GetCommandMap@CCmdTarget@@MEBAPEBUAFX_OLECMDMAP@@XZ 0000000174567510     mfc100d:mfc100d.dll
 0005:00004518       __imp_?GetTypeLib@CCmdTarget@@UEAAJKPEAPEAUITypeLib@@@Z 0000000174567518     mfc100d:mfc100d.dll
 0005:00004520       __imp_?EnableMenuItem@CMenu@@QEAAIII@Z 0000000174567520     mfc100d:mfc100d.dll
 0005:00004528       __imp_?SetIcon@CWnd@@QEAAPEAUHICON__@@PEAU2@H@Z 0000000174567528     mfc100d:mfc100d.dll
 0005:00004530       __imp_?GetBuffer@?$CSimpleStringT@D$00@ATL@@QEAAPEADXZ 0000000174567530     mfc100d:mfc100d.dll
 0005:00004538       __imp_?Format@?$CStringT@DV?$StrTraitMFC_DLL@DV?$ChTraitsCRT@D@ATL@@@@@ATL@@QEAAXPEBDZZ 0000000174567538     mfc100d:mfc100d.dll
 0005:00004540       __imp_?GetClientRect@CWnd@@QEBAXPEAUtagRECT@@@Z 0000000174567540     mfc100d:mfc100d.dll
 0005:00004548       __imp_?AfxGetInstanceHandle@@YAPEAUHINSTANCE__@@XZ 0000000174567548     mfc100d:mfc100d.dll
 0005:00004550       __imp_?EndDialog@CDialog@@QEAAXH@Z 0000000174567550     mfc100d:mfc100d.dll
 0005:00004558       __imp_?SetTimer@CWnd@@QEAA_K_KIP6AXPEAUHWND__@@I0K@Z@Z 0000000174567558     mfc100d:mfc100d.dll
 0005:00004560       __imp_?ModifyStyle@CWnd@@QEAAHKKI@Z 0000000174567560     mfc100d:mfc100d.dll
 0005:00004568       __imp_?ShowWindow@CWnd@@QEAAHH@Z 0000000174567568     mfc100d:mfc100d.dll
 0005:00004570       __imp_?GetDlgItem@CWnd@@QEBAPEAV1@H@Z 0000000174567570     mfc100d:mfc100d.dll
 0005:00004578       __imp_?MoveWindow@CWnd@@QEAAXHHHHH@Z 0000000174567578     mfc100d:mfc100d.dll
 0005:00004580       __imp_??3@YAXPEAXPEBDH@Z   0000000174567580     mfc100d:mfc100d.dll
 0005:00004588       __imp_?Left@?$CStringT@DV?$StrTraitMFC_DLL@DV?$ChTraitsCRT@D@ATL@@@@@ATL@@QEBA?AV12@H@Z 0000000174567588     mfc100d:mfc100d.dll
 0005:00004590       __imp_??0CFileFind@@QEAA@XZ 0000000174567590     mfc100d:mfc100d.dll
 0005:00004598       __imp_?FindFile@CFileFind@@UEAAHPEBDK@Z 0000000174567598     mfc100d:mfc100d.dll
 0005:000045a0       __imp_?FindNextFileA@CFileFind@@UEAAHXZ 00000001745675a0     mfc100d:mfc100d.dll
 0005:000045a8       __imp_?IsDots@CFileFind@@UEBAHXZ 00000001745675a8     mfc100d:mfc100d.dll
 0005:000045b0       __imp_?EndModalState@CWnd@@UEAAXXZ 00000001745675b0     mfc100d:mfc100d.dll
 0005:000045b8       __imp_?IsDirectory@CFileFind@@QEBAHXZ 00000001745675b8     mfc100d:mfc100d.dll
 0005:000045c0       __imp_??2@YAPEAX_K@Z       00000001745675c0     mfc100d:mfc100d.dll
 0005:000045c8       __imp_?GetTypeLibCache@CCmdTarget@@UEAAPEAVCTypeLibCache@@XZ 00000001745675c8     mfc100d:mfc100d.dll
 0005:000045d0       __imp_?GetTypeInfoCount@CCmdTarget@@UEAAIXZ 00000001745675d0     mfc100d:mfc100d.dll
 0005:000045d8       __imp_?GetDispatchIID@CCmdTarget@@UEAAHPEAU_GUID@@@Z 00000001745675d8     mfc100d:mfc100d.dll
 0005:000045e0       __imp_?IsInvokeAllowed@CCmdTarget@@UEAAHJ@Z 00000001745675e0     mfc100d:mfc100d.dll
 0005:000045e8       __imp_?OnFinalRelease@CCmdTarget@@UEAAXXZ 00000001745675e8     mfc100d:mfc100d.dll
 0005:000045f0       __imp_?OnCmdMsg@CCmdTarget@@UEAAHIHPEAXPEAUAFX_CMDHANDLERINFO@@@Z 00000001745675f0     mfc100d:mfc100d.dll
 0005:000045f8       __imp_?Dump@CWinApp@@UEBAXAEAVCDumpContext@@@Z 00000001745675f8     mfc100d:mfc100d.dll
 0005:00004600       __imp_?AssertValid@CWinApp@@UEBAXXZ 0000000174567600     mfc100d:mfc100d.dll
 0005:00004608       __imp_?Serialize@CObject@@UEAAXAEAVCArchive@@@Z 0000000174567608     mfc100d:mfc100d.dll
 0005:00004610       __imp_?GetRuntimeClass@CWinApp@@UEBAPEAUCRuntimeClass@@XZ 0000000174567610     mfc100d:mfc100d.dll
 0005:00004618       __imp_??0CWinApp@@QEAA@PEBD@Z 0000000174567618     mfc100d:mfc100d.dll
 0005:00004620       __imp_?GetThisMessageMap@CWinApp@@KAPEBUAFX_MSGMAP@@XZ 0000000174567620     mfc100d:mfc100d.dll
 0005:00004628       __imp_??3@YAXPEAX@Z        0000000174567628     mfc100d:mfc100d.dll
 0005:00004630       __imp_?AfxAssertFailedLine@@YAHPEBDH@Z 0000000174567630     mfc100d:mfc100d.dll
 0005:00004638       __imp_??0?$CStringT@DV?$StrTraitMFC_DLL@DV?$ChTraitsCRT@D@ATL@@@@@ATL@@QEAA@AEBV01@@Z 0000000174567638     mfc100d:mfc100d.dll
 0005:00004640       __imp_??Y?$CStringT@DV?$StrTraitMFC_DLL@DV?$ChTraitsCRT@D@ATL@@@@@ATL@@QEAAAEAV01@AEBV?$CSimpleStringT@D$00@1@@Z 0000000174567640     mfc100d:mfc100d.dll
 0005:00004648       __imp_?SetWindowTextA@CWnd@@QEAAXPEBD@Z 0000000174567648     mfc100d:mfc100d.dll
 0005:00004650       __imp_?GetLength@?$CSimpleStringT@D$00@ATL@@QEBAHXZ 0000000174567650     mfc100d:mfc100d.dll
 0005:00004658       __imp_??0CFile@@QEAA@XZ    0000000174567658     mfc100d:mfc100d.dll
 0005:00004660       __imp_??B?$CSimpleStringT@D$00@ATL@@QEBAPEBDXZ 0000000174567660     mfc100d:mfc100d.dll
 0005:00004668       __imp_?Open@CFile@@UEAAHPEBDIPEAVCFileException@@@Z 0000000174567668     mfc100d:mfc100d.dll
 0005:00004670       __imp_?Write@CFile@@UEAAXPEBXI@Z 0000000174567670     mfc100d:mfc100d.dll
 0005:00004678       __imp_?put_accValue@CWnd@@UEAAJUtagVARIANT@@PEA_W@Z 0000000174567678     mfc100d:mfc100d.dll
 0005:00004680       __imp_?Close@CFile@@UEAAXXZ 0000000174567680     mfc100d:mfc100d.dll
 0005:00004688       __imp_??0CEdit@@QEAA@XZ    0000000174567688     mfc100d:mfc100d.dll
 0005:00004690       __imp_??0CComboBox@@QEAA@XZ 0000000174567690     mfc100d:mfc100d.dll
 0005:00004698       __imp_??0?$CStringT@DV?$StrTraitMFC_DLL@DV?$ChTraitsCRT@D@ATL@@@@@ATL@@QEAA@PEBD@Z 0000000174567698     mfc100d:mfc100d.dll
 0005:000046a0       __imp_?AfxGetApp@@YAPEAVCWinApp@@XZ 00000001745676a0     mfc100d:mfc100d.dll
 0005:000046a8       __imp_?LoadIconA@CWinApp@@QEBAPEAUHICON__@@I@Z 00000001745676a8     mfc100d:mfc100d.dll
 0005:000046b0       __imp_??4?$CStringT@DV?$StrTraitMFC_DLL@DV?$ChTraitsCRT@D@ATL@@@@@ATL@@QEAAAEAV01@PEBD@Z 00000001745676b0     mfc100d:mfc100d.dll
 0005:000046b8       __imp_?GetThisMessageMap@CDialog@@KAPEBUAFX_MSGMAP@@XZ 00000001745676b8     mfc100d:mfc100d.dll
 0005:000046c0       __imp_?DoDataExchange@CWnd@@MEAAXPEAVCDataExchange@@@Z 00000001745676c0     mfc100d:mfc100d.dll
 0005:000046c8       __imp_?PreInitDialog@CDialog@@MEAAXXZ 00000001745676c8     mfc100d:mfc100d.dll
 0005:000046d0       __imp_?OnCancel@CDialog@@MEAAXXZ 00000001745676d0     mfc100d:mfc100d.dll
 0005:000046d8       __imp_?OnOK@CDialog@@MEAAXXZ 00000001745676d8     mfc100d:mfc100d.dll
 0005:000046e0       __imp_?OnSetFont@CDialog@@UEAAXPEAVCFont@@@Z 00000001745676e0     mfc100d:mfc100d.dll
 0005:000046e8       __imp_?OnInitDialog@CDialog@@UEAAHXZ 00000001745676e8     mfc100d:mfc100d.dll
 0005:000046f0       __imp_?CreateIndirect@CDialog@@UEAAHPEBUDLGTEMPLATE@@PEAVCWnd@@PEAX@Z 00000001745676f0     mfc100d:mfc100d.dll
 0005:000046f8       __imp_?CreateIndirect@CDialog@@UEAAHPEAXPEAVCWnd@@@Z 00000001745676f8     mfc100d:mfc100d.dll
 0005:00004700       __imp_?Create@CDialog@@UEAAHPEBDPEAVCWnd@@@Z 0000000174567700     mfc100d:mfc100d.dll
 0005:00004708       __imp_?Create@CDialog@@UEAAHIPEAVCWnd@@@Z 0000000174567708     mfc100d:mfc100d.dll
 0005:00004710       __imp_?GetOccDialogInfo@CDialog@@MEAAPEAU_AFX_OCC_DIALOG_INFO@@XZ 0000000174567710     mfc100d:mfc100d.dll
 0005:00004718       __imp_?SetOccDialogInfo@CDialog@@MEAAHPEAU_AFX_OCC_DIALOG_INFO@@@Z 0000000174567718     mfc100d:mfc100d.dll
 0005:00004720       __imp_?CreateControlSite@CWnd@@MEAAHPEAVCOleControlContainer@@PEAPEAVCOleControlSite@@IAEBU_GUID@@@Z 0000000174567720     mfc100d:mfc100d.dll
 0005:00004728       __imp_?CreateControlContainer@CWnd@@MEAAHPEAPEAVCOleControlContainer@@@Z 0000000174567728     mfc100d:mfc100d.dll
 0005:00004730       __imp_?IsFrameWnd@CWnd@@UEBAHXZ 0000000174567730     mfc100d:mfc100d.dll
 0005:00004738       __imp_?CheckAutoCenter@CDialog@@UEAAHXZ 0000000174567738     mfc100d:mfc100d.dll
 0005:00004740       __imp_?OnGesturePressAndTap@CWnd@@MEAAHVCPoint@@J@Z 0000000174567740     mfc100d:mfc100d.dll
 0005:00004748       __imp_?OnGestureTwoFingerTap@CWnd@@MEAAHVCPoint@@@Z 0000000174567748     mfc100d:mfc100d.dll
 0005:00004750       __imp_?OnGestureRotate@CWnd@@MEAAHVCPoint@@N@Z 0000000174567750     mfc100d:mfc100d.dll
 0005:00004758       __imp_?BeginModalState@CWnd@@UEAAXXZ 0000000174567758     mfc100d:mfc100d.dll
 0005:00004760       __imp_?OnGesturePan@CWnd@@MEAAHVCPoint@@0@Z 0000000174567760     mfc100d:mfc100d.dll
 0005:00004768       __imp_?get_accDescription@CWnd@@UEAAJUtagVARIANT@@PEAPEA_W@Z 0000000174567768     mfc100d:mfc100d.dll
 0005:00004770       __imp_?AfxGetModuleState@@YAPEAVAFX_MODULE_STATE@@XZ 0000000174567770     mfc100d:mfc100d.dll
 0005:00004778       \177mfc100d_NULL_THUNK_DATA 0000000174567778     mfc100d:mfc100d.dll
 0005:000049d0       __imp_CreateStreamOnHGlobal 00000001745679d0     ole32:ole32.dll
 0005:000049d8       \177ole32_NULL_THUNK_DATA  00000001745679d8     ole32:ole32.dll

 entry point at        0001:00014a30

